Product: MDK Plus 5.37
Component: ARM Compiler 5.04 update 1 (build 49)
Tool: armlink [5040049]

==============================================================================

Section Cross References

    gd32f4xx_it.o(i.SysTick_Handler) refers to systick.o(i.delay_decrement) for delay_decrement
    main.o(i.led_spark) refers to led.o(i.gd_eval_led_on) for gd_eval_led_on
    main.o(i.led_spark) refers to led.o(i.gd_eval_led_off) for gd_eval_led_off
    main.o(i.led_spark) refers to main.o(.data) for timingdelaylocal
    main.o(i.main) refers to function.o(i.AUTO_Threshod_Init) for AUTO_Threshod_Init
    main.o(i.main) refers to systick.o(i.systick_config) for systick_config
    main.o(i.main) refers to timer.o(i.timer_config) for timer_config
    main.o(i.main) refers to led.o(i.gd_eval_led_init) for gd_eval_led_init
    main.o(i.main) refers to usart0.o(i.gd_eval_com_init) for gd_eval_com_init
    main.o(i.main) refers to beep.o(i.BEEP_Init) for BEEP_Init
    main.o(i.main) refers to beep.o(i.BEEP_Install) for BEEP_Install
    main.o(i.main) refers to zigbee_uart3.o(i.ZigBee_UART3_init) for ZigBee_UART3_init
    main.o(i.main) refers to uart4_lcd.o(i.UART4_Lcd_Init) for UART4_Lcd_Init
    main.o(i.main) refers to esp8266.o(i.UART6_ESP8266_Init) for UART6_ESP8266_Init
    main.o(i.main) refers to irda.o(i.USART5_IrDA_Init) for USART5_IrDA_Init
    main.o(i.main) refers to multitimer.o(i.MultiTimerInstall) for MultiTimerInstall
    main.o(i.main) refers to multitimer.o(i.MultiTimerStart) for MultiTimerStart
    main.o(i.main) refers to multitimer.o(i.MultiTimerYield) for MultiTimerYield
    main.o(i.main) refers to function.o(i.UART_Lcd_Task) for UART_Lcd_Task
    main.o(i.main) refers to function.o(i.Change_mode) for Change_mode
    main.o(i.main) refers to memcpya.o(.text) for __aeabi_memcpy4
    main.o(i.main) refers to function.o(i.Get_Val) for Get_Val
    main.o(i.main) refers to function.o(i.IrDA_Send_Recevice) for IrDA_Send_Recevice
    main.o(i.main) refers to multitimer.o(i.systick_get) for systick_get
    main.o(i.main) refers to multitimer.o(i.timer1_callback) for timer1_callback
    main.o(i.main) refers to multitimer.o(.bss) for tim1
    main.o(i.main) refers to multitimer.o(i.timer2_callback) for timer2_callback
    main.o(i.main) refers to function.o(.bss) for Auto_Threshod
    main.o(i.main) refers to irda.o(.bss) for IrDA_Buff
    systick.o(i.delay_1ms) refers to systick.o(.data) for delay
    systick.o(i.delay_decrement) refers to systick.o(.data) for delay
    systick.o(i.systick_config) refers to systick.o(i.NVIC_SetPriority) for NVIC_SetPriority
    systick.o(i.systick_config) refers to system_gd32f4xx.o(.data) for SystemCoreClock
    function.o(i.AUTO_Threshod_Init) refers to function.o(.bss) for Auto_Threshod
    function.o(i.Change_mode) refers to printf8.o(i.__0printf$8) for __2printf
    function.o(i.ESP8266_Send_Recevice) refers to systick.o(i.delay_1ms) for delay_1ms
    function.o(i.ESP8266_Send_Recevice) refers to esp8266.o(i.Send_ESP8266_String) for Send_ESP8266_String
    function.o(i.ESP8266_Send_Recevice) refers to printf8.o(i.__0printf$8) for __2printf
    function.o(i.ESP8266_Send_Recevice) refers to memseta.o(.text) for __aeabi_memclr4
    function.o(i.ESP8266_Send_Recevice) refers to esp8266.o(.bss) for ESP8266_Buff
    function.o(i.Get_Val) refers to printf8.o(i.__0sprintf$8) for __2sprintf
    function.o(i.Get_Val) refers to memseta.o(.text) for __aeabi_memclr
    function.o(i.Get_Val) refers to zigbee_uart3.o(i.UART3_DMA_Send) for UART3_DMA_Send
    function.o(i.Get_Val) refers to printf8.o(i.__0printf$8) for __2printf
    function.o(i.Get_Val) refers to multitimer.o(.data) for Zibgbee_sendtime
    function.o(i.Get_Val) refers to function.o(.data) for Run_flag
    function.o(i.Get_Val) refers to zigbee_uart3.o(.bss) for UART3_Tx_DMA_buffer
    function.o(i.IrDA_Send_Recevice) refers to printf8.o(i.__0printf$8) for __2printf
    function.o(i.LED_Install) refers to led.o(i.gd_eval_led_on) for gd_eval_led_on
    function.o(i.LED_Install) refers to led.o(i.gd_eval_led_off) for gd_eval_led_off
    function.o(i.LED_Install) refers to systick.o(i.delay_1ms) for delay_1ms
    function.o(i.UART_Lcd_Task) refers to _scanf_int.o(.text) for _scanf_int
    function.o(i.UART_Lcd_Task) refers to memseta.o(.text) for __aeabi_memclr4
    function.o(i.UART_Lcd_Task) refers to uart4_lcd.o(i.Lcd_Read) for Lcd_Read
    function.o(i.UART_Lcd_Task) refers to strstr.o(.text) for strstr
    function.o(i.UART_Lcd_Task) refers to printf8.o(i.__0printf$8) for __2printf
    function.o(i.UART_Lcd_Task) refers to __0sscanf.o(.text) for __0sscanf
    function.o(i.UART_Lcd_Task) refers to function.o(.data) for Lcd_reccompare
    system_gd32f4xx.o(i.SystemCoreClockUpdate) refers to system_gd32f4xx.o(.data) for SystemCoreClock
    system_gd32f4xx.o(i.SystemInit) refers to system_gd32f4xx.o(i.system_clock_config) for system_clock_config
[...]
    Removing gd32f4xx_usart.o(i.usart_hardware_flow_coherence_config), (24 bytes).
    Removing gd32f4xx_usart.o(i.usart_hardware_flow_cts_config), (20 bytes).
    Removing gd32f4xx_usart.o(i.usart_hardware_flow_rts_config), (20 bytes).
    Removing gd32f4xx_usart.o(i.usart_interrupt_disable), (26 bytes).
    Removing gd32f4xx_usart.o(i.usart_invert_config), (104 bytes).
    Removing gd32f4xx_usart.o(i.usart_irda_lowpower_config), (20 bytes).
    Removing gd32f4xx_usart.o(i.usart_irda_mode_disable), (10 bytes).
    Removing gd32f4xx_usart.o(i.usart_irda_mode_enable), (10 bytes).
    Removing gd32f4xx_usart.o(i.usart_lin_break_detection_length_config), (20 bytes).
    Removing gd32f4xx_usart.o(i.usart_lin_mode_disable), (10 bytes).
    Removing gd32f4xx_usart.o(i.usart_lin_mode_enable), (10 bytes).
    Removing gd32f4xx_usart.o(i.usart_mute_mode_disable), (10 bytes).
    Removing gd32f4xx_usart.o(i.usart_mute_mode_enable), (10 bytes).
    Removing gd32f4xx_usart.o(i.usart_mute_mode_wakeup_config), (16 bytes).
    Removing gd32f4xx_usart.o(i.usart_oversample_config), (16 bytes).
    Removing gd32f4xx_usart.o(i.usart_parity_check_coherence_config), (24 bytes).
    Removing gd32f4xx_usart.o(i.usart_prescaler_config), (16 bytes).
    Removing gd32f4xx_usart.o(i.usart_receiver_timeout_disable), (14 bytes).
    Removing gd32f4xx_usart.o(i.usart_receiver_timeout_enable), (14 bytes).
    Removing gd32f4xx_usart.o(i.usart_receiver_timeout_threshold_config), (20 bytes).
    Removing gd32f4xx_usart.o(i.usart_sample_bit_config), (16 bytes).
    Removing gd32f4xx_usart.o(i.usart_send_break), (10 bytes).
    Removing gd32f4xx_usart.o(i.usart_smartcard_autoretry_config), (26 bytes).
    Removing gd32f4xx_usart.o(i.usart_smartcard_mode_disable), (10 bytes).
    Removing gd32f4xx_usart.o(i.usart_smartcard_mode_enable), (10 bytes).
    Removing gd32f4xx_usart.o(i.usart_smartcard_mode_nack_disable), (10 bytes).
    Removing gd32f4xx_usart.o(i.usart_smartcard_mode_nack_enable), (10 bytes).
    Removing gd32f4xx_usart.o(i.usart_synchronous_clock_config), (30 bytes).
    Removing gd32f4xx_usart.o(i.usart_synchronous_clock_disable), (10 bytes).
    Removing gd32f4xx_usart.o(i.usart_synchronous_clock_enable), (10 bytes).
    Removing gd32f4xx_wwdgt.o(.rev16_text), (4 bytes).
    Removing gd32f4xx_wwdgt.o(.revsh_text), (4 bytes).
    Removing gd32f4xx_wwdgt.o(i.wwdgt_config), (28 bytes).
    Removing gd32f4xx_wwdgt.o(i.wwdgt_counter_update), (16 bytes).
    Removing gd32f4xx_wwdgt.o(i.wwdgt_deinit), (20 bytes).
    Removing gd32f4xx_wwdgt.o(i.wwdgt_enable), (20 bytes).
    Removing gd32f4xx_wwdgt.o(i.wwdgt_flag_clear), (12 bytes).
    Removing gd32f4xx_wwdgt.o(i.wwdgt_flag_get), (24 bytes).
    Removing gd32f4xx_wwdgt.o(i.wwdgt_interrupt_enable), (20 bytes).
    Removing startup_gd32f450_470.o(HEAP), (1024 bytes).
    Removing led.o(.rev16_text), (4 bytes).
    Removing led.o(.revsh_text), (4 bytes).
    Removing led.o(i.gd_eval_led_off), (24 bytes).
    Removing led.o(i.gd_eval_led_on), (24 bytes).
    Removing led.o(i.gd_eval_led_toggle), (24 bytes).
    Removing beep.o(.rev16_text), (4 bytes).
    Removing beep.o(.revsh_text), (4 bytes).
    Removing key.o(.rev16_text), (4 bytes).
    Removing key.o(.revsh_text), (4 bytes).
    Removing key.o(i.gd_eval_key_init), (128 bytes).
    Removing key.o(i.gd_eval_key_state_get), (32 bytes).
    Removing key.o(.data), (68 bytes).
    Removing usart0.o(.rev16_text), (4 bytes).
    Removing usart0.o(.revsh_text), (4 bytes).
    Removing usart0.o(i.USART0_Send_Byte), (32 bytes).
    Removing usart0.o(i.USART0_Send_String), (24 bytes).
    Removing usart0.o(i.fgetc), (32 bytes).
    Removing zigbee_uart3.o(.rev16_text), (4 bytes).
    Removing zigbee_uart3.o(.revsh_text), (4 bytes).
    Removing multitimer.o(.rev16_text), (4 bytes).
    Removing multitimer.o(.revsh_text), (4 bytes).
    Removing multitimer.o(i.MultiTimerStop), (36 bytes).
    Removing timer.o(.rev16_text), (4 bytes).
    Removing timer.o(.revsh_text), (4 bytes).
    Removing uart4_lcd.o(.rev16_text), (4 bytes).
    Removing uart4_lcd.o(.revsh_text), (4 bytes).
    Removing uart4_lcd.o(i.Lcd_Cmd), (82 bytes).
    Removing uart4_lcd.o(i.UART4_Send_Byte), (32 bytes).
    Removing uart4_lcd.o(i.UART4_Send_String), (24 bytes).
    Removing esp8266.o(.rev16_text), (4 bytes).
    Removing esp8266.o(.revsh_text), (4 bytes).
    Removing esp8266.o(i.Send_ESP8266_String), (44 bytes).
    Removing irda.o(.rev16_text), (4 bytes).
    Removing irda.o(.revsh_text), (4 bytes).
    Removing irda.o(i.Send_IrDA_String), (44 bytes).
    Removing dadd.o(.text), (334 bytes).
    Removing dmul.o(.text), (228 bytes).
    Removing ddiv.o(.text), (222 bytes).
    Removing dfixul.o(.text), (48 bytes).
    Removing cdrcmple.o(.text), (40 bytes).
    Removing depilogue.o(.text), (182 bytes).

920 unused section(s) (total 55256 bytes) removed from the image.

==============================================================================

Image Symbol Table

    Local Symbols

    Symbol Name                              Value     Ov Type        Size  Object(Section)

    ../clib/microlib/ctype/ctype.c           0x00000000   Number         0  ctype_c.o ABSOLUTE
    ../clib/microlib/ctype/ctype.c           0x00000000   Number         0  isspace_c.o ABSOLUTE
    ../clib/microlib/division.c              0x00000000   Number         0  uidiv.o ABSOLUTE
    ../clib/microlib/division.c              0x00000000   Number         0  uldiv.o ABSOLUTE
    ../clib/microlib/init/entry.s            0x00000000   Number         0  entry11a.o ABSOLUTE
    ../clib/microlib/init/entry.s            0x00000000   Number         0  entry5.o ABSOLUTE
    ../clib/microlib/init/entry.s            0x00000000   Number         0  entry10b.o ABSOLUTE
    ../clib/microlib/init/entry.s            0x00000000   Number         0  entry11b.o ABSOLUTE
    ../clib/microlib/init/entry.s            0x00000000   Number         0  entry2.o ABSOLUTE
    ../clib/microlib/init/entry.s            0x00000000   Number         0  entry10a.o ABSOLUTE
    ../clib/microlib/init/entry.s            0x00000000   Number         0  entry9b.o ABSOLUTE
    ../clib/microlib/init/entry.s            0x00000000   Number         0  entry9a.o ABSOLUTE
    ../clib/microlib/init/entry.s            0x00000000   Number         0  entry8b.o ABSOLUTE
    ../clib/microlib/init/entry.s            0x00000000   Number         0  entry.o ABSOLUTE
    ../clib/microlib/init/entry.s            0x00000000   Number         0  entry8a.o ABSOLUTE
    ../clib/microlib/init/entry.s            0x00000000   Number         0  entry7b.o ABSOLUTE
    ../clib/microlib/init/entry.s            0x00000000   Number         0  entry7a.o ABSOLUTE
    ../clib/microlib/longlong.c              0x00000000   Number         0  llushr.o ABSOLUTE
    ../clib/microlib/longlong.c              0x00000000   Number         0  llsshr.o ABSOLUTE
    ../clib/microlib/longlong.c              0x00000000   Number         0  llshl.o ABSOLUTE
    ../clib/microlib/printf/printf.c         0x00000000   Number         0  printf7.o ABSOLUTE
    ../clib/microlib/printf/printf.c         0x00000000   Number         0  printf4.o ABSOLUTE
    ../clib/microlib/printf/printf.c         0x00000000   Number         0  printf8.o ABSOLUTE
    ../clib/microlib/printf/printf.c         0x00000000   Number         0  printf1.o ABSOLUTE
    ../clib/microlib/printf/printf.c         0x00000000   Number         0  printf0.o ABSOLUTE
    ../clib/microlib/printf/printf.c         0x00000000   Number         0  printf6.o ABSOLUTE
    ../clib/microlib/printf/printf.c         0x00000000   Number         0  printfb.o ABSOLUTE
    ../clib/microlib/printf/printf.c         0x00000000   Number         0  printf5.o ABSOLUTE
    ../clib/microlib/printf/printf.c         0x00000000   Number         0  printf2.o ABSOLUTE
    ../clib/microlib/printf/printf.c         0x00000000   Number         0  printf3.o ABSOLUTE
    ../clib/microlib/printf/printf.c         0x00000000   Number         0  printfa.o ABSOLUTE
    ../clib/microlib/printf/stubs.s          0x00000000   Number         0  stubs.o ABSOLUTE
    ../clib/microlib/stdio/streams.c         0x00000000   Number         0  stdout.o ABSOLUTE
    ../clib/microlib/string/memcpy.c         0x00000000   Number         0  memcpyb.o ABSOLUTE
    ../clib/microlib/string/memcpy.c         0x00000000   Number         0  memcpya.o ABSOLUTE
    ../clib/microlib/string/memset.c         0x00000000   Number         0  memseta.o ABSOLUTE
    ../clib/microlib/string/strcpy.c         0x00000000   Number         0  strcpy.o ABSOLUTE
    ../clib/microlib/string/strlen.c         0x00000000   Number         0  strlen.o ABSOLUTE
    ../clib/microlib/string/strstr.c         0x00000000   Number         0  strstr.o ABSOLUTE
    ../clib/microlib/stubs.s                 0x00000000   Number         0  iusefp.o ABSOLUTE
    ../clib/scanf.c                          0x00000000   Number         0  _chval.o ABSOLUTE
    ../clib/scanf.c                          0x00000000   Number         0  scanf_char.o ABSOLUTE
    ../clib/scanf.c                          0x00000000   Number         0  _sgetc.o ABSOLUTE
    ../clib/scanf.c                          0x00000000   Number         0  _scanf_int.o ABSOLUTE
    ../clib/scanf.c                          0x00000000   Number         0  _scanf.o ABSOLUTE
    ../clib/scanf.c                          0x00000000   Number         0  __0sscanf.o ABSOLUTE
    ../fplib/microlib/fpadd.c                0x00000000   Number         0  dadd.o ABSOLUTE
    ../fplib/microlib/fpdiv.c                0x00000000   Number         0  ddiv.o ABSOLUTE
    ../fplib/microlib/fpepilogue.c           0x00000000   Number         0  depilogue.o ABSOLUTE
    ../fplib/microlib/fpfix.c                0x00000000   Number         0  dfixul.o ABSOLUTE
    ../fplib/microlib/fpmul.c                0x00000000   Number         0  dmul.o ABSOLUTE
    ..\..\Firmware\CMSIS\GD\GD32F4xx\Source\ARM\startup_gd32f450_470.s 0x00000000   Number         0  startup_gd32f450_470.o ABSOLUTE
    ..\..\Firmware\CMSIS\GD\GD32F4xx\Source\system_gd32f4xx.c 0x00000000   Number         0  system_gd32f4xx.o ABSOLUTE
    ..\..\Firmware\GD32F4xx_standard_peripheral\Source\gd32f4xx_adc.c 0x00000000   Number         0  gd32f4xx_adc.o ABSOLUTE
    ..\..\Firmware\GD32F4xx_standard_peripheral\Source\gd32f4xx_can.c 0x00000000   Number         0  gd32f4xx_can.o ABSOLUTE
    ..\..\Firmware\GD32F4xx_standard_peripheral\Source\gd32f4xx_crc.c 0x00000000   Number         0  gd32f4xx_crc.o ABSOLUTE
    ..\..\Firmware\GD32F4xx_standard_peripheral\Source\gd32f4xx_ctc.c 0x00000000   Number         0  gd32f4xx_ctc.o ABSOLUTE
    ..\..\Firmware\GD32F4xx_standard_peripheral\Source\gd32f4xx_dac.c 0x00000000   Number         0  gd32f4xx_dac.o ABSOLUTE
    ..\..\Firmware\GD32F4xx_standard_peripheral\Source\gd32f4xx_dbg.c 0x00000000   Number         0  gd32f4xx_dbg.o ABSOLUTE
    ..\..\Firmware\GD32F4xx_standard_peripheral\Source\gd32f4xx_dci.c 0x00000000   Number         0  gd32f4xx_dci.o ABSOLUTE
    ..\..\Firmware\GD32F4xx_standard_peripheral\Source\gd32f4xx_dma.c 0x00000000   Number         0  gd32f4xx_dma.o ABSOLUTE
    ..\..\Firmware\GD32F4xx_standard_peripheral\Source\gd32f4xx_enet.c 0x00000000   Number         0  gd32f4xx_enet.o ABSOLUTE
    ..\..\Firmware\GD32F4xx_standard_peripheral\Source\gd32f4xx_exmc.c 0x00000000   Number         0  gd32f4xx_exmc.o ABSOLUTE
    ..\..\Firmware\GD32F4xx_standard_peripheral\Source\gd32f4xx_exti.c 0x00000000   Number         0  gd32f4xx_exti.o ABSOLUTE
    ..\..\Firmware\GD32F4xx_standard_peripheral\Source\gd32f4xx_fmc.c 0x00000000   Number         0  gd32f4xx_fmc.o ABSOLUTE
    ..\..\Firmware\GD32F4xx_standard_peripheral\Source\gd32f4xx_fwdgt.c 0x00000000   Number         0  gd32f4xx_fwdgt.o ABSOLUTE
    ..\..\Firmware\GD32F4xx_standard_peripheral\Source\gd32f4xx_gpio.c 0x00000000   Number         0  gd32f4xx_gpio.o ABSOLUTE
    ..\..\Firmware\GD32F4xx_standard_peripheral\Source\gd32f4xx_i2c.c 0x00000000   Number         0  gd32f4xx_i2c.o ABSOLUTE
    ..\..\Firmware\GD32F4xx_standard_peripheral\Source\gd32f4xx_ipa.c 0x00000000   Number         0  gd32f4xx_ipa.o ABSOLUTE
    ..\..\Firmware\GD32F4xx_standard_peripheral\Source\gd32f4xx_iref.c 0x00000000   Number         0  gd32f4xx_iref.o ABSOLUTE
    ..\..\Firmware\GD32F4xx_standard_peripheral\Source\gd32f4xx_misc.c 0x00000000   Number         0  gd32f4xx_misc.o ABSOLUTE
    ..\..\Firmware\GD32F4xx_standard_peripheral\Source\gd32f4xx_pmu.c 0x00000000   Number         0  gd32f4xx_pmu.o ABSOLUTE
    ..\..\Firmware\GD32F4xx_standard_peripheral\Source\gd32f4xx_rcu.c 0x00000000   Number         0  gd32f4xx_rcu.o ABSOLUTE
    ..\..\Firmware\GD32F4xx_standard_peripheral\Source\gd32f4xx_rtc.c 0x00000000   Number         0  gd32f4xx_rtc.o ABSOLUTE
    ..\..\Firmware\GD32F4xx_standard_peripheral\Source\gd32f4xx_sdio.c 0x00000000   Number         0  gd32f4xx_sdio.o ABSOLUTE
    ..\..\Firmware\GD32F4xx_standard_peripheral\Source\gd32f4xx_spi.c 0x00000000   Number         0  gd32f4xx_spi.o ABSOLUTE
    ..\..\Firmware\GD32F4xx_standard_peripheral\Source\gd32f4xx_syscfg.c 0x00000000   Number         0  gd32f4xx_syscfg.o ABSOLUTE
    ..\..\Firmware\GD32F4xx_standard_peripheral\Source\gd32f4xx_timer.c 0x00000000   Number         0  gd32f4xx_timer.o ABSOLUTE
    ..\..\Firmware\GD32F4xx_standard_peripheral\Source\gd32f4xx_tli.c 0x00000000   Number         0  gd32f4xx_tli.o ABSOLUTE
    ..\..\Firmware\GD32F4xx_standard_peripheral\Source\gd32f4xx_trng.c 0x00000000   Number         0  gd32f4xx_trng.o ABSOLUTE
    ..\..\Firmware\GD32F4xx_standard_peripheral\Source\gd32f4xx_usart.c 0x00000000   Number         0  gd32f4xx_usart.o ABSOLUTE
    ..\..\Firmware\GD32F4xx_standard_peripheral\Source\gd32f4xx_wwdgt.c 0x00000000   Number         0  gd32f4xx_wwdgt.o ABSOLUTE
    ..\..\HardWare\BEEP.c                    0x00000000   Number         0  beep.o ABSOLUTE
    ..\..\HardWare\ESP8266.c                 0x00000000   Number         0  esp8266.o ABSOLUTE
    ..\..\HardWare\IrDA.c                    0x00000000   Number         0  irda.o ABSOLUTE
    ..\..\HardWare\KEY.c                     0x00000000   Number         0  key.o ABSOLUTE
    ..\..\HardWare\LED.c                     0x00000000   Number         0  led.o ABSOLUTE
    ..\..\HardWare\MultiTimer.c              0x00000000   Number         0  multitimer.o ABSOLUTE
    ..\..\HardWare\Timer.c                   0x00000000   Number         0  timer.o ABSOLUTE
    ..\..\HardWare\UART4_Lcd.c               0x00000000   Number         0  uart4_lcd.o ABSOLUTE
    ..\..\HardWare\USART0.c                  0x00000000   Number         0  usart0.o ABSOLUTE
    ..\..\HardWare\ZigBee_UART3.c            0x00000000   Number         0  zigbee_uart3.o ABSOLUTE
    ..\\..\\Firmware\\CMSIS\\GD\\GD32F4xx\\Source\\system_gd32f4xx.c 0x00000000   Number         0  system_gd32f4xx.o ABSOLUTE
    ..\\..\\Firmware\\GD32F4xx_standard_peripheral\\Source\\gd32f4xx_adc.c 0x00000000   Number         0  gd32f4xx_adc.o ABSOLUTE
    ..\\..\\Firmware\\GD32F4xx_standard_peripheral\\Source\\gd32f4xx_can.c 0x00000000   Number         0  gd32f4xx_can.o ABSOLUTE
    ..\\..\\Firmware\\GD32F4xx_standard_peripheral\\Source\\gd32f4xx_crc.c 0x00000000   Number         0  gd32f4xx_crc.o ABSOLUTE
    ..\\..\\Firmware\\GD32F4xx_standard_peripheral\\Source\\gd32f4xx_ctc.c 0x00000000   Number         0  gd32f4xx_ctc.o ABSOLUTE
    ..\\..\\Firmware\\GD32F4xx_standard_peripheral\\Source\\gd32f4xx_dac.c 0x00000000   Number         0  gd32f4xx_dac.o ABSOLUTE
    ..\\..\\Firmware\\GD32F4xx_standard_peripheral\\Source\\gd32f4xx_dbg.c 0x00000000   Number         0  gd32f4xx_dbg.o ABSOLUTE
    ..\\..\\Firmware\\GD32F4xx_standard_peripheral\\Source\\gd32f4xx_dci.c 0x00000000   Number         0  gd32f4xx_dci.o ABSOLUTE
    ..\\..\\Firmware\\GD32F4xx_standard_peripheral\\Source\\gd32f4xx_dma.c 0x00000000   Number         0  gd32f4xx_dma.o ABSOLUTE
    ..\\..\\Firmware\\GD32F4xx_standard_peripheral\\Source\\gd32f4xx_enet.c 0x00000000   Number         0  gd32f4xx_enet.o ABSOLUTE
    ..\\..\\Firmware\\GD32F4xx_standard_peripheral\\Source\\gd32f4xx_exmc.c 0x00000000   Number         0  gd32f4xx_exmc.o ABSOLUTE
    ..\\..\\Firmware\\GD32F4xx_standard_peripheral\\Source\\gd32f4xx_exti.c 0x00000000   Number         0  gd32f4xx_exti.o ABSOLUTE
    ..\\..\\Firmware\\GD32F4xx_standard_peripheral\\Source\\gd32f4xx_fmc.c 0x00000000   Number         0  gd32f4xx_fmc.o ABSOLUTE
    ..\\..\\Firmware\\GD32F4xx_standard_peripheral\\Source\\gd32f4xx_fwdgt.c 0x00000000   Number         0  gd32f4xx_fwdgt.o ABSOLUTE
    ..\\..\\Firmware\\GD32F4xx_standard_peripheral\\Source\\gd32f4xx_gpio.c 0x00000000   Number         0  gd32f4xx_gpio.o ABSOLUTE
    ..\\..\\Firmware\\GD32F4xx_standard_peripheral\\Source\\gd32f4xx_i2c.c 0x00000000   Number         0  gd32f4xx_i2c.o ABSOLUTE
    ..\\..\\Firmware\\GD32F4xx_standard_peripheral\\Source\\gd32f4xx_ipa.c 0x00000000   Number         0  gd32f4xx_ipa.o ABSOLUTE
    ..\\..\\Firmware\\GD32F4xx_standard_peripheral\\Source\\gd32f4xx_iref.c 0x00000000   Number         0  gd32f4xx_iref.o ABSOLUTE
    ..\\..\\Firmware\\GD32F4xx_standard_peripheral\\Source\\gd32f4xx_misc.c 0x00000000   Number         0  gd32f4xx_misc.o ABSOLUTE
    ..\\..\\Firmware\\GD32F4xx_standard_peripheral\\Source\\gd32f4xx_pmu.c 0x00000000   Number         0  gd32f4xx_pmu.o ABSOLUTE
    ..\\..\\Firmware\\GD32F4xx_standard_peripheral\\Source\\gd32f4xx_rcu.c 0x00000000   Number         0  gd32f4xx_rcu.o ABSOLUTE
    ..\\..\\Firmware\\GD32F4xx_standard_peripheral\\Source\\gd32f4xx_rtc.c 0x00000000   Number         0  gd32f4xx_rtc.o ABSOLUTE
    ..\\..\\Firmware\\GD32F4xx_standard_peripheral\\Source\\gd32f4xx_sdio.c 0x00000000   Number         0  gd32f4xx_sdio.o ABSOLUTE
    ..\\..\\Firmware\\GD32F4xx_standard_peripheral\\Source\\gd32f4xx_spi.c 0x00000000   Number         0  gd32f4xx_spi.o ABSOLUTE
    ..\\..\\Firmware\\GD32F4xx_standard_peripheral\\Source\\gd32f4xx_syscfg.c 0x00000000   Number         0  gd32f4xx_syscfg.o ABSOLUTE
    ..\\..\\Firmware\\GD32F4xx_standard_peripheral\\Source\\gd32f4xx_timer.c 0x00000000   Number         0  gd32f4xx_timer.o ABSOLUTE
    ..\\..\\Firmware\\GD32F4xx_standard_peripheral\\Source\\gd32f4xx_tli.c 0x00000000   Number         0  gd32f4xx_tli.o ABSOLUTE
    ..\\..\\Firmware\\GD32F4xx_standard_peripheral\\Source\\gd32f4xx_trng.c 0x00000000   Number         0  gd32f4xx_trng.o ABSOLUTE
    ..\\..\\Firmware\\GD32F4xx_standard_peripheral\\Source\\gd32f4xx_usart.c 0x00000000   Number         0  gd32f4xx_usart.o ABSOLUTE
    ..\\..\\Firmware\\GD32F4xx_standard_peripheral\\Source\\gd32f4xx_wwdgt.c 0x00000000   Number         0  gd32f4xx_wwdgt.o ABSOLUTE
    ..\\..\\HardWare\\BEEP.c                 0x00000000   Number         0  beep.o ABSOLUTE
    ..\\..\\HardWare\\ESP8266.c              0x00000000   Number         0  esp8266.o ABSOLUTE
    ..\\..\\HardWare\\IrDA.c                 0x00000000   Number         0  irda.o ABSOLUTE
    ..\\..\\HardWare\\KEY.c                  0x00000000   Number         0  key.o ABSOLUTE
    ..\\..\\HardWare\\LED.c                  0x00000000   Number         0  led.o ABSOLUTE
    ..\\..\\HardWare\\MultiTimer.c           0x00000000   Number         0  multitimer.o ABSOLUTE
    ..\\..\\HardWare\\Timer.c                0x00000000   Number         0  timer.o ABSOLUTE
    ..\\..\\HardWare\\UART4_Lcd.c            0x00000000   Number         0  uart4_lcd.o ABSOLUTE
    ..\\..\\HardWare\\USART0.c               0x00000000   Number         0  usart0.o ABSOLUTE
    ..\\..\\HardWare\\ZigBee_UART3.c         0x00000000   Number         0  zigbee_uart3.o ABSOLUTE
    ..\\function.c                           0x00000000   Number         0  function.o ABSOLUTE
    ..\\gd32f4xx_it.c                        0x00000000   Number         0  gd32f4xx_it.o ABSOLUTE
    ..\\main.c                               0x00000000   Number         0  main.o ABSOLUTE
    ..\\systick.c                            0x00000000   Number         0  systick.o ABSOLUTE
    ..\function.c                            0x00000000   Number         0  function.o ABSOLUTE
    ..\gd32f4xx_it.c                         0x00000000   Number         0  gd32f4xx_it.o ABSOLUTE
    ..\main.c                                0x00000000   Number         0  main.o ABSOLUTE
    ..\systick.c                             0x00000000   Number         0  systick.o ABSOLUTE
    cdrcmple.s                               0x00000000   Number         0  cdrcmple.o ABSOLUTE
    dc.s                                     0x00000000   Number         0  dc.o ABSOLUTE
    handlers.s                               0x00000000   Number         0  handlers.o ABSOLUTE
    init.s                                   0x00000000   Number         0  init.o ABSOLUTE
    RESET                                    0x08000000   Section      428  startup_gd32f450_470.o(RESET)
    .ARM.Collect$$$$00000000                 0x080001ac   Section        0  entry.o(.ARM.Collect$$$$00000000)
    .ARM.Collect$$$$00000001                 0x080001ac   Section        4  entry2.o(.ARM.Collect$$$$00000001)
    .ARM.Collect$$$$00000004                 0x080001b0   Section        4  entry5.o(.ARM.Collect$$$$00000004)
    .ARM.Collect$$$$00000008                 0x080001b4   Section        0  entry7b.o(.ARM.Collect$$$$00000008)
    .ARM.Collect$$$$0000000A                 0x080001b4   Section        0  entry8b.o(.ARM.Collect$$$$0000000A)
    .ARM.Collect$$$$0000000B                 0x080001b4   Section        8  entry9a.o(.ARM.Collect$$$$0000000B)
    .ARM.Collect$$$$0000000D                 0x080001bc   Section        0  entry10a.o(.ARM.Collect$$$$0000000D)
    .ARM.Collect$$$$0000000F                 0x080001bc   Section        0  entry11a.o(.ARM.Collect$$$$0000000F)
    .ARM.Collect$$$$00002712                 0x080001bc   Section        4  entry2.o(.ARM.Collect$$$$00002712)
    __lit__00000000                          0x080001bc   Data           4  entry2.o(.ARM.Collect$$$$00002712)
    .text                                    0x080001c0   Section       36  startup_gd32f450_470.o(.text)
    $v0                                      0x080001c0   Number         0  startup_gd32f450_470.o(.text)
    .text                                    0x080001e4   Section        0  memcpya.o(.text)
    .text                                    0x08000208   Section        0  memseta.o(.text)
    .text                                    0x0800022c   Section        0  strstr.o(.text)
    .text                                    0x08000250   Section        0  strcpy.o(.text)
    .text                                    0x08000264   Section        0  __0sscanf.o(.text)
    .text                                    0x0800029c   Section        0  _scanf_int.o(.text)
    .text                                    0x080003e8   Section        0  uldiv.o(.text)
    .text                                    0x0800044a   Section        0  _chval.o(.text)
    .text                                    0x08000468   Section        0  scanf_char.o(.text)
    _scanf_char_input                        0x08000469   Thumb Code    12  scanf_char.o(.text)
    .text                                    0x08000490   Section        0  _sgetc.o(.text)
    .text                                    0x080004d0   Section       36  init.o(.text)
    .text                                    0x080004f4   Section        0  llshl.o(.text)
    .text                                    0x08000512   Section        0  llushr.o(.text)
    .text                                    0x08000532   Section        0  isspace_c.o(.text)
    .text                                    0x0800053c   Section        0  _scanf.o(.text)
    .text                                    0x08000864   Section        0  ctype_c.o(.text)
    i.AUTO_Threshod_Init                     0x0800088c   Section        0  function.o(i.AUTO_Threshod_Init)
    i.BEEP_Init                              0x080008c0   Section        0  beep.o(i.BEEP_Init)
    i.BEEP_Install                           0x080008f8   Section        0  beep.o(i.BEEP_Install)
    i.BusFault_Handler                       0x08000920   Section        0  gd32f4xx_it.o(i.BusFault_Handler)
    i.Change_mode                            0x08000924   Section        0  function.o(i.Change_mode)
    i.DebugMon_Handler                       0x0800097c   Section        0  gd32f4xx_it.o(i.DebugMon_Handler)
    i.Get_Val                                0x08000980   Section        0  function.o(i.Get_Val)
    i.HardFault_Handler                      0x08000a9c   Section        0  gd32f4xx_it.o(i.HardFault_Handler)
    i.IrDA_Send_Recevice                     0x08000aa0   Section        0  function.o(i.IrDA_Send_Recevice)
    i.Lcd_Read                               0x08000b9c   Section        0  uart4_lcd.o(i.Lcd_Read)
    i.MemManage_Handler                      0x08000c4c   Section        0  gd32f4xx_it.o(i.MemManage_Handler)
    i.MultiTimerInstall                      0x08000c50   Section        0  multitimer.o(i.MultiTimerInstall)
    i.MultiTimerStart                        0x08000c60   Section        0  multitimer.o(i.MultiTimerStart)
    i.MultiTimerYield                        0x08000ce8   Section        0  multitimer.o(i.MultiTimerYield)
    i.NMI_Handler                            0x08000d30   Section        0  gd32f4xx_it.o(i.NMI_Handler)
    i.NVIC_SetPriority                       0x08000d34   Section        0  systick.o(i.NVIC_SetPriority)
    NVIC_SetPriority                         0x08000d35   Thumb Code    32  systick.o(i.NVIC_SetPriority)
    i.PendSV_Handler                         0x08000d5c   Section        0  gd32f4xx_it.o(i.PendSV_Handler)
    i.SVC_Handler                            0x08000d5e   Section        0  gd32f4xx_it.o(i.SVC_Handler)
    i.SysTick_Handler                        0x08000d60   Section        0  gd32f4xx_it.o(i.SysTick_Handler)
    i.SystemInit                             0x08000d68   Section        0  system_gd32f4xx.o(i.SystemInit)
    i.TIMER1_IRQHandler                      0x08000e3c   Section        0  timer.o(i.TIMER1_IRQHandler)
    i.UART3_DMA_Send                         0x08000e58   Section        0  zigbee_uart3.o(i.UART3_DMA_Send)
    i.UART3_IRQHandler                       0x08000ebc   Section        0  zigbee_uart3.o(i.UART3_IRQHandler)
    i.UART4_IRQHandler                       0x08000f5c   Section        0  uart4_lcd.o(i.UART4_IRQHandler)
    i.UART4_Lcd_Init                         0x08000fb4   Section        0  uart4_lcd.o(i.UART4_Lcd_Init)
    i.UART6_ESP8266_Init                     0x080010b0   Section        0  esp8266.o(i.UART6_ESP8266_Init)
    i.UART6_IRQHandler                       0x080011ac   Section        0  esp8266.o(i.UART6_IRQHandler)
    i.UART_Lcd_Task                          0x08001220   Section        0  function.o(i.UART_Lcd_Task)
    i.USART0_IRQHandler                      0x08001434   Section        0  usart0.o(i.USART0_IRQHandler)
    i.USART5_IRQHandler                      0x08001480   Section        0  irda.o(i.USART5_IRQHandler)
    i.USART5_IrDA_Init                       0x080014d0   Section        0  irda.o(i.USART5_IrDA_Init)
    i.UsageFault_Handler                     0x080015cc   Section        0  gd32f4xx_it.o(i.UsageFault_Handler)
    i.ZigBee_UART3_init                      0x080015d0   Section        0  zigbee_uart3.o(i.ZigBee_UART3_init)
    i.__0printf$8                            0x08001798   Section        0  printf8.o(i.__0printf$8)
    i.__0sprintf$8                           0x080017b8   Section        0  printf8.o(i.__0sprintf$8)
    i.__scatterload_copy                     0x080017e0   Section       14  handlers.o(i.__scatterload_copy)
    i.__scatterload_null                     0x080017ee   Section        2  handlers.o(i.__scatterload_null)
    i.__scatterload_zeroinit                 0x080017f0   Section       14  handlers.o(i.__scatterload_zeroinit)
    i._printf_core                           0x08001800   Section        0  printf8.o(i._printf_core)
    _printf_core                             0x08001801   Thumb Code   988  printf8.o(i._printf_core)
    i._printf_post_padding                   0x08001c08   Section        0  printf8.o(i._printf_post_padding)
    _printf_post_padding                     0x08001c09   Thumb Code    36  printf8.o(i._printf_post_padding)
    i._printf_pre_padding                    0x08001c2c   Section        0  printf8.o(i._printf_pre_padding)
    _printf_pre_padding                      0x08001c2d   Thumb Code    46  printf8.o(i._printf_pre_padding)
    i._sputc                                 0x08001c5a   Section        0  printf8.o(i._sputc)
    _sputc                                   0x08001c5b   Thumb Code    10  printf8.o(i._sputc)
    i.delay_1ms                              0x08001c64   Section        0  systick.o(i.delay_1ms)
    i.delay_decrement                        0x08001c78   Section        0  systick.o(i.delay_decrement)
    i.dma_channel_disable                    0x08001c90   Section        0  gd32f4xx_dma.o(i.dma_channel_disable)
    i.dma_channel_enable                     0x08001cb0   Section        0  gd32f4xx_dma.o(i.dma_channel_enable)
    i.dma_channel_subperipheral_select       0x08001cd0   Section        0  gd32f4xx_dma.o(i.dma_channel_subperipheral_select)
    i.dma_circulation_disable                0x08001cf6   Section        0  gd32f4xx_dma.o(i.dma_circulation_disable)
    i.dma_circulation_enable                 0x08001d16   Section        0  gd32f4xx_dma.o(i.dma_circulation_enable)
    i.dma_deinit                             0x08001d36   Section        0  gd32f4xx_dma.o(i.dma_deinit)
    i.dma_flag_clear                         0x08001dda   Section        0  gd32f4xx_dma.o(i.dma_flag_clear)
    i.dma_flag_get                           0x08001e18   Section        0  gd32f4xx_dma.o(i.dma_flag_get)
    i.dma_interrupt_enable                   0x08001e64   Section        0  gd32f4xx_dma.o(i.dma_interrupt_enable)
    i.dma_interrupt_flag_clear               0x08001ea2   Section        0  gd32f4xx_dma.o(i.dma_interrupt_flag_clear)
    i.dma_memory_address_config              0x08001ee0   Section        0  gd32f4xx_dma.o(i.dma_memory_address_config)
    i.dma_single_data_mode_init              0x08001f00   Section        0  gd32f4xx_dma.o(i.dma_single_data_mode_init)
    i.dma_single_data_para_struct_init       0x08002058   Section        0  gd32f4xx_dma.o(i.dma_single_data_para_struct_init)
    i.dma_transfer_number_config             0x0800207a   Section        0  gd32f4xx_dma.o(i.dma_transfer_number_config)
    i.dma_transfer_number_get                0x0800208a   Section        0  gd32f4xx_dma.o(i.dma_transfer_number_get)
    i.fputc                                  0x0800209c   Section        0  usart0.o(i.fputc)
    i.gd_eval_com_init                       0x080020c8   Section        0  usart0.o(i.gd_eval_com_init)
    i.gd_eval_led_init                       0x080021ac   Section        0  led.o(i.gd_eval_led_init)
    i.gpio_af_set                            0x08002200   Section        0  gd32f4xx_gpio.o(i.gpio_af_set)
    i.gpio_mode_set                          0x0800225e   Section        0  gd32f4xx_gpio.o(i.gpio_mode_set)
    i.gpio_output_options_set                0x080022ac   Section        0  gd32f4xx_gpio.o(i.gpio_output_options_set)
    i.main                                   0x080022f0   Section        0  main.o(i.main)
    i.nvic_irq_enable                        0x080023f0   Section        0  gd32f4xx_misc.o(i.nvic_irq_enable)
    i.nvic_priority_group_set                0x080024b4   Section        0  gd32f4xx_misc.o(i.nvic_priority_group_set)
    i.rcu_clock_freq_get                     0x080024c8   Section        0  gd32f4xx_rcu.o(i.rcu_clock_freq_get)
    i.rcu_periph_clock_enable                0x080025ec   Section        0  gd32f4xx_rcu.o(i.rcu_periph_clock_enable)
    i.rcu_periph_reset_disable               0x08002610   Section        0  gd32f4xx_rcu.o(i.rcu_periph_reset_disable)
    i.rcu_periph_reset_enable                0x08002634   Section        0  gd32f4xx_rcu.o(i.rcu_periph_reset_enable)
    i.system_clock_200m_irc16m               0x08002658   Section        0  system_gd32f4xx.o(i.system_clock_200m_irc16m)
    system_clock_200m_irc16m                 0x08002659   Thumb Code   238  system_gd32f4xx.o(i.system_clock_200m_irc16m)
    i.system_clock_config                    0x08002754   Section        0  system_gd32f4xx.o(i.system_clock_config)
    system_clock_config                      0x08002755   Thumb Code     8  system_gd32f4xx.o(i.system_clock_config)
    i.systick_config                         0x0800275c   Section        0  systick.o(i.systick_config)
    i.systick_get                            0x080027ac   Section        0  multitimer.o(i.systick_get)
    i.systick_run                            0x080027b8   Section        0  multitimer.o(i.systick_run)
    i.timer1_callback                        0x080027d0   Section        0  multitimer.o(i.timer1_callback)
    i.timer2_callback                        0x0800283c   Section        0  multitimer.o(i.timer2_callback)
    i.timer_config                           0x08002878   Section        0  timer.o(i.timer_config)
    i.timer_deinit                           0x08002950   Section        0  gd32f4xx_timer.o(i.timer_deinit)
    i.timer_enable                           0x08002ad4   Section        0  gd32f4xx_timer.o(i.timer_enable)
    i.timer_init                             0x08002ae0   Section        0  gd32f4xx_timer.o(i.timer_init)
    i.timer_interrupt_enable                 0x08002b78   Section        0  gd32f4xx_timer.o(i.timer_interrupt_enable)
    i.timer_interrupt_flag_clear             0x08002b80   Section        0  gd32f4xx_timer.o(i.timer_interrupt_flag_clear)
    i.timer_interrupt_flag_get               0x08002b86   Section        0  gd32f4xx_timer.o(i.timer_interrupt_flag_get)
    i.timer_struct_para_init                 0x08002b9e   Section        0  gd32f4xx_timer.o(i.timer_struct_para_init)
    i.usart_baudrate_set                     0x08002bb4   Section        0  gd32f4xx_usart.o(i.usart_baudrate_set)
    i.usart_data_receive                     0x08002c9c   Section        0  gd32f4xx_usart.o(i.usart_data_receive)
    i.usart_data_transmit                    0x08002ca6   Section        0  gd32f4xx_usart.o(i.usart_data_transmit)
    i.usart_deinit                           0x08002cb0   Section        0  gd32f4xx_usart.o(i.usart_deinit)
    i.usart_dma_receive_config               0x08002d8c   Section        0  gd32f4xx_usart.o(i.usart_dma_receive_config)
    i.usart_dma_transmit_config              0x08002da0   Section        0  gd32f4xx_usart.o(i.usart_dma_transmit_config)
    i.usart_enable                           0x08002db4   Section        0  gd32f4xx_usart.o(i.usart_enable)
    i.usart_flag_clear                       0x08002dbe   Section        0  gd32f4xx_usart.o(i.usart_flag_clear)
    i.usart_flag_get                         0x08002dd8   Section        0  gd32f4xx_usart.o(i.usart_flag_get)
    i.usart_interrupt_enable                 0x08002df6   Section        0  gd32f4xx_usart.o(i.usart_interrupt_enable)
    i.usart_interrupt_flag_clear             0x08002e10   Section        0  gd32f4xx_usart.o(i.usart_interrupt_flag_clear)
    i.usart_interrupt_flag_get               0x08002e2a   Section        0  gd32f4xx_usart.o(i.usart_interrupt_flag_get)
    i.usart_parity_config                    0x08002e62   Section        0  gd32f4xx_usart.o(i.usart_parity_config)
    i.usart_receive_config                   0x08002e72   Section        0  gd32f4xx_usart.o(i.usart_receive_config)
    i.usart_stop_bit_set                     0x08002e82   Section        0  gd32f4xx_usart.o(i.usart_stop_bit_set)
    i.usart_transmit_config                  0x08002e92   Section        0  gd32f4xx_usart.o(i.usart_transmit_config)
    i.usart_word_length_set                  0x08002ea2   Section        0  gd32f4xx_usart.o(i.usart_word_length_set)
    .constdata                               0x08002eb2   Section       64  ctype_c.o(.constdata)
    .data                                    0x20000000   Section        4  systick.o(.data)
    delay                                    0x20000000   Data           4  systick.o(.data)
    .data                                    0x20000004   Section      132  function.o(.data)
    .data                                    0x20000088   Section        4  system_gd32f4xx.o(.data)
    .data                                    0x2000008c   Section       20  led.o(.data)
    GPIO_PORT                                0x2000008c   Data           8  led.o(.data)
    GPIO_PIN                                 0x20000094   Data           8  led.o(.data)
    GPIO_CLK                                 0x2000009c   Data           4  led.o(.data)
    .data                                    0x200000a0   Section       13  usart0.o(.data)
    COM_CLK                                  0x200000a0   Data           2  usart0.o(.data)
    COM_TX_PIN                               0x200000a4   Data           4  usart0.o(.data)
    COM_RX_PIN                               0x200000a8   Data           4  usart0.o(.data)
    .data                                    0x200000b0   Section       22  zigbee_uart3.o(.data)
    COM_CLK                                  0x200000b0   Data           2  zigbee_uart3.o(.data)
    COM_TX_PIN                               0x200000b4   Data           4  zigbee_uart3.o(.data)
    COM_RX_PIN                               0x200000b8   Data           4  zigbee_uart3.o(.data)
    .data                                    0x200000c8   Section       20  multitimer.o(.data)
    timerList                                0x200000c8   Data           4  multitimer.o(.data)
    platformTicksFunction                    0x200000cc   Data           4  multitimer.o(.data)
    .data                                    0x200000dc   Section       12  uart4_lcd.o(.data)
    COM_CLK                                  0x200000dc   Data           2  uart4_lcd.o(.data)
    COM_TX_PIN                               0x200000e0   Data           4  uart4_lcd.o(.data)
    COM_RX_PIN                               0x200000e4   Data           4  uart4_lcd.o(.data)
    .data                                    0x200000e8   Section       12  esp8266.o(.data)
    COM_CLK                                  0x200000e8   Data           2  esp8266.o(.data)
    COM_TX_PIN                               0x200000ec   Data           4  esp8266.o(.data)
    COM_RX_PIN                               0x200000f0   Data           4  esp8266.o(.data)
    .data                                    0x200000f4   Section       16  irda.o(.data)
    COM_CLK                                  0x200000f4   Data           2  irda.o(.data)
    COM_TX_PIN                               0x200000f8   Data           4  irda.o(.data)
    COM_RX_PIN                               0x200000fc   Data           4  irda.o(.data)
    .data                                    0x20000104   Section        4  stdout.o(.data)
    .bss                                     0x20000108   Section      312  function.o(.bss)
    .bss                                     0x20000240   Section      512  usart0.o(.bss)
    .bss                                     0x20000440   Section      768  zigbee_uart3.o(.bss)
    .bss                                     0x20000740   Section       72  multitimer.o(.bss)
    .bss                                     0x20000788   Section     1048  uart4_lcd.o(.bss)
    .bss                                     0x20000ba0   Section      520  esp8266.o(.bss)
    .bss                                     0x20000da8   Section       20  irda.o(.bss)
    STACK                                    0x20000dc0   Section     1024  startup_gd32f450_470.o(STACK)

    Global Symbols

    Symbol Name                              Value     Ov Type        Size  Object(Section)

    BuildAttributes$$THM_ISAv4$E$P$D$K$B$S$7EM$VFPi3$EXTD16$VFPS$VFMA$PE$A:L22UL41UL21$X:L11$S22US41US21$IEEE1$IW$USESV6$~STKCKD$USESV7$~SHL$OSPACE$ROPI$EBA8$MICROLIB$REQ8$PRES8$EABIv2 0x00000000   Number         0  anon$$obj.o ABSOLUTE
    __ARM_use_no_argv                        0x00000000   Number         0  main.o ABSOLUTE
    _printf_a                                0x00000000   Number         0  stubs.o ABSOLUTE
    _printf_c                                0x00000000   Number         0  stubs.o ABSOLUTE
    _printf_charcount                        0x00000000   Number         0  stubs.o ABSOLUTE
    _printf_d                                0x00000000   Number         0  stubs.o ABSOLUTE
    _printf_e                                0x00000000   Number         0  stubs.o ABSOLUTE
    _printf_f                                0x00000000   Number         0  stubs.o ABSOLUTE
    _printf_flags                            0x00000000   Number         0  stubs.o ABSOLUTE
    _printf_fp_dec                           0x00000000   Number         0  stubs.o ABSOLUTE
    _printf_fp_hex                           0x00000000   Number         0  stubs.o ABSOLUTE
    _printf_g                                0x00000000   Number         0  stubs.o ABSOLUTE
    _printf_i                                0x00000000   Number         0  stubs.o ABSOLUTE
    _printf_int_dec                          0x00000000   Number         0  stubs.o ABSOLUTE
    _printf_l                                0x00000000   Number         0  stubs.o ABSOLUTE
    _printf_lc                               0x00000000   Number         0  stubs.o ABSOLUTE
    _printf_ll                               0x00000000   Number         0  stubs.o ABSOLUTE
    _printf_lld                              0x00000000   Number         0  stubs.o ABSOLUTE
    _printf_lli                              0x00000000   Number         0  stubs.o ABSOLUTE
    _printf_llo                              0x00000000   Number         0  stubs.o ABSOLUTE
    _printf_llu                              0x00000000   Number         0  stubs.o ABSOLUTE
    _printf_llx                              0x00000000   Number         0  stubs.o ABSOLUTE
    _printf_longlong_dec                     0x00000000   Number         0  stubs.o ABSOLUTE
    _printf_longlong_hex                     0x00000000   Number         0  stubs.o ABSOLUTE
    _printf_longlong_oct                     0x00000000   Number         0  stubs.o ABSOLUTE
    _printf_ls                               0x00000000   Number         0  stubs.o ABSOLUTE
    _printf_mbtowc                           0x00000000   Number         0  stubs.o ABSOLUTE
    _printf_n                                0x00000000   Number         0  stubs.o ABSOLUTE
    _printf_o                                0x00000000   Number         0  stubs.o ABSOLUTE
    _printf_p                                0x00000000   Number         0  stubs.o ABSOLUTE
    _printf_percent                          0x00000000   Number         0  stubs.o ABSOLUTE
    _printf_pre_padding                      0x00000000   Number         0  stubs.o ABSOLUTE
    _printf_return_value                     0x00000000   Number         0  stubs.o ABSOLUTE
    _printf_s                                0x00000000   Number         0  stubs.o ABSOLUTE
    _printf_sizespec                         0x00000000   Number         0  stubs.o ABSOLUTE
    _printf_str                              0x00000000   Number         0  stubs.o ABSOLUTE
    _printf_truncate_signed                  0x00000000   Number         0  stubs.o ABSOLUTE
    _printf_truncate_unsigned                0x00000000   Number         0  stubs.o ABSOLUTE
    _printf_u                                0x00000000   Number         0  stubs.o ABSOLUTE
    _printf_wc                               0x00000000   Number         0  stubs.o ABSOLUTE
    _printf_wctomb                           0x00000000   Number         0  stubs.o ABSOLUTE
    _printf_widthprec                        0x00000000   Number         0  stubs.o ABSOLUTE
    _printf_x                                0x00000000   Number         0  stubs.o ABSOLUTE
    __cpp_initialize__aeabi_                  - Undefined Weak Reference
    __cxa_finalize                            - Undefined Weak Reference
    __decompress                              - Undefined Weak Reference
    _clock_init                               - Undefined Weak Reference
    _microlib_exit                            - Undefined Weak Reference
    _scanf_longlong                           - Undefined Weak Reference
    _scanf_real                               - Undefined Weak Reference
    _scanf_string                             - Undefined Weak Reference
    __Vectors_Size                           0x000001ac   Number         0  startup_gd32f450_470.o ABSOLUTE
    __Vectors                                0x08000000   Data           4  startup_gd32f450_470.o(RESET)
    __Vectors_End                            0x080001ac   Data           0  startup_gd32f450_470.o(RESET)
    __main                                   0x080001ad   Thumb Code     0  entry.o(.ARM.Collect$$$$00000000)
    _main_stk                                0x080001ad   Thumb Code     0  entry2.o(.ARM.Collect$$$$00000001)
    _main_scatterload                        0x080001b1   Thumb Code     0  entry5.o(.ARM.Collect$$$$00000004)
    __main_after_scatterload                 0x080001b5   Thumb Code     0  entry5.o(.ARM.Collect$$$$00000004)
    _main_clock                              0x080001b5   Thumb Code     0  entry7b.o(.ARM.Collect$$$$00000008)
    _main_cpp_init                           0x080001b5   Thumb Code     0  entry8b.o(.ARM.Collect$$$$0000000A)
    _main_init                               0x080001b5   Thumb Code     0  entry9a.o(.ARM.Collect$$$$0000000B)
    __rt_final_cpp                           0x080001bd   Thumb Code     0  entry10a.o(.ARM.Collect$$$$0000000D)
    __rt_final_exit                          0x080001bd   Thumb Code     0  entry11a.o(.ARM.Collect$$$$0000000F)
    Reset_Handler                            0x080001c1   Thumb Code     8  startup_gd32f450_470.o(.text)
    ADC_IRQHandler                           0x080001db   Thumb Code     0  startup_gd32f450_470.o(.text)
    CAN0_EWMC_IRQHandler                     0x080001db   Thumb Code     0  startup_gd32f450_470.o(.text)
    CAN0_RX0_IRQHandler                      0x080001db   Thumb Code     0  startup_gd32f450_470.o(.text)
    CAN0_RX1_IRQHandler                      0x080001db   Thumb Code     0  startup_gd32f450_470.o(.text)
    CAN0_TX_IRQHandler                       0x080001db   Thumb Code     0  startup_gd32f450_470.o(.text)
    CAN1_EWMC_IRQHandler                     0x080001db   Thumb Code     0  startup_gd32f450_470.o(.text)
    CAN1_RX0_IRQHandler                      0x080001db   Thumb Code     0  startup_gd32f450_470.o(.text)
    CAN1_RX1_IRQHandler                      0x080001db   Thumb Code     0  startup_gd32f450_470.o(.text)
    CAN1_TX_IRQHandler                       0x080001db   Thumb Code     0  startup_gd32f450_470.o(.text)
    DCI_IRQHandler                           0x080001db   Thumb Code     0  startup_gd32f450_470.o(.text)
    DMA0_Channel0_IRQHandler                 0x080001db   Thumb Code     0  startup_gd32f450_470.o(.text)
    DMA0_Channel1_IRQHandler                 0x080001db   Thumb Code     0  startup_gd32f450_470.o(.text)
    DMA0_Channel2_IRQHandler                 0x080001db   Thumb Code     0  startup_gd32f450_470.o(.text)
    DMA0_Channel3_IRQHandler                 0x080001db   Thumb Code     0  startup_gd32f450_470.o(.text)
    DMA0_Channel4_IRQHandler                 0x080001db   Thumb Code     0  startup_gd32f450_470.o(.text)
    DMA0_Channel5_IRQHandler                 0x080001db   Thumb Code     0  startup_gd32f450_470.o(.text)
    DMA0_Channel6_IRQHandler                 0x080001db   Thumb Code     0  startup_gd32f450_470.o(.text)
    DMA0_Channel7_IRQHandler                 0x080001db   Thumb Code     0  startup_gd32f450_470.o(.text)
    DMA1_Channel0_IRQHandler                 0x080001db   Thumb Code     0  startup_gd32f450_470.o(.text)
    DMA1_Channel1_IRQHandler                 0x080001db   Thumb Code     0  startup_gd32f450_470.o(.text)
    DMA1_Channel2_IRQHandler                 0x080001db   Thumb Code     0  startup_gd32f450_470.o(.text)
    DMA1_Channel3_IRQHandler                 0x080001db   Thumb Code     0  startup_gd32f450_470.o(.text)
    DMA1_Channel4_IRQHandler                 0x080001db   Thumb Code     0  startup_gd32f450_470.o(.text)
    DMA1_Channel5_IRQHandler                 0x080001db   Thumb Code     0  startup_gd32f450_470.o(.text)
    DMA1_Channel6_IRQHandler                 0x080001db   Thumb Code     0  startup_gd32f450_470.o(.text)
    DMA1_Channel7_IRQHandler                 0x080001db   Thumb Code     0  startup_gd32f450_470.o(.text)
    ENET_IRQHandler                          0x080001db   Thumb Code     0  startup_gd32f450_470.o(.text)
    ENET_WKUP_IRQHandler                     0x080001db   Thumb Code     0  startup_gd32f450_470.o(.text)
    EXMC_IRQHandler                          0x080001db   Thumb Code     0  startup_gd32f450_470.o(.text)
    EXTI0_IRQHandler                         0x080001db   Thumb Code     0  startup_gd32f450_470.o(.text)
    EXTI10_15_IRQHandler                     0x080001db   Thumb Code     0  startup_gd32f450_470.o(.text)
    EXTI1_IRQHandler                         0x080001db   Thumb Code     0  startup_gd32f450_470.o(.text)
    EXTI2_IRQHandler                         0x080001db   Thumb Code     0  startup_gd32f450_470.o(.text)
    EXTI3_IRQHandler                         0x080001db   Thumb Code     0  startup_gd32f450_470.o(.text)
    EXTI4_IRQHandler                         0x080001db   Thumb Code     0  startup_gd32f450_470.o(.text)
    EXTI5_9_IRQHandler                       0x080001db   Thumb Code     0  startup_gd32f450_470.o(.text)
    FMC_IRQHandler                           0x080001db   Thumb Code     0  startup_gd32f450_470.o(.text)
    FPU_IRQHandler                           0x080001db   Thumb Code     0  startup_gd32f450_470.o(.text)
    I2C0_ER_IRQHandler                       0x080001db   Thumb Code     0  startup_gd32f450_470.o(.text)
    I2C0_EV_IRQHandler                       0x080001db   Thumb Code     0  startup_gd32f450_470.o(.text)
    I2C1_ER_IRQHandler                       0x080001db   Thumb Code     0  startup_gd32f450_470.o(.text)
    I2C1_EV_IRQHandler                       0x080001db   Thumb Code     0  startup_gd32f450_470.o(.text)
    I2C2_ER_IRQHandler                       0x080001db   Thumb Code     0  startup_gd32f450_470.o(.text)
    I2C2_EV_IRQHandler                       0x080001db   Thumb Code     0  startup_gd32f450_470.o(.text)
    IPA_IRQHandler                           0x080001db   Thumb Code     0  startup_gd32f450_470.o(.text)
    LVD_IRQHandler                           0x080001db   Thumb Code     0  startup_gd32f450_470.o(.text)
    RCU_CTC_IRQHandler                       0x080001db   Thumb Code     0  startup_gd32f450_470.o(.text)
    RTC_Alarm_IRQHandler                     0x080001db   Thumb Code     0  startup_gd32f450_470.o(.text)
    RTC_WKUP_IRQHandler                      0x080001db   Thumb Code     0  startup_gd32f450_470.o(.text)
    SDIO_IRQHandler                          0x080001db   Thumb Code     0  startup_gd32f450_470.o(.text)
    SPI0_IRQHandler                          0x080001db   Thumb Code     0  startup_gd32f450_470.o(.text)
    SPI1_IRQHandler                          0x080001db   Thumb Code     0  startup_gd32f450_470.o(.text)
    SPI2_IRQHandler                          0x080001db   Thumb Code     0  startup_gd32f450_470.o(.text)
    SPI3_IRQHandler                          0x080001db   Thumb Code     0  startup_gd32f450_470.o(.text)
    SPI4_IRQHandler                          0x080001db   Thumb Code     0  startup_gd32f450_470.o(.text)
    SPI5_IRQHandler                          0x080001db   Thumb Code     0  startup_gd32f450_470.o(.text)
    TAMPER_STAMP_IRQHandler                  0x080001db   Thumb Code     0  startup_gd32f450_470.o(.text)
    TIMER0_BRK_TIMER8_IRQHandler             0x080001db   Thumb Code     0  startup_gd32f450_470.o(.text)
    TIMER0_Channel_IRQHandler                0x080001db   Thumb Code     0  startup_gd32f450_470.o(.text)
    TIMER0_TRG_CMT_TIMER10_IRQHandler        0x080001db   Thumb Code     0  startup_gd32f450_470.o(.text)
    TIMER0_UP_TIMER9_IRQHandler              0x080001db   Thumb Code     0  startup_gd32f450_470.o(.text)
    TIMER2_IRQHandler                        0x080001db   Thumb Code     0  startup_gd32f450_470.o(.text)
    TIMER3_IRQHandler                        0x080001db   Thumb Code     0  startup_gd32f450_470.o(.text)
    TIMER4_IRQHandler                        0x080001db   Thumb Code     0  startup_gd32f450_470.o(.text)
    TIMER5_DAC_IRQHandler                    0x080001db   Thumb Code     0  startup_gd32f450_470.o(.text)
    TIMER6_IRQHandler                        0x080001db   Thumb Code     0  startup_gd32f450_470.o(.text)
    TIMER7_BRK_TIMER11_IRQHandler            0x080001db   Thumb Code     0  startup_gd32f450_470.o(.text)
    TIMER7_Channel_IRQHandler                0x080001db   Thumb Code     0  startup_gd32f450_470.o(.text)
    TIMER7_TRG_CMT_TIMER13_IRQHandler        0x080001db   Thumb Code     0  startup_gd32f450_470.o(.text)
    TIMER7_UP_TIMER12_IRQHandler             0x080001db   Thumb Code     0  startup_gd32f450_470.o(.text)
    TLI_ER_IRQHandler                        0x080001db   Thumb Code     0  startup_gd32f450_470.o(.text)
    TLI_IRQHandler                           0x080001db   Thumb Code     0  startup_gd32f450_470.o(.text)
    TRNG_IRQHandler                          0x080001db   Thumb Code     0  startup_gd32f450_470.o(.text)
    UART7_IRQHandler                         0x080001db   Thumb Code     0  startup_gd32f450_470.o(.text)
    USART1_IRQHandler                        0x080001db   Thumb Code     0  startup_gd32f450_470.o(.text)
    USART2_IRQHandler                        0x080001db   Thumb Code     0  startup_gd32f450_470.o(.text)
    USBFS_IRQHandler                         0x080001db   Thumb Code     0  startup_gd32f450_470.o(.text)
    USBFS_WKUP_IRQHandler                    0x080001db   Thumb Code     0  startup_gd32f450_470.o(.text)
    USBHS_EP1_In_IRQHandler                  0x080001db   Thumb Code     0  startup_gd32f450_470.o(.text)
    USBHS_EP1_Out_IRQHandler                 0x080001db   Thumb Code     0  startup_gd32f450_470.o(.text)
    USBHS_IRQHandler                         0x080001db   Thumb Code     0  startup_gd32f450_470.o(.text)
    USBHS_WKUP_IRQHandler                    0x080001db   Thumb Code     0  startup_gd32f450_470.o(.text)
    WWDGT_IRQHandler                         0x080001db   Thumb Code     0  startup_gd32f450_470.o(.text)
    __aeabi_memcpy                           0x080001e5   Thumb Code    36  memcpya.o(.text)
    __aeabi_memcpy4                          0x080001e5   Thumb Code     0  memcpya.o(.text)
    __aeabi_memcpy8                          0x080001e5   Thumb Code     0  memcpya.o(.text)
    __aeabi_memset                           0x08000209   Thumb Code    14  memseta.o(.text)
    __aeabi_memset4                          0x08000209   Thumb Code     0  memseta.o(.text)
    __aeabi_memset8                          0x08000209   Thumb Code     0  memseta.o(.text)
    __aeabi_memclr                           0x08000217   Thumb Code     4  memseta.o(.text)
    __aeabi_memclr4                          0x08000217   Thumb Code     0  memseta.o(.text)
    __aeabi_memclr8                          0x08000217   Thumb Code     0  memseta.o(.text)
    _memset$wrapper                          0x0800021b   Thumb Code    18  memseta.o(.text)
    strstr                                   0x0800022d   Thumb Code    36  strstr.o(.text)
    strcpy                                   0x08000251   Thumb Code    18  strcpy.o(.text)
    __0sscanf                                0x08000265   Thumb Code    48  __0sscanf.o(.text)
    _scanf_int                               0x0800029d   Thumb Code   332  _scanf_int.o(.text)
    __aeabi_uldivmod                         0x080003e9   Thumb Code    98  uldiv.o(.text)
    _chval                                   0x0800044b   Thumb Code    28  _chval.o(.text)
    __vfscanf_char                           0x08000475   Thumb Code    20  scanf_char.o(.text)
    _sgetc                                   0x08000491   Thumb Code    30  _sgetc.o(.text)
    _sbackspace                              0x080004af   Thumb Code    34  _sgetc.o(.text)
    __scatterload                            0x080004d1   Thumb Code    28  init.o(.text)
    __scatterload_rt2                        0x080004d1   Thumb Code     0  init.o(.text)
    __aeabi_llsl                             0x080004f5   Thumb Code    30  llshl.o(.text)
    _ll_shift_l                              0x080004f5   Thumb Code     0  llshl.o(.text)
    __aeabi_llsr                             0x08000513   Thumb Code    32  llushr.o(.text)
    _ll_ushift_r                             0x08000513   Thumb Code     0  llushr.o(.text)
    isspace                                  0x08000533   Thumb Code    10  isspace_c.o(.text)
    __vfscanf                                0x0800053d   Thumb Code   802  _scanf.o(.text)
    __ctype_lookup                           0x08000865   Thumb Code    34  ctype_c.o(.text)
    AUTO_Threshod_Init                       0x0800088d   Thumb Code    46  function.o(i.AUTO_Threshod_Init)
    BEEP_Init                                0x080008c1   Thumb Code    50  beep.o(i.BEEP_Init)
    BEEP_Install                             0x080008f9   Thumb Code    36  beep.o(i.BEEP_Install)
    BusFault_Handler                         0x08000921   Thumb Code     4  gd32f4xx_it.o(i.BusFault_Handler)
    Change_mode                              0x08000925   Thumb Code    38  function.o(i.Change_mode)
    DebugMon_Handler                         0x0800097d   Thumb Code     2  gd32f4xx_it.o(i.DebugMon_Handler)
    Get_Val                                  0x08000981   Thumb Code   154  function.o(i.Get_Val)
    HardFault_Handler                        0x08000a9d   Thumb Code     4  gd32f4xx_it.o(i.HardFault_Handler)
    IrDA_Send_Recevice                       0x08000aa1   Thumb Code   248  function.o(i.IrDA_Send_Recevice)
    Lcd_Read                                 0x08000b9d   Thumb Code   126  uart4_lcd.o(i.Lcd_Read)
    MemManage_Handler                        0x08000c4d   Thumb Code     4  gd32f4xx_it.o(i.MemManage_Handler)
    MultiTimerInstall                        0x08000c51   Thumb Code    10  multitimer.o(i.MultiTimerInstall)
    MultiTimerStart                          0x08000c61   Thumb Code   128  multitimer.o(i.MultiTimerStart)
    MultiTimerYield                          0x08000ce9   Thumb Code    64  multitimer.o(i.MultiTimerYield)
    NMI_Handler                              0x08000d31   Thumb Code     2  gd32f4xx_it.o(i.NMI_Handler)
    PendSV_Handler                           0x08000d5d   Thumb Code     2  gd32f4xx_it.o(i.PendSV_Handler)
    SVC_Handler                              0x08000d5f   Thumb Code     2  gd32f4xx_it.o(i.SVC_Handler)
    SysTick_Handler                          0x08000d61   Thumb Code     8  gd32f4xx_it.o(i.SysTick_Handler)
    SystemInit                               0x08000d69   Thumb Code   194  system_gd32f4xx.o(i.SystemInit)
    TIMER1_IRQHandler                        0x08000e3d   Thumb Code    28  timer.o(i.TIMER1_IRQHandler)
    UART3_DMA_Send                           0x08000e59   Thumb Code    88  zigbee_uart3.o(i.UART3_DMA_Send)
    UART3_IRQHandler                         0x08000ebd   Thumb Code   132  zigbee_uart3.o(i.UART3_IRQHandler)
    UART4_IRQHandler                         0x08000f5d   Thumb Code    76  uart4_lcd.o(i.UART4_IRQHandler)
    UART4_Lcd_Init                           0x08000fb5   Thumb Code   224  uart4_lcd.o(i.UART4_Lcd_Init)
    UART6_ESP8266_Init                       0x080010b1   Thumb Code   226  esp8266.o(i.UART6_ESP8266_Init)
    UART6_IRQHandler                         0x080011ad   Thumb Code    98  esp8266.o(i.UART6_IRQHandler)
    UART_Lcd_Task                            0x08001221   Thumb Code   310  function.o(i.UART_Lcd_Task)
    USART0_IRQHandler                        0x08001435   Thumb Code    60  usart0.o(i.USART0_IRQHandler)
    USART5_IRQHandler                        0x08001481   Thumb Code    64  irda.o(i.USART5_IRQHandler)
    USART5_IrDA_Init                         0x080014d1   Thumb Code   226  irda.o(i.USART5_IrDA_Init)
    UsageFault_Handler                       0x080015cd   Thumb Code     4  gd32f4xx_it.o(i.UsageFault_Handler)
    ZigBee_UART3_init                        0x080015d1   Thumb Code   420  zigbee_uart3.o(i.ZigBee_UART3_init)
    __0printf$8                              0x08001799   Thumb Code    22  printf8.o(i.__0printf$8)
    __1printf$8                              0x08001799   Thumb Code     0  printf8.o(i.__0printf$8)
    __2printf                                0x08001799   Thumb Code     0  printf8.o(i.__0printf$8)
    __0sprintf$8                             0x080017b9   Thumb Code    34  printf8.o(i.__0sprintf$8)
    __1sprintf$8                             0x080017b9   Thumb Code     0  printf8.o(i.__0sprintf$8)
    __2sprintf                               0x080017b9   Thumb Code     0  printf8.o(i.__0sprintf$8)
    __scatterload_copy                       0x080017e1   Thumb Code    14  handlers.o(i.__scatterload_copy)
    __scatterload_null                       0x080017ef   Thumb Code     2  handlers.o(i.__scatterload_null)
    __scatterload_zeroinit                   0x080017f1   Thumb Code    14  handlers.o(i.__scatterload_zeroinit)
    delay_1ms                                0x08001c65   Thumb Code    16  systick.o(i.delay_1ms)
    delay_decrement                          0x08001c79   Thumb Code    18  systick.o(i.delay_decrement)
    dma_channel_disable                      0x08001c91   Thumb Code    32  gd32f4xx_dma.o(i.dma_channel_disable)
    dma_channel_enable                       0x08001cb1   Thumb Code    32  gd32f4xx_dma.o(i.dma_channel_enable)
    dma_channel_subperipheral_select         0x08001cd1   Thumb Code    38  gd32f4xx_dma.o(i.dma_channel_subperipheral_select)
    dma_circulation_disable                  0x08001cf7   Thumb Code    32  gd32f4xx_dma.o(i.dma_circulation_disable)
    dma_circulation_enable                   0x08001d17   Thumb Code    32  gd32f4xx_dma.o(i.dma_circulation_enable)
    dma_deinit                               0x08001d37   Thumb Code   164  gd32f4xx_dma.o(i.dma_deinit)
    dma_flag_clear                           0x08001ddb   Thumb Code    62  gd32f4xx_dma.o(i.dma_flag_clear)
    dma_flag_get                             0x08001e19   Thumb Code    76  gd32f4xx_dma.o(i.dma_flag_get)
    dma_interrupt_enable                     0x08001e65   Thumb Code    62  gd32f4xx_dma.o(i.dma_interrupt_enable)
    dma_interrupt_flag_clear                 0x08001ea3   Thumb Code    62  gd32f4xx_dma.o(i.dma_interrupt_flag_clear)
    dma_memory_address_config                0x08001ee1   Thumb Code    32  gd32f4xx_dma.o(i.dma_memory_address_config)
    dma_single_data_mode_init                0x08001f01   Thumb Code   340  gd32f4xx_dma.o(i.dma_single_data_mode_init)
    dma_single_data_para_struct_init         0x08002059   Thumb Code    34  gd32f4xx_dma.o(i.dma_single_data_para_struct_init)
    dma_transfer_number_config               0x0800207b   Thumb Code    16  gd32f4xx_dma.o(i.dma_transfer_number_config)
    dma_transfer_number_get                  0x0800208b   Thumb Code    16  gd32f4xx_dma.o(i.dma_transfer_number_get)
    fputc                                    0x0800209d   Thumb Code    40  usart0.o(i.fputc)
    gd_eval_com_init                         0x080020c9   Thumb Code   208  usart0.o(i.gd_eval_com_init)
    gd_eval_led_init                         0x080021ad   Thumb Code    70  led.o(i.gd_eval_led_init)
    gpio_af_set                              0x08002201   Thumb Code    94  gd32f4xx_gpio.o(i.gpio_af_set)
    gpio_mode_set                            0x0800225f   Thumb Code    78  gd32f4xx_gpio.o(i.gpio_mode_set)
    gpio_output_options_set                  0x080022ad   Thumb Code    66  gd32f4xx_gpio.o(i.gpio_output_options_set)
    main                                     0x080022f1   Thumb Code   174  main.o(i.main)
    nvic_irq_enable                          0x080023f1   Thumb Code   186  gd32f4xx_misc.o(i.nvic_irq_enable)
    nvic_priority_group_set                  0x080024b5   Thumb Code    10  gd32f4xx_misc.o(i.nvic_priority_group_set)
    rcu_clock_freq_get                       0x080024c9   Thumb Code   264  gd32f4xx_rcu.o(i.rcu_clock_freq_get)
    rcu_periph_clock_enable                  0x080025ed   Thumb Code    32  gd32f4xx_rcu.o(i.rcu_periph_clock_enable)
    rcu_periph_reset_disable                 0x08002611   Thumb Code    32  gd32f4xx_rcu.o(i.rcu_periph_reset_disable)
    rcu_periph_reset_enable                  0x08002635   Thumb Code    32  gd32f4xx_rcu.o(i.rcu_periph_reset_enable)
    systick_config                           0x0800275d   Thumb Code    74  systick.o(i.systick_config)
    systick_get                              0x080027ad   Thumb Code     6  multitimer.o(i.systick_get)
    systick_run                              0x080027b9   Thumb Code    20  multitimer.o(i.systick_run)
    timer1_callback                          0x080027d1   Thumb Code    80  multitimer.o(i.timer1_callback)
    timer2_callback                          0x0800283d   Thumb Code    36  multitimer.o(i.timer2_callback)
    timer_config                             0x08002879   Thumb Code   206  timer.o(i.timer_config)
    timer_deinit                             0x08002951   Thumb Code   374  gd32f4xx_timer.o(i.timer_deinit)
    timer_enable                             0x08002ad5   Thumb Code    10  gd32f4xx_timer.o(i.timer_enable)
    timer_init                               0x08002ae1   Thumb Code   122  gd32f4xx_timer.o(i.timer_init)
    timer_interrupt_enable                   0x08002b79   Thumb Code     8  gd32f4xx_timer.o(i.timer_interrupt_enable)
    timer_interrupt_flag_clear               0x08002b81   Thumb Code     6  gd32f4xx_timer.o(i.timer_interrupt_flag_clear)
    timer_interrupt_flag_get                 0x08002b87   Thumb Code    24  gd32f4xx_timer.o(i.timer_interrupt_flag_get)
    timer_struct_para_init                   0x08002b9f   Thumb Code    22  gd32f4xx_timer.o(i.timer_struct_para_init)
    usart_baudrate_set                       0x08002bb5   Thumb Code   224  gd32f4xx_usart.o(i.usart_baudrate_set)
    usart_data_receive                       0x08002c9d   Thumb Code    10  gd32f4xx_usart.o(i.usart_data_receive)
    usart_data_transmit                      0x08002ca7   Thumb Code     8  gd32f4xx_usart.o(i.usart_data_transmit)
    usart_deinit                             0x08002cb1   Thumb Code   210  gd32f4xx_usart.o(i.usart_deinit)
    usart_dma_receive_config                 0x08002d8d   Thumb Code    20  gd32f4xx_usart.o(i.usart_dma_receive_config)
    usart_dma_transmit_config                0x08002da1   Thumb Code    20  gd32f4xx_usart.o(i.usart_dma_transmit_config)
    usart_enable                             0x08002db5   Thumb Code    10  gd32f4xx_usart.o(i.usart_enable)
    usart_flag_clear                         0x08002dbf   Thumb Code    26  gd32f4xx_usart.o(i.usart_flag_clear)
    usart_flag_get                           0x08002dd9   Thumb Code    30  gd32f4xx_usart.o(i.usart_flag_get)
    usart_interrupt_enable                   0x08002df7   Thumb Code    26  gd32f4xx_usart.o(i.usart_interrupt_enable)
    usart_interrupt_flag_clear               0x08002e11   Thumb Code    26  gd32f4xx_usart.o(i.usart_interrupt_flag_clear)
    usart_interrupt_flag_get                 0x08002e2b   Thumb Code    56  gd32f4xx_usart.o(i.usart_interrupt_flag_get)
    usart_parity_config                      0x08002e63   Thumb Code    16  gd32f4xx_usart.o(i.usart_parity_config)
    usart_receive_config                     0x08002e73   Thumb Code    16  gd32f4xx_usart.o(i.usart_receive_config)
    usart_stop_bit_set                       0x08002e83   Thumb Code    16  gd32f4xx_usart.o(i.usart_stop_bit_set)
    usart_transmit_config                    0x08002e93   Thumb Code    16  gd32f4xx_usart.o(i.usart_transmit_config)
    usart_word_length_set                    0x08002ea3   Thumb Code    16  gd32f4xx_usart.o(i.usart_word_length_set)
    __ctype_categories                       0x08002eb2   Data          64  ctype_c.o(.constdata)
    Region$$Table$$Base                      0x08002ef4   Number         0  anon$$obj.o(Region$$Table)
    Region$$Table$$Limit                     0x08002f14   Number         0  anon$$obj.o(Region$$Table)
    Lcd_reccompare                           0x20000004   Data         128  function.o(.data)
    Run_flag                                 0x20000084   Data           4  function.o(.data)
    SystemCoreClock                          0x20000088   Data           4  system_gd32f4xx.o(.data)
    USART0_RX_Counter                        0x200000ac   Data           1  usart0.o(.data)
    g_transfer_complete                      0x200000bc   Data           1  zigbee_uart3.o(.data)
    Rx_DMA_BuffNum                           0x200000c0   Data           4  zigbee_uart3.o(.data)
    ZigBee_Send_Flag                         0x200000c4   Data           1  zigbee_uart3.o(.data)
    ZigBee_Recvice_Flag                      0x200000c5   Data           1  zigbee_uart3.o(.data)
    systick                                  0x200000d0   Data           8  multitimer.o(.data)
    Zibgbee_sendtime                         0x200000d8   Data           4  multitimer.o(.data)
    Confirm_Flag                             0x20000100   Data           4  irda.o(.data)
    __stdout                                 0x20000104   Data           4  stdout.o(.data)
    Zigbee_Readstr                           0x20000108   Data         128  function.o(.bss)
    Zigbee_Sendstr                           0x20000188   Data         128  function.o(.bss)
    Auto_Threshod                            0x20000208   Data          56  function.o(.bss)
    USART0_Tx_buffer                         0x20000240   Data         256  usart0.o(.bss)
    USART0_Rx_buffer                         0x20000340   Data         256  usart0.o(.bss)
    UART3_Tx_DMA_buffer                      0x20000440   Data         256  zigbee_uart3.o(.bss)
    UART3_Rx_DMA_buffer                      0x20000540   Data         256  zigbee_uart3.o(.bss)
    Subg_UART3_Rx_Data                       0x20000640   Data         256  zigbee_uart3.o(.bss)
    tim1                                     0x20000740   Data          24  multitimer.o(.bss)
    tim2                                     0x20000758   Data          24  multitimer.o(.bss)
    tim3                                     0x20000770   Data          24  multitimer.o(.bss)
    Lcd_Rec                                  0x20000788   Data        1048  uart4_lcd.o(.bss)
    ESP8266_Buff                             0x20000ba0   Data         520  esp8266.o(.bss)
    IrDA_Buff                                0x20000da8   Data          20  irda.o(.bss)
    __initial_sp                             0x200011c0   Data           0  startup_gd32f450_470.o(STACK)



==============================================================================

Memory Map of the image

  Image Entry point : 0x080001ad

  Load Region LR_IROM1 (Base: 0x08000000, Size: 0x0000301c, Max: 0x00100000, ABSOLUTE)

    Execution Region ER_IROM1 (Exec base: 0x08000000, Load base: 0x08000000, Size: 0x00002f14, Max: 0x00100000, ABSOLUTE)

    Exec Addr    Load Addr    Size         Type   Attr      Idx    E Section Name        Object

    0x08000000   0x08000000   0x000001ac   Data   RO         5998    RESET               startup_gd32f450_470.o
    0x080001ac   0x080001ac   0x00000000   Code   RO         6465  * .ARM.Collect$$$$00000000  mc_w.l(entry.o)
    0x080001ac   0x080001ac   0x00000004   Code   RO         6745    .ARM.Collect$$$$00000001  mc_w.l(entry2.o)
    0x080001b0   0x080001b0   0x00000004   Code   RO         6748    .ARM.Collect$$$$00000004  mc_w.l(entry5.o)
    0x080001b4   0x080001b4   0x00000000   Code   RO         6750    .ARM.Collect$$$$00000008  mc_w.l(entry7b.o)
    0x080001b4   0x080001b4   0x00000000   Code   RO         6752    .ARM.Collect$$$$0000000A  mc_w.l(entry8b.o)
    0x080001b4   0x080001b4   0x00000008   Code   RO         6753    .ARM.Collect$$$$0000000B  mc_w.l(entry9a.o)
    0x080001bc   0x080001bc   0x00000000   Code   RO         6755    .ARM.Collect$$$$0000000D  mc_w.l(entry10a.o)
    0x080001bc   0x080001bc   0x00000000   Code   RO         6757    .ARM.Collect$$$$0000000F  mc_w.l(entry11a.o)
    0x080001bc   0x080001bc   0x00000004   Code   RO         6746    .ARM.Collect$$$$00002712  mc_w.l(entry2.o)
    0x080001c0   0x080001c0   0x00000024   Code   RO         5999    .text               startup_gd32f450_470.o
    0x080001e4   0x080001e4   0x00000024   Code   RO         6468    .text               mc_w.l(memcpya.o)
    0x08000208   0x08000208   0x00000024   Code   RO         6470    .text               mc_w.l(memseta.o)
    0x0800022c   0x0800022c   0x00000024   Code   RO         6472    .text               mc_w.l(strstr.o)
    0x08000250   0x08000250   0x00000012   Code   RO         6476    .text               mc_w.l(strcpy.o)
    0x08000262   0x08000262   0x00000002   PAD
    0x08000264   0x08000264   0x00000038   Code   RO         6741    .text               mc_w.l(__0sscanf.o)
    0x0800029c   0x0800029c   0x0000014c   Code   RO         6743    .text               mc_w.l(_scanf_int.o)
    0x080003e8   0x080003e8   0x00000062   Code   RO         6762    .text               mc_w.l(uldiv.o)
    0x0800044a   0x0800044a   0x0000001c   Code   RO         6764    .text               mc_w.l(_chval.o)
    0x08000466   0x08000466   0x00000002   PAD
    0x08000468   0x08000468   0x00000028   Code   RO         6766    .text               mc_w.l(scanf_char.o)
    0x08000490   0x08000490   0x00000040   Code   RO         6768    .text               mc_w.l(_sgetc.o)
    0x080004d0   0x080004d0   0x00000024   Code   RO         6781    .text               mc_w.l(init.o)
    0x080004f4   0x080004f4   0x0000001e   Code   RO         6783    .text               mc_w.l(llshl.o)
    0x08000512   0x08000512   0x00000020   Code   RO         6785    .text               mc_w.l(llushr.o)
    0x08000532   0x08000532   0x0000000a   Code   RO         6789    .text               mc_w.l(isspace_c.o)
    0x0800053c   0x0800053c   0x00000328   Code   RO         6791    .text               mc_w.l(_scanf.o)
    0x08000864   0x08000864   0x00000028   Code   RO         6795    .text               mc_w.l(ctype_c.o)
    0x0800088c   0x0800088c   0x00000034   Code   RO          384    i.AUTO_Threshod_Init  function.o
    0x080008c0   0x080008c0   0x00000038   Code   RO         6045    i.BEEP_Init         beep.o
    0x080008f8   0x080008f8   0x00000028   Code   RO         6046    i.BEEP_Install      beep.o
    0x08000920   0x08000920   0x00000004   Code   RO            3    i.BusFault_Handler  gd32f4xx_it.o
    0x08000924   0x08000924   0x00000058   Code   RO          385    i.Change_mode       function.o
    0x0800097c   0x0800097c   0x00000002   Code   RO            4    i.DebugMon_Handler  gd32f4xx_it.o
    0x0800097e   0x0800097e   0x00000002   PAD
    0x08000980   0x08000980   0x0000011c   Code   RO          387    i.Get_Val           function.o
    0x08000a9c   0x08000a9c   0x00000004   Code   RO            5    i.HardFault_Handler  gd32f4xx_it.o
    0x08000aa0   0x08000aa0   0x000000fc   Code   RO          388    i.IrDA_Send_Recevice  function.o
    0x08000b9c   0x08000b9c   0x000000b0   Code   RO         6319    i.Lcd_Read          uart4_lcd.o
    0x08000c4c   0x08000c4c   0x00000004   Code   RO            6    i.MemManage_Handler  gd32f4xx_it.o
    0x08000c50   0x08000c50   0x00000010   Code   RO         6206    i.MultiTimerInstall  multitimer.o
    0x08000c60   0x08000c60   0x00000088   Code   RO         6207    i.MultiTimerStart   multitimer.o
    0x08000ce8   0x08000ce8   0x00000048   Code   RO         6209    i.MultiTimerYield   multitimer.o
    0x08000d30   0x08000d30   0x00000002   Code   RO            7    i.NMI_Handler       gd32f4xx_it.o
    0x08000d32   0x08000d32   0x00000002   PAD
    0x08000d34   0x08000d34   0x00000028   Code   RO          341    i.NVIC_SetPriority  systick.o
    0x08000d5c   0x08000d5c   0x00000002   Code   RO            8    i.PendSV_Handler    gd32f4xx_it.o
    0x08000d5e   0x08000d5e   0x00000002   Code   RO            9    i.SVC_Handler       gd32f4xx_it.o
    0x08000d60   0x08000d60   0x00000008   Code   RO           10    i.SysTick_Handler   gd32f4xx_it.o
    0x08000d68   0x08000d68   0x000000d4   Code   RO          453    i.SystemInit        system_gd32f4xx.o
    0x08000e3c   0x08000e3c   0x0000001c   Code   RO         6285    i.TIMER1_IRQHandler  timer.o
    0x08000e58   0x08000e58   0x00000064   Code   RO         6163    i.UART3_DMA_Send    zigbee_uart3.o
    0x08000ebc   0x08000ebc   0x000000a0   Code   RO         6164    i.UART3_IRQHandler  zigbee_uart3.o
    0x08000f5c   0x08000f5c   0x00000058   Code   RO         6320    i.UART4_IRQHandler  uart4_lcd.o
    0x08000fb4   0x08000fb4   0x000000fc   Code   RO         6321    i.UART4_Lcd_Init    uart4_lcd.o
    0x080010b0   0x080010b0   0x000000fc   Code   RO         6378    i.UART6_ESP8266_Init  esp8266.o
    0x080011ac   0x080011ac   0x00000074   Code   RO         6379    i.UART6_IRQHandler  esp8266.o
    0x08001220   0x08001220   0x00000214   Code   RO          390    i.UART_Lcd_Task     function.o
    0x08001434   0x08001434   0x0000004c   Code   RO         6102    i.USART0_IRQHandler  usart0.o
    0x08001480   0x08001480   0x00000050   Code   RO         6421    i.USART5_IRQHandler  irda.o
    0x080014d0   0x080014d0   0x000000fc   Code   RO         6422    i.USART5_IrDA_Init  irda.o
    0x080015cc   0x080015cc   0x00000004   Code   RO           11    i.UsageFault_Handler  gd32f4xx_it.o
    0x080015d0   0x080015d0   0x000001c8   Code   RO         6165    i.ZigBee_UART3_init  zigbee_uart3.o
    0x08001798   0x08001798   0x00000020   Code   RO         6687    i.__0printf$8       mc_w.l(printf8.o)
    0x080017b8   0x080017b8   0x00000028   Code   RO         6689    i.__0sprintf$8      mc_w.l(printf8.o)
    0x080017e0   0x080017e0   0x0000000e   Code   RO         6800    i.__scatterload_copy  mc_w.l(handlers.o)
    0x080017ee   0x080017ee   0x00000002   Code   RO         6801    i.__scatterload_null  mc_w.l(handlers.o)
    0x080017f0   0x080017f0   0x0000000e   Code   RO         6802    i.__scatterload_zeroinit  mc_w.l(handlers.o)
    0x080017fe   0x080017fe   0x00000002   PAD
    0x08001800   0x08001800   0x00000408   Code   RO         6694    i._printf_core      mc_w.l(printf8.o)
    0x08001c08   0x08001c08   0x00000024   Code   RO         6695    i._printf_post_padding  mc_w.l(printf8.o)
    0x08001c2c   0x08001c2c   0x0000002e   Code   RO         6696    i._printf_pre_padding  mc_w.l(printf8.o)
    0x08001c5a   0x08001c5a   0x0000000a   Code   RO         6698    i._sputc            mc_w.l(printf8.o)
    0x08001c64   0x08001c64   0x00000014   Code   RO          342    i.delay_1ms         systick.o
    0x08001c78   0x08001c78   0x00000018   Code   RO          343    i.delay_decrement   systick.o
    0x08001c90   0x08001c90   0x00000020   Code   RO         1066    i.dma_channel_disable  gd32f4xx_dma.o
    0x08001cb0   0x08001cb0   0x00000020   Code   RO         1067    i.dma_channel_enable  gd32f4xx_dma.o
    0x08001cd0   0x08001cd0   0x00000026   Code   RO         1068    i.dma_channel_subperipheral_select  gd32f4xx_dma.o
    0x08001cf6   0x08001cf6   0x00000020   Code   RO         1069    i.dma_circulation_disable  gd32f4xx_dma.o
    0x08001d16   0x08001d16   0x00000020   Code   RO         1070    i.dma_circulation_enable  gd32f4xx_dma.o
    0x08001d36   0x08001d36   0x000000a4   Code   RO         1071    i.dma_deinit        gd32f4xx_dma.o
    0x08001dda   0x08001dda   0x0000003e   Code   RO         1073    i.dma_flag_clear    gd32f4xx_dma.o
    0x08001e18   0x08001e18   0x0000004c   Code   RO         1074    i.dma_flag_get      gd32f4xx_dma.o
    0x08001e64   0x08001e64   0x0000003e   Code   RO         1077    i.dma_interrupt_enable  gd32f4xx_dma.o
    0x08001ea2   0x08001ea2   0x0000003e   Code   RO         1078    i.dma_interrupt_flag_clear  gd32f4xx_dma.o
    0x08001ee0   0x08001ee0   0x00000020   Code   RO         1080    i.dma_memory_address_config  gd32f4xx_dma.o
    0x08001f00   0x08001f00   0x00000158   Code   RO         1091    i.dma_single_data_mode_init  gd32f4xx_dma.o
    0x08002058   0x08002058   0x00000022   Code   RO         1092    i.dma_single_data_para_struct_init  gd32f4xx_dma.o
    0x0800207a   0x0800207a   0x00000010   Code   RO         1096    i.dma_transfer_number_config  gd32f4xx_dma.o
    0x0800208a   0x0800208a   0x00000010   Code   RO         1097    i.dma_transfer_number_get  gd32f4xx_dma.o
    0x0800209a   0x0800209a   0x00000002   PAD
    0x0800209c   0x0800209c   0x0000002c   Code   RO         6106    i.fputc             usart0.o
    0x080020c8   0x080020c8   0x000000e4   Code   RO         6107    i.gd_eval_com_init  usart0.o
    0x080021ac   0x080021ac   0x00000054   Code   RO         6005    i.gd_eval_led_init  led.o
    0x08002200   0x08002200   0x0000005e   Code   RO          962    i.gpio_af_set       gd32f4xx_gpio.o
    0x0800225e   0x0800225e   0x0000004e   Code   RO          970    i.gpio_mode_set     gd32f4xx_gpio.o
    0x080022ac   0x080022ac   0x00000042   Code   RO          972    i.gpio_output_options_set  gd32f4xx_gpio.o
    0x080022ee   0x080022ee   0x00000002   PAD
    0x080022f0   0x080022f0   0x00000100   Code   RO          243    i.main              main.o
    0x080023f0   0x080023f0   0x000000c4   Code   RO         4180    i.nvic_irq_enable   gd32f4xx_misc.o
    0x080024b4   0x080024b4   0x00000014   Code   RO         4181    i.nvic_priority_group_set  gd32f4xx_misc.o
    0x080024c8   0x080024c8   0x00000124   Code   RO         1373    i.rcu_clock_freq_get  gd32f4xx_rcu.o
    0x080025ec   0x080025ec   0x00000024   Code   RO         1392    i.rcu_periph_clock_enable  gd32f4xx_rcu.o
    0x08002610   0x08002610   0x00000024   Code   RO         1395    i.rcu_periph_reset_disable  gd32f4xx_rcu.o
    0x08002634   0x08002634   0x00000024   Code   RO         1396    i.rcu_periph_reset_enable  gd32f4xx_rcu.o
    0x08002658   0x08002658   0x000000fc   Code   RO          454    i.system_clock_200m_irc16m  system_gd32f4xx.o
    0x08002754   0x08002754   0x00000008   Code   RO          455    i.system_clock_config  system_gd32f4xx.o
    0x0800275c   0x0800275c   0x00000050   Code   RO          344    i.systick_config    systick.o
    0x080027ac   0x080027ac   0x0000000c   Code   RO         6210    i.systick_get       multitimer.o
    0x080027b8   0x080027b8   0x00000018   Code   RO         6211    i.systick_run       multitimer.o
    0x080027d0   0x080027d0   0x0000006c   Code   RO         6212    i.timer1_callback   multitimer.o
    0x0800283c   0x0800283c   0x0000003c   Code   RO         6213    i.timer2_callback   multitimer.o
    0x08002878   0x08002878   0x000000d8   Code   RO         6286    i.timer_config      timer.o
    0x08002950   0x08002950   0x00000184   Code   RO         5014    i.timer_deinit      gd32f4xx_timer.o
    0x08002ad4   0x08002ad4   0x0000000a   Code   RO         5019    i.timer_enable      gd32f4xx_timer.o
    0x08002ade   0x08002ade   0x00000002   PAD
    0x08002ae0   0x08002ae0   0x00000098   Code   RO         5029    i.timer_init        gd32f4xx_timer.o
    0x08002b78   0x08002b78   0x00000008   Code   RO         5036    i.timer_interrupt_enable  gd32f4xx_timer.o
    0x08002b80   0x08002b80   0x00000006   Code   RO         5037    i.timer_interrupt_flag_clear  gd32f4xx_timer.o
    0x08002b86   0x08002b86   0x00000018   Code   RO         5038    i.timer_interrupt_flag_get  gd32f4xx_timer.o
    0x08002b9e   0x08002b9e   0x00000016   Code   RO         5049    i.timer_struct_para_init  gd32f4xx_timer.o
    0x08002bb4   0x08002bb4   0x000000e8   Code   RO         5599    i.usart_baudrate_set  gd32f4xx_usart.o
    0x08002c9c   0x08002c9c   0x0000000a   Code   RO         5603    i.usart_data_receive  gd32f4xx_usart.o
    0x08002ca6   0x08002ca6   0x00000008   Code   RO         5604    i.usart_data_transmit  gd32f4xx_usart.o
    0x08002cae   0x08002cae   0x00000002   PAD
    0x08002cb0   0x08002cb0   0x000000dc   Code   RO         5605    i.usart_deinit      gd32f4xx_usart.o
    0x08002d8c   0x08002d8c   0x00000014   Code   RO         5607    i.usart_dma_receive_config  gd32f4xx_usart.o
    0x08002da0   0x08002da0   0x00000014   Code   RO         5608    i.usart_dma_transmit_config  gd32f4xx_usart.o
    0x08002db4   0x08002db4   0x0000000a   Code   RO         5609    i.usart_enable      gd32f4xx_usart.o
    0x08002dbe   0x08002dbe   0x0000001a   Code   RO         5610    i.usart_flag_clear  gd32f4xx_usart.o
    0x08002dd8   0x08002dd8   0x0000001e   Code   RO         5611    i.usart_flag_get    gd32f4xx_usart.o
    0x08002df6   0x08002df6   0x0000001a   Code   RO         5619    i.usart_interrupt_enable  gd32f4xx_usart.o
    0x08002e10   0x08002e10   0x0000001a   Code   RO         5620    i.usart_interrupt_flag_clear  gd32f4xx_usart.o
    0x08002e2a   0x08002e2a   0x00000038   Code   RO         5621    i.usart_interrupt_flag_get  gd32f4xx_usart.o
    0x08002e62   0x08002e62   0x00000010   Code   RO         5634    i.usart_parity_config  gd32f4xx_usart.o
    0x08002e72   0x08002e72   0x00000010   Code   RO         5636    i.usart_receive_config  gd32f4xx_usart.o
    0x08002e82   0x08002e82   0x00000010   Code   RO         5647    i.usart_stop_bit_set  gd32f4xx_usart.o
    0x08002e92   0x08002e92   0x00000010   Code   RO         5651    i.usart_transmit_config  gd32f4xx_usart.o
    0x08002ea2   0x08002ea2   0x00000010   Code   RO         5652    i.usart_word_length_set  gd32f4xx_usart.o
    0x08002eb2   0x08002eb2   0x00000040   Data   RO         6796    .constdata          mc_w.l(ctype_c.o)
    0x08002ef2   0x08002ef2   0x00000002   PAD
    0x08002ef4   0x08002ef4   0x00000020   Data   RO         6798    Region$$Table       anon$$obj.o


    Execution Region RW_IRAM1 (Exec base: 0x20000000, Load base: 0x08002f14, Size: 0x000011c0, Max: 0x00070000, ABSOLUTE)

    Exec Addr    Load Addr    Size         Type   Attr      Idx    E Section Name        Object

    0x20000000   0x08002f14   0x00000004   Data   RW          345    .data               systick.o
    0x20000004   0x08002f18   0x00000084   Data   RW          392    .data               function.o
    0x20000088   0x08002f9c   0x00000004   Data   RW          456    .data               system_gd32f4xx.o
    0x2000008c   0x08002fa0   0x00000014   Data   RW         6009    .data               led.o
    0x200000a0   0x08002fb4   0x0000000d   Data   RW         6109    .data               usart0.o
    0x200000ad   0x08002fc1   0x00000003   PAD
    0x200000b0   0x08002fc4   0x00000016   Data   RW         6167    .data               zigbee_uart3.o
    0x200000c6   0x08002fda   0x00000002   PAD
    0x200000c8   0x08002fdc   0x00000014   Data   RW         6215    .data               multitimer.o
    0x200000dc   0x08002ff0   0x0000000c   Data   RW         6325    .data               uart4_lcd.o
    0x200000e8   0x08002ffc   0x0000000c   Data   RW         6381    .data               esp8266.o
    0x200000f4   0x08003008   0x00000010   Data   RW         6424    .data               irda.o
    0x20000104   0x08003018   0x00000004   Data   RW         6759    .data               mc_w.l(stdout.o)
    0x20000108        -       0x00000138   Zero   RW          391    .bss                function.o
    0x20000240        -       0x00000200   Zero   RW         6108    .bss                usart0.o
    0x20000440        -       0x00000300   Zero   RW         6166    .bss                zigbee_uart3.o
    0x20000740        -       0x00000048   Zero   RW         6214    .bss                multitimer.o
    0x20000788        -       0x00000418   Zero   RW         6324    .bss                uart4_lcd.o
    0x20000ba0        -       0x00000208   Zero   RW         6380    .bss                esp8266.o
    0x20000da8        -       0x00000014   Zero   RW         6423    .bss                irda.o
    0x20000dbc   0x0800301c   0x00000004   PAD
    0x20000dc0        -       0x00000400   Zero   RW         5996    STACK               startup_gd32f450_470.o


==============================================================================

Image component sizes


      Code (inc. data)   RO Data    RW Data    ZI Data      Debug   Object Name

        96         10          0          0          0       1095   beep.o
       368         44          0         12        520       2839   esp8266.o
      1208        428          0        132        312       5340   function.o
      1034          4          0          0          0      11862   gd32f4xx_dma.o
       238          0          0          0          0       2580   gd32f4xx_gpio.o
        32          0          0          0          0      72323   gd32f4xx_it.o
       216         20          0          0          0       1572   gd32f4xx_misc.o
       400         40          0          0          0       3964   gd32f4xx_rcu.o
       610         44          0          0          0       5633   gd32f4xx_timer.o
       764         18          0          0          0      12320   gd32f4xx_usart.o
       332         42          0         16         20       3077   irda.o
        84         14          0         20          0       1299   led.o
       256         82          0          0          0       5791   main.o
       428         84          0         20         72       6062   multitimer.o
        36          8        428          0       1024        940   startup_gd32f450_470.o
       472         32          0          4          0       3187   system_gd32f4xx.o
       164         24          0          4          0      29342   systick.o
       244         10          0          0          0       1279   timer.o
       516         90          0         12       1048       3525   uart4_lcd.o
       348         40          0         13        512       4205   usart0.o
       716         76          0         22        768       3453   zigbee_uart3.o

    ----------------------------------------------------------------------
      8574       1110        460        260       4280     181688   Object Totals
         0          0         32          0          0          0   (incl. Generated)
        12          0          0          5          4          0   (incl. Padding)

    ----------------------------------------------------------------------

      Code (inc. data)   RO Data    RW Data    ZI Data      Debug   Library Member Name

        56          8          0          0          0         84   __0sscanf.o
        28          0          0          0          0         68   _chval.o
       808          6          0          0          0        112   _scanf.o
       332          0          0          0          0         96   _scanf_int.o
        64          0          0          0          0         84   _sgetc.o
        40          6         64          0          0         68   ctype_c.o
         0          0          0          0          0          0   entry.o
         0          0          0          0          0          0   entry10a.o
         0          0          0          0          0          0   entry11a.o
         8          4          0          0          0          0   entry2.o
         4          0          0          0          0          0   entry5.o
         0          0          0          0          0          0   entry7b.o
         0          0          0          0          0          0   entry8b.o
         8          4          0          0          0          0   entry9a.o
        30          0          0          0          0          0   handlers.o
        36          8          0          0          0         68   init.o
        10          0          0          0          0         68   isspace_c.o
        30          0          0          0          0         68   llshl.o
        32          0          0          0          0         68   llushr.o
        36          0          0          0          0         68   memcpya.o
        36          0          0          0          0        108   memseta.o
      1196         60          0          0          0        504   printf8.o
        40          8          0          0          0         84   scanf_char.o
         0          0          0          4          0          0   stdout.o
        18          0          0          0          0         68   strcpy.o
        36          0          0          0          0         80   strstr.o
        98          0          0          0          0         92   uldiv.o

    ----------------------------------------------------------------------
      2952        104         66          4          0       1788   Library Totals
         6          0          2          0          0          0   (incl. Padding)

    ----------------------------------------------------------------------

      Code (inc. data)   RO Data    RW Data    ZI Data      Debug   Library Name

      2946        104         64          4          0       1788   mc_w.l

    ----------------------------------------------------------------------
      2952        104         66          4          0       1788   Library Totals

    ----------------------------------------------------------------------

==============================================================================


      Code (inc. data)   RO Data    RW Data    ZI Data      Debug   

     11526       1214        526        264       4280     173744   Grand Totals
     11526       1214        526        264       4280     173744   ELF Image Totals
     11526       1214        526        264          0          0   ROM Totals

==============================================================================

    Total RO  Size (Code + RO Data)                12052 (  11.77kB)
    Total RW  Size (RW Data + ZI Data)              4544 (   4.44kB)
    Total ROM Size (Code + RO Data + RW Data)      12316 (  12.03kB)

==============================================================================

