Product: MDK Plus 5.37
Component: ARM Compiler 5.04 update 1 (build 49)
Tool: armlink [5040049]

==============================================================================

Section Cross References

    gd32f4xx_it.o(i.SysTick_Handler) refers to systick.o(i.delay_decrement) for delay_decrement
    main.o(i.led_spark) refers to led.o(i.gd_eval_led_on) for gd_eval_led_on
    main.o(i.led_spark) refers to led.o(i.gd_eval_led_off) for gd_eval_led_off
    main.o(i.led_spark) refers to main.o(.data) for timingdelaylocal
    main.o(i.main) refers to function.o(i.AUTO_Threshod_Init) for AUTO_Threshod_Init
    main.o(i.main) refers to systick.o(i.systick_config) for systick_config
    main.o(i.main) refers to timer.o(i.timer_config) for timer_config
    main.o(i.main) refers to led.o(i.gd_eval_led_init) for gd_eval_led_init
    main.o(i.main) refers to usart0.o(i.gd_eval_com_init) for gd_eval_com_init
    main.o(i.main) refers to key.o(i.gd_eval_key_init) for gd_eval_key_init
    main.o(i.main) refers to beep.o(i.BEEP_Init) for BEEP_Init
    main.o(i.main) refers to beep.o(i.BEEP_Install) for BEEP_Install
    main.o(i.main) refers to zigbee_uart3.o(i.ZigBee_UART3_init) for ZigBee_UART3_init
    main.o(i.main) refers to uart4_lcd.o(i.UART4_Lcd_Init) for UART4_Lcd_Init
    main.o(i.main) refers to esp8266.o(i.UART6_ESP8266_Init) for UART6_ESP8266_Init
    main.o(i.main) refers to irda.o(i.USART5_IrDA_Init) for USART5_IrDA_Init
    main.o(i.main) refers to esp32_cam.o(i.ESP32_CAM_USART2_Init) for ESP32_CAM_USART2_Init
    main.o(i.main) refers to esp8266.o(i.ESP8266_Init) for ESP8266_Init
    main.o(i.main) refers to esp8266.o(i.ESP32ConnetWIFI) for ESP32ConnetWIFI
    main.o(i.main) refers to esp8266.o(i.ESP32ConnetServer) for ESP32ConnetServer
    main.o(i.main) refers to esp8266.o(i.ESP8266_SendCmd) for ESP8266_SendCmd
    main.o(i.main) refers to multitimer.o(i.MultiTimerInstall) for MultiTimerInstall
    main.o(i.main) refers to multitimer.o(i.MultiTimerStart) for MultiTimerStart
    main.o(i.main) refers to multitimer.o(i.MultiTimerYield) for MultiTimerYield
    main.o(i.main) refers to function.o(i.UART_Lcd_Task) for UART_Lcd_Task
    main.o(i.main) refers to function.o(i.Change_mode) for Change_mode
    main.o(i.main) refers to memcpya.o(.text) for __aeabi_memcpy4
    main.o(i.main) refers to function.o(i.Get_Val) for Get_Val
    main.o(i.main) refers to function.o(i.IrDA_Send_Recevice) for IrDA_Send_Recevice
    main.o(i.main) refers to key.o(i.Key_Control) for Key_Control
    main.o(i.main) refers to multitimer.o(i.systick_get) for systick_get
    main.o(i.main) refers to multitimer.o(i.timer1_callback) for timer1_callback
    main.o(i.main) refers to multitimer.o(.bss) for tim1
    main.o(i.main) refers to multitimer.o(i.timer2_callback) for timer2_callback
    main.o(i.main) refers to function.o(.bss) for Auto_Threshod
    main.o(i.main) refers to irda.o(.bss) for IrDA_Buff
    systick.o(i.delay_1ms) refers to systick.o(.data) for delay
    systick.o(i.delay_decrement) refers to systick.o(.data) for delay
    systick.o(i.systick_config) refers to systick.o(i.NVIC_SetPriority) for NVIC_SetPriority
    systick.o(i.systick_config) refers to system_gd32f4xx.o(.data) for SystemCoreClock
    function.o(i.AUTO_Threshod_Init) refers to function.o(.bss) for Auto_Threshod
    function.o(i.Change_mode) refers to printf8.o(i.__0printf$8) for __2printf
    function.o(i.ESP8266_Send_Recevice) refers to systick.o(i.delay_1ms) for delay_1ms
    function.o(i.ESP8266_Send_Recevice) refers to esp8266.o(i.Send_ESP8266_String) for Send_ESP8266_String
    function.o(i.ESP8266_Send_Recevice) refers to printf8.o(i.__0printf$8) for __2printf
    function.o(i.ESP8266_Send_Recevice) refers to memseta.o(.text) for __aeabi_memclr4
    function.o(i.ESP8266_Send_Recevice) refers to esp8266.o(.bss) for ESP8266_Buff
    function.o(i.Get_Val) refers to printf8.o(i.__0sprintf$8) for __2sprintf
    function.o(i.Get_Val) refers to memseta.o(.text) for __aeabi_memclr
    function.o(i.Get_Val) refers to zigbee_uart3.o(i.UART3_DMA_Send) for UART3_DMA_Send
    function.o(i.Get_Val) refers to printf8.o(i.__0printf$8) for __2printf
    function.o(i.Get_Val) refers to multitimer.o(.data) for Zibgbee_sendtime
    function.o(i.Get_Val) refers to function.o(.data) for Run_flag
    function.o(i.Get_Val) refers to zigbee_uart3.o(.bss) for UART3_Tx_DMA_buffer
    function.o(i.IrDA_Send_Recevice) refers to printf8.o(i.__0printf$8) for __2printf
    function.o(i.LED_Install) refers to led.o(i.gd_eval_led_on) for gd_eval_led_on
    function.o(i.LED_Install) refers to led.o(i.gd_eval_led_off) for gd_eval_led_off
    function.o(i.LED_Install) refers to systick.o(i.delay_1ms) for delay_1ms
    function.o(i.UART_Lcd_Task) refers to _scanf_int.o(.text) for _scanf_int
    function.o(i.UART_Lcd_Task) refers to memseta.o(.text) for __aeabi_memclr4
    function.o(i.UART_Lcd_Task) refers to uart4_lcd.o(i.Lcd_Read) for Lcd_Read
[...]
    ../clib/scanf.c                          0x00000000   Number         0  __0sscanf.o ABSOLUTE
    ../clib/scanf.c                          0x00000000   Number         0  _scanf.o ABSOLUTE
    ../clib/scanf.c                          0x00000000   Number         0  _chval.o ABSOLUTE
    ../clib/scanf.c                          0x00000000   Number         0  scanf_char.o ABSOLUTE
    ../clib/scanf.c                          0x00000000   Number         0  _scanf_int.o ABSOLUTE
    ../fplib/microlib/fpadd.c                0x00000000   Number         0  dadd.o ABSOLUTE
    ../fplib/microlib/fpdiv.c                0x00000000   Number         0  ddiv.o ABSOLUTE
    ../fplib/microlib/fpepilogue.c           0x00000000   Number         0  depilogue.o ABSOLUTE
    ../fplib/microlib/fpfix.c                0x00000000   Number         0  dfixul.o ABSOLUTE
    ../fplib/microlib/fpmul.c                0x00000000   Number         0  dmul.o ABSOLUTE
    ..\..\Firmware\CMSIS\GD\GD32F4xx\Source\ARM\startup_gd32f450_470.s 0x00000000   Number         0  startup_gd32f450_470.o ABSOLUTE
    ..\..\Firmware\CMSIS\GD\GD32F4xx\Source\system_gd32f4xx.c 0x00000000   Number         0  system_gd32f4xx.o ABSOLUTE
    ..\..\Firmware\GD32F4xx_standard_peripheral\Source\gd32f4xx_adc.c 0x00000000   Number         0  gd32f4xx_adc.o ABSOLUTE
    ..\..\Firmware\GD32F4xx_standard_peripheral\Source\gd32f4xx_can.c 0x00000000   Number         0  gd32f4xx_can.o ABSOLUTE
    ..\..\Firmware\GD32F4xx_standard_peripheral\Source\gd32f4xx_crc.c 0x00000000   Number         0  gd32f4xx_crc.o ABSOLUTE
    ..\..\Firmware\GD32F4xx_standard_peripheral\Source\gd32f4xx_ctc.c 0x00000000   Number         0  gd32f4xx_ctc.o ABSOLUTE
    ..\..\Firmware\GD32F4xx_standard_peripheral\Source\gd32f4xx_dac.c 0x00000000   Number         0  gd32f4xx_dac.o ABSOLUTE
    ..\..\Firmware\GD32F4xx_standard_peripheral\Source\gd32f4xx_dbg.c 0x00000000   Number         0  gd32f4xx_dbg.o ABSOLUTE
    ..\..\Firmware\GD32F4xx_standard_peripheral\Source\gd32f4xx_dci.c 0x00000000   Number         0  gd32f4xx_dci.o ABSOLUTE
    ..\..\Firmware\GD32F4xx_standard_peripheral\Source\gd32f4xx_dma.c 0x00000000   Number         0  gd32f4xx_dma.o ABSOLUTE
    ..\..\Firmware\GD32F4xx_standard_peripheral\Source\gd32f4xx_enet.c 0x00000000   Number         0  gd32f4xx_enet.o ABSOLUTE
    ..\..\Firmware\GD32F4xx_standard_peripheral\Source\gd32f4xx_exmc.c 0x00000000   Number         0  gd32f4xx_exmc.o ABSOLUTE
    ..\..\Firmware\GD32F4xx_standard_peripheral\Source\gd32f4xx_exti.c 0x00000000   Number         0  gd32f4xx_exti.o ABSOLUTE
    ..\..\Firmware\GD32F4xx_standard_peripheral\Source\gd32f4xx_fmc.c 0x00000000   Number         0  gd32f4xx_fmc.o ABSOLUTE
    ..\..\Firmware\GD32F4xx_standard_peripheral\Source\gd32f4xx_fwdgt.c 0x00000000   Number         0  gd32f4xx_fwdgt.o ABSOLUTE
    ..\..\Firmware\GD32F4xx_standard_peripheral\Source\gd32f4xx_gpio.c 0x00000000   Number         0  gd32f4xx_gpio.o ABSOLUTE
    ..\..\Firmware\GD32F4xx_standard_peripheral\Source\gd32f4xx_i2c.c 0x00000000   Number         0  gd32f4xx_i2c.o ABSOLUTE
    ..\..\Firmware\GD32F4xx_standard_peripheral\Source\gd32f4xx_ipa.c 0x00000000   Number         0  gd32f4xx_ipa.o ABSOLUTE
    ..\..\Firmware\GD32F4xx_standard_peripheral\Source\gd32f4xx_iref.c 0x00000000   Number         0  gd32f4xx_iref.o ABSOLUTE
    ..\..\Firmware\GD32F4xx_standard_peripheral\Source\gd32f4xx_misc.c 0x00000000   Number         0  gd32f4xx_misc.o ABSOLUTE
    ..\..\Firmware\GD32F4xx_standard_peripheral\Source\gd32f4xx_pmu.c 0x00000000   Number         0  gd32f4xx_pmu.o ABSOLUTE
    ..\..\Firmware\GD32F4xx_standard_peripheral\Source\gd32f4xx_rcu.c 0x00000000   Number         0  gd32f4xx_rcu.o ABSOLUTE
    ..\..\Firmware\GD32F4xx_standard_peripheral\Source\gd32f4xx_rtc.c 0x00000000   Number         0  gd32f4xx_rtc.o ABSOLUTE
    ..\..\Firmware\GD32F4xx_standard_peripheral\Source\gd32f4xx_sdio.c 0x00000000   Number         0  gd32f4xx_sdio.o ABSOLUTE
    ..\..\Firmware\GD32F4xx_standard_peripheral\Source\gd32f4xx_spi.c 0x00000000   Number         0  gd32f4xx_spi.o ABSOLUTE
    ..\..\Firmware\GD32F4xx_standard_peripheral\Source\gd32f4xx_syscfg.c 0x00000000   Number         0  gd32f4xx_syscfg.o ABSOLUTE
    ..\..\Firmware\GD32F4xx_standard_peripheral\Source\gd32f4xx_timer.c 0x00000000   Number         0  gd32f4xx_timer.o ABSOLUTE
    ..\..\Firmware\GD32F4xx_standard_peripheral\Source\gd32f4xx_tli.c 0x00000000   Number         0  gd32f4xx_tli.o ABSOLUTE
    ..\..\Firmware\GD32F4xx_standard_peripheral\Source\gd32f4xx_trng.c 0x00000000   Number         0  gd32f4xx_trng.o ABSOLUTE
    ..\..\Firmware\GD32F4xx_standard_peripheral\Source\gd32f4xx_usart.c 0x00000000   Number         0  gd32f4xx_usart.o ABSOLUTE
    ..\..\Firmware\GD32F4xx_standard_peripheral\Source\gd32f4xx_wwdgt.c 0x00000000   Number         0  gd32f4xx_wwdgt.o ABSOLUTE
    ..\..\HardWare\BEEP.c                    0x00000000   Number         0  beep.o ABSOLUTE
    ..\..\HardWare\ESP32_CAM.c               0x00000000   Number         0  esp32_cam.o ABSOLUTE
    ..\..\HardWare\ESP8266.c                 0x00000000   Number         0  esp8266.o ABSOLUTE
    ..\..\HardWare\IrDA.c                    0x00000000   Number         0  irda.o ABSOLUTE
    ..\..\HardWare\KEY.c                     0x00000000   Number         0  key.o ABSOLUTE
    ..\..\HardWare\LED.c                     0x00000000   Number         0  led.o ABSOLUTE
    ..\..\HardWare\MultiTimer.c              0x00000000   Number         0  multitimer.o ABSOLUTE
    ..\..\HardWare\Timer.c                   0x00000000   Number         0  timer.o ABSOLUTE
    ..\..\HardWare\UART4_Lcd.c               0x00000000   Number         0  uart4_lcd.o ABSOLUTE
    ..\..\HardWare\USART0.c                  0x00000000   Number         0  usart0.o ABSOLUTE
    ..\..\HardWare\ZigBee_UART3.c            0x00000000   Number         0  zigbee_uart3.o ABSOLUTE
    ..\\..\\Firmware\\CMSIS\\GD\\GD32F4xx\\Source\\system_gd32f4xx.c 0x00000000   Number         0  system_gd32f4xx.o ABSOLUTE
    ..\\..\\Firmware\\GD32F4xx_standard_peripheral\\Source\\gd32f4xx_adc.c 0x00000000   Number         0  gd32f4xx_adc.o ABSOLUTE
    ..\\..\\Firmware\\GD32F4xx_standard_peripheral\\Source\\gd32f4xx_can.c 0x00000000   Number         0  gd32f4xx_can.o ABSOLUTE
    ..\\..\\Firmware\\GD32F4xx_standard_peripheral\\Source\\gd32f4xx_crc.c 0x00000000   Number         0  gd32f4xx_crc.o ABSOLUTE
    ..\\..\\Firmware\\GD32F4xx_standard_peripheral\\Source\\gd32f4xx_ctc.c 0x00000000   Number         0  gd32f4xx_ctc.o ABSOLUTE
    ..\\..\\Firmware\\GD32F4xx_standard_peripheral\\Source\\gd32f4xx_dac.c 0x00000000   Number         0  gd32f4xx_dac.o ABSOLUTE
    ..\\..\\Firmware\\GD32F4xx_standard_peripheral\\Source\\gd32f4xx_dbg.c 0x00000000   Number         0  gd32f4xx_dbg.o ABSOLUTE
    ..\\..\\Firmware\\GD32F4xx_standard_peripheral\\Source\\gd32f4xx_dci.c 0x00000000   Number         0  gd32f4xx_dci.o ABSOLUTE
    ..\\..\\Firmware\\GD32F4xx_standard_peripheral\\Source\\gd32f4xx_dma.c 0x00000000   Number         0  gd32f4xx_dma.o ABSOLUTE
    ..\\..\\Firmware\\GD32F4xx_standard_peripheral\\Source\\gd32f4xx_enet.c 0x00000000   Number         0  gd32f4xx_enet.o ABSOLUTE
    ..\\..\\Firmware\\GD32F4xx_standard_peripheral\\Source\\gd32f4xx_exmc.c 0x00000000   Number         0  gd32f4xx_exmc.o ABSOLUTE
    ..\\..\\Firmware\\GD32F4xx_standard_peripheral\\Source\\gd32f4xx_exti.c 0x00000000   Number         0  gd32f4xx_exti.o ABSOLUTE
    ..\\..\\Firmware\\GD32F4xx_standard_peripheral\\Source\\gd32f4xx_fmc.c 0x00000000   Number         0  gd32f4xx_fmc.o ABSOLUTE
    ..\\..\\Firmware\\GD32F4xx_standard_peripheral\\Source\\gd32f4xx_fwdgt.c 0x00000000   Number         0  gd32f4xx_fwdgt.o ABSOLUTE
    ..\\..\\Firmware\\GD32F4xx_standard_peripheral\\Source\\gd32f4xx_gpio.c 0x00000000   Number         0  gd32f4xx_gpio.o ABSOLUTE
    ..\\..\\Firmware\\GD32F4xx_standard_peripheral\\Source\\gd32f4xx_i2c.c 0x00000000   Number         0  gd32f4xx_i2c.o ABSOLUTE
    ..\\..\\Firmware\\GD32F4xx_standard_peripheral\\Source\\gd32f4xx_ipa.c 0x00000000   Number         0  gd32f4xx_ipa.o ABSOLUTE
    ..\\..\\Firmware\\GD32F4xx_standard_peripheral\\Source\\gd32f4xx_iref.c 0x00000000   Number         0  gd32f4xx_iref.o ABSOLUTE
    ..\\..\\Firmware\\GD32F4xx_standard_peripheral\\Source\\gd32f4xx_misc.c 0x00000000   Number         0  gd32f4xx_misc.o ABSOLUTE
    ..\\..\\Firmware\\GD32F4xx_standard_peripheral\\Source\\gd32f4xx_pmu.c 0x00000000   Number         0  gd32f4xx_pmu.o ABSOLUTE
    ..\\..\\Firmware\\GD32F4xx_standard_peripheral\\Source\\gd32f4xx_rcu.c 0x00000000   Number         0  gd32f4xx_rcu.o ABSOLUTE
    ..\\..\\Firmware\\GD32F4xx_standard_peripheral\\Source\\gd32f4xx_rtc.c 0x00000000   Number         0  gd32f4xx_rtc.o ABSOLUTE
    ..\\..\\Firmware\\GD32F4xx_standard_peripheral\\Source\\gd32f4xx_sdio.c 0x00000000   Number         0  gd32f4xx_sdio.o ABSOLUTE
    ..\\..\\Firmware\\GD32F4xx_standard_peripheral\\Source\\gd32f4xx_spi.c 0x00000000   Number         0  gd32f4xx_spi.o ABSOLUTE
    ..\\..\\Firmware\\GD32F4xx_standard_peripheral\\Source\\gd32f4xx_syscfg.c 0x00000000   Number         0  gd32f4xx_syscfg.o ABSOLUTE
    ..\\..\\Firmware\\GD32F4xx_standard_peripheral\\Source\\gd32f4xx_timer.c 0x00000000   Number         0  gd32f4xx_timer.o ABSOLUTE
    ..\\..\\Firmware\\GD32F4xx_standard_peripheral\\Source\\gd32f4xx_tli.c 0x00000000   Number         0  gd32f4xx_tli.o ABSOLUTE
    ..\\..\\Firmware\\GD32F4xx_standard_peripheral\\Source\\gd32f4xx_trng.c 0x00000000   Number         0  gd32f4xx_trng.o ABSOLUTE
    ..\\..\\Firmware\\GD32F4xx_standard_peripheral\\Source\\gd32f4xx_usart.c 0x00000000   Number         0  gd32f4xx_usart.o ABSOLUTE
    ..\\..\\Firmware\\GD32F4xx_standard_peripheral\\Source\\gd32f4xx_wwdgt.c 0x00000000   Number         0  gd32f4xx_wwdgt.o ABSOLUTE
    ..\\..\\HardWare\\BEEP.c                 0x00000000   Number         0  beep.o ABSOLUTE
    ..\\..\\HardWare\\ESP32_CAM.c            0x00000000   Number         0  esp32_cam.o ABSOLUTE
    ..\\..\\HardWare\\ESP8266.c              0x00000000   Number         0  esp8266.o ABSOLUTE
    ..\\..\\HardWare\\IrDA.c                 0x00000000   Number         0  irda.o ABSOLUTE
    ..\\..\\HardWare\\KEY.c                  0x00000000   Number         0  key.o ABSOLUTE
    ..\\..\\HardWare\\LED.c                  0x00000000   Number         0  led.o ABSOLUTE
    ..\\..\\HardWare\\MultiTimer.c           0x00000000   Number         0  multitimer.o ABSOLUTE
    ..\\..\\HardWare\\Timer.c                0x00000000   Number         0  timer.o ABSOLUTE
    ..\\..\\HardWare\\UART4_Lcd.c            0x00000000   Number         0  uart4_lcd.o ABSOLUTE
    ..\\..\\HardWare\\USART0.c               0x00000000   Number         0  usart0.o ABSOLUTE
    ..\\..\\HardWare\\ZigBee_UART3.c         0x00000000   Number         0  zigbee_uart3.o ABSOLUTE
    ..\\function.c                           0x00000000   Number         0  function.o ABSOLUTE
    ..\\gd32f4xx_it.c                        0x00000000   Number         0  gd32f4xx_it.o ABSOLUTE
    ..\\main.c                               0x00000000   Number         0  main.o ABSOLUTE
    ..\\systick.c                            0x00000000   Number         0  systick.o ABSOLUTE
    ..\function.c                            0x00000000   Number         0  function.o ABSOLUTE
    ..\gd32f4xx_it.c                         0x00000000   Number         0  gd32f4xx_it.o ABSOLUTE
    ..\main.c                                0x00000000   Number         0  main.o ABSOLUTE
    ..\systick.c                             0x00000000   Number         0  systick.o ABSOLUTE
    cdrcmple.s                               0x00000000   Number         0  cdrcmple.o ABSOLUTE
    dc.s                                     0x00000000   Number         0  dc.o ABSOLUTE
    handlers.s                               0x00000000   Number         0  handlers.o ABSOLUTE
    init.s                                   0x00000000   Number         0  init.o ABSOLUTE
    RESET                                    0x08000000   Section      428  startup_gd32f450_470.o(RESET)
    .ARM.Collect$$$$00000000                 0x080001ac   Section        0  entry.o(.ARM.Collect$$$$00000000)
    .ARM.Collect$$$$00000001                 0x080001ac   Section        4  entry2.o(.ARM.Collect$$$$00000001)
    .ARM.Collect$$$$00000004                 0x080001b0   Section        4  entry5.o(.ARM.Collect$$$$00000004)
    .ARM.Collect$$$$00000008                 0x080001b4   Section        0  entry7b.o(.ARM.Collect$$$$00000008)
    .ARM.Collect$$$$0000000A                 0x080001b4   Section        0  entry8b.o(.ARM.Collect$$$$0000000A)
    .ARM.Collect$$$$0000000B                 0x080001b4   Section        8  entry9a.o(.ARM.Collect$$$$0000000B)
    .ARM.Collect$$$$0000000D                 0x080001bc   Section        0  entry10a.o(.ARM.Collect$$$$0000000D)
    .ARM.Collect$$$$0000000F                 0x080001bc   Section        0  entry11a.o(.ARM.Collect$$$$0000000F)
    .ARM.Collect$$$$00002712                 0x080001bc   Section        4  entry2.o(.ARM.Collect$$$$00002712)
    __lit__00000000                          0x080001bc   Data           4  entry2.o(.ARM.Collect$$$$00002712)
    .text                                    0x080001c0   Section       36  startup_gd32f450_470.o(.text)
    $v0                                      0x080001c0   Number         0  startup_gd32f450_470.o(.text)
    .text                                    0x080001e4   Section        0  memcpya.o(.text)
    .text                                    0x08000208   Section        0  memseta.o(.text)
    .text                                    0x0800022c   Section        0  strcat.o(.text)
    .text                                    0x08000244   Section        0  strstr.o(.text)
    .text                                    0x08000268   Section        0  strcmp.o(.text)
    .text                                    0x08000284   Section        0  strcpy.o(.text)
    .text                                    0x08000298   Section        0  __0sscanf.o(.text)
    .text                                    0x080002d0   Section        0  _scanf_int.o(.text)
    .text                                    0x0800041c   Section        0  uldiv.o(.text)
    .text                                    0x0800047e   Section        0  _chval.o(.text)
    .text                                    0x0800049c   Section        0  scanf_char.o(.text)
    _scanf_char_input                        0x0800049d   Thumb Code    12  scanf_char.o(.text)
    .text                                    0x080004c4   Section        0  _sgetc.o(.text)
    .text                                    0x08000504   Section       36  init.o(.text)
    .text                                    0x08000528   Section        0  llshl.o(.text)
    .text                                    0x08000546   Section        0  llushr.o(.text)
    .text                                    0x08000566   Section        0  isspace_c.o(.text)
    .text                                    0x08000570   Section        0  _scanf.o(.text)
    .text                                    0x08000898   Section        0  ctype_c.o(.text)
    .text                                    0x080008c0   Section        0  __dczerorl2.o(.text)
    i.AUTO_Threshod_Init                     0x08000918   Section        0  function.o(i.AUTO_Threshod_Init)
    i.BEEP_Init                              0x0800094c   Section        0  beep.o(i.BEEP_Init)
    i.BEEP_Install                           0x08000984   Section        0  beep.o(i.BEEP_Install)
    i.BusFault_Handler                       0x080009ac   Section        0  gd32f4xx_it.o(i.BusFault_Handler)
    i.Change_mode                            0x080009b0   Section        0  function.o(i.Change_mode)
    i.DebugMon_Handler                       0x08000a08   Section        0  gd32f4xx_it.o(i.DebugMon_Handler)
    i.ESP32ConnetServer                      0x08000a0c   Section        0  esp8266.o(i.ESP32ConnetServer)
    i.ESP32ConnetWIFI                        0x08000b10   Section        0  esp8266.o(i.ESP32ConnetWIFI)
    i.ESP32_CAM_USART2_Init                  0x08000bf4   Section        0  esp32_cam.o(i.ESP32_CAM_USART2_Init)
    i.ESP8266_Init                           0x08000ce4   Section        0  esp8266.o(i.ESP8266_Init)
    i.ESP8266_SendCmd                        0x08000d74   Section        0  esp8266.o(i.ESP8266_SendCmd)
    i.EXTI0_IRQHandler                       0x08000e58   Section        0  key.o(i.EXTI0_IRQHandler)
    i.EXTI1_IRQHandler                       0x08000e74   Section        0  key.o(i.EXTI1_IRQHandler)
    i.Get_Val                                0x08000e90   Section        0  function.o(i.Get_Val)
    i.HardFault_Handler                      0x08000fac   Section        0  gd32f4xx_it.o(i.HardFault_Handler)
    i.IrDA_Send_Recevice                     0x08000fb0   Section        0  function.o(i.IrDA_Send_Recevice)
    i.Key_Control                            0x080010ac   Section        0  key.o(i.Key_Control)
    i.Lcd_Read                               0x08001124   Section        0  uart4_lcd.o(i.Lcd_Read)
    i.MemManage_Handler                      0x080011d4   Section        0  gd32f4xx_it.o(i.MemManage_Handler)
    i.MultiTimerInstall                      0x080011d8   Section        0  multitimer.o(i.MultiTimerInstall)
    i.MultiTimerStart                        0x080011e8   Section        0  multitimer.o(i.MultiTimerStart)
    i.MultiTimerYield                        0x08001270   Section        0  multitimer.o(i.MultiTimerYield)
    i.NMI_Handler                            0x080012b8   Section        0  gd32f4xx_it.o(i.NMI_Handler)
    i.NVIC_SetPriority                       0x080012bc   Section        0  systick.o(i.NVIC_SetPriority)
    NVIC_SetPriority                         0x080012bd   Thumb Code    32  systick.o(i.NVIC_SetPriority)
    i.PendSV_Handler                         0x080012e4   Section        0  gd32f4xx_it.o(i.PendSV_Handler)
    i.SVC_Handler                            0x080012e6   Section        0  gd32f4xx_it.o(i.SVC_Handler)
    i.Send_ESP8266_String                    0x080012e8   Section        0  esp8266.o(i.Send_ESP8266_String)
    i.SysTick_Handler                        0x08001314   Section        0  gd32f4xx_it.o(i.SysTick_Handler)
    i.SystemInit                             0x0800131c   Section        0  system_gd32f4xx.o(i.SystemInit)
    i.TIMER1_IRQHandler                      0x080013f0   Section        0  timer.o(i.TIMER1_IRQHandler)
    i.UART3_DMA_Send                         0x0800140c   Section        0  zigbee_uart3.o(i.UART3_DMA_Send)
    i.UART3_IRQHandler                       0x08001470   Section        0  zigbee_uart3.o(i.UART3_IRQHandler)
    i.UART4_IRQHandler                       0x08001510   Section        0  uart4_lcd.o(i.UART4_IRQHandler)
    i.UART4_Lcd_Init                         0x08001568   Section        0  uart4_lcd.o(i.UART4_Lcd_Init)
    i.UART6_ESP8266_Init                     0x08001664   Section        0  esp8266.o(i.UART6_ESP8266_Init)
    i.UART6_IRQHandler                       0x08001760   Section        0  esp8266.o(i.UART6_IRQHandler)
    i.UART_Lcd_Task                          0x080017fc   Section        0  function.o(i.UART_Lcd_Task)
    i.USART0_IRQHandler                      0x08001a10   Section        0  usart0.o(i.USART0_IRQHandler)
    i.USART2_IRQHandler                      0x08001a5c   Section        0  esp32_cam.o(i.USART2_IRQHandler)
    i.USART5_IRQHandler                      0x08001aa8   Section        0  irda.o(i.USART5_IRQHandler)
    i.USART5_IrDA_Init                       0x08001af8   Section        0  irda.o(i.USART5_IrDA_Init)
    i.UsageFault_Handler                     0x08001bf4   Section        0  gd32f4xx_it.o(i.UsageFault_Handler)
    i.ZigBee_UART3_init                      0x08001bf8   Section        0  zigbee_uart3.o(i.ZigBee_UART3_init)
    i.__0printf$8                            0x08001dc0   Section        0  printf8.o(i.__0printf$8)
    i.__0sprintf$8                           0x08001de0   Section        0  printf8.o(i.__0sprintf$8)
    i.__scatterload_copy                     0x08001e08   Section       14  handlers.o(i.__scatterload_copy)
    i.__scatterload_null                     0x08001e16   Section        2  handlers.o(i.__scatterload_null)
    i.__scatterload_zeroinit                 0x08001e18   Section       14  handlers.o(i.__scatterload_zeroinit)
    i._printf_core                           0x08001e28   Section        0  printf8.o(i._printf_core)
    _printf_core                             0x08001e29   Thumb Code   988  printf8.o(i._printf_core)
    i._printf_post_padding                   0x08002230   Section        0  printf8.o(i._printf_post_padding)
    _printf_post_padding                     0x08002231   Thumb Code    36  printf8.o(i._printf_post_padding)
    i._printf_pre_padding                    0x08002254   Section        0  printf8.o(i._printf_pre_padding)
    _printf_pre_padding                      0x08002255   Thumb Code    46  printf8.o(i._printf_pre_padding)
    i._sputc                                 0x08002282   Section        0  printf8.o(i._sputc)
    _sputc                                   0x08002283   Thumb Code    10  printf8.o(i._sputc)
    i.delay_1ms                              0x0800228c   Section        0  systick.o(i.delay_1ms)
    i.delay_decrement                        0x080022a0   Section        0  systick.o(i.delay_decrement)
    i.dma_channel_disable                    0x080022b8   Section        0  gd32f4xx_dma.o(i.dma_channel_disable)
    i.dma_channel_enable                     0x080022d8   Section        0  gd32f4xx_dma.o(i.dma_channel_enable)
    i.dma_channel_subperipheral_select       0x080022f8   Section        0  gd32f4xx_dma.o(i.dma_channel_subperipheral_select)
    i.dma_circulation_disable                0x0800231e   Section        0  gd32f4xx_dma.o(i.dma_circulation_disable)
    i.dma_circulation_enable                 0x0800233e   Section        0  gd32f4xx_dma.o(i.dma_circulation_enable)
    i.dma_deinit                             0x0800235e   Section        0  gd32f4xx_dma.o(i.dma_deinit)
    i.dma_flag_clear                         0x08002402   Section        0  gd32f4xx_dma.o(i.dma_flag_clear)
    i.dma_flag_get                           0x08002440   Section        0  gd32f4xx_dma.o(i.dma_flag_get)
    i.dma_interrupt_enable                   0x0800248c   Section        0  gd32f4xx_dma.o(i.dma_interrupt_enable)
    i.dma_interrupt_flag_clear               0x080024ca   Section        0  gd32f4xx_dma.o(i.dma_interrupt_flag_clear)
    i.dma_memory_address_config              0x08002508   Section        0  gd32f4xx_dma.o(i.dma_memory_address_config)
    i.dma_single_data_mode_init              0x08002528   Section        0  gd32f4xx_dma.o(i.dma_single_data_mode_init)
    i.dma_single_data_para_struct_init       0x08002680   Section        0  gd32f4xx_dma.o(i.dma_single_data_para_struct_init)
    i.dma_transfer_number_config             0x080026a2   Section        0  gd32f4xx_dma.o(i.dma_transfer_number_config)
    i.dma_transfer_number_get                0x080026b2   Section        0  gd32f4xx_dma.o(i.dma_transfer_number_get)
    i.exti_init                              0x080026c4   Section        0  gd32f4xx_exti.o(i.exti_init)
    i.exti_interrupt_flag_clear              0x08002780   Section        0  gd32f4xx_exti.o(i.exti_interrupt_flag_clear)
    i.exti_interrupt_flag_get                0x0800278c   Section        0  gd32f4xx_exti.o(i.exti_interrupt_flag_get)
    i.fputc                                  0x080027a4   Section        0  usart0.o(i.fputc)
    i.gd_eval_com_init                       0x080027d0   Section        0  usart0.o(i.gd_eval_com_init)
    i.gd_eval_key_init                       0x080028b4   Section        0  key.o(i.gd_eval_key_init)
    i.gd_eval_led_init                       0x08002934   Section        0  led.o(i.gd_eval_led_init)
    i.gd_eval_led_off                        0x08002988   Section        0  led.o(i.gd_eval_led_off)
    i.gd_eval_led_on                         0x080029a0   Section        0  led.o(i.gd_eval_led_on)
    i.gpio_af_set                            0x080029b8   Section        0  gd32f4xx_gpio.o(i.gpio_af_set)
    i.gpio_mode_set                          0x08002a16   Section        0  gd32f4xx_gpio.o(i.gpio_mode_set)
    i.gpio_output_options_set                0x08002a64   Section        0  gd32f4xx_gpio.o(i.gpio_output_options_set)
    i.main                                   0x08002aa8   Section        0  main.o(i.main)
    i.nvic_irq_enable                        0x08002c4c   Section        0  gd32f4xx_misc.o(i.nvic_irq_enable)
    i.nvic_priority_group_set                0x08002d10   Section        0  gd32f4xx_misc.o(i.nvic_priority_group_set)
    i.rcu_clock_freq_get                     0x08002d24   Section        0  gd32f4xx_rcu.o(i.rcu_clock_freq_get)
    i.rcu_periph_clock_enable                0x08002e48   Section        0  gd32f4xx_rcu.o(i.rcu_periph_clock_enable)
    i.rcu_periph_reset_disable               0x08002e6c   Section        0  gd32f4xx_rcu.o(i.rcu_periph_reset_disable)
    i.rcu_periph_reset_enable                0x08002e90   Section        0  gd32f4xx_rcu.o(i.rcu_periph_reset_enable)
    i.syscfg_exti_line_config                0x08002eb4   Section        0  gd32f4xx_syscfg.o(i.syscfg_exti_line_config)
    i.system_clock_200m_irc16m               0x08002f60   Section        0  system_gd32f4xx.o(i.system_clock_200m_irc16m)
    system_clock_200m_irc16m                 0x08002f61   Thumb Code   238  system_gd32f4xx.o(i.system_clock_200m_irc16m)
    i.system_clock_config                    0x0800305c   Section        0  system_gd32f4xx.o(i.system_clock_config)
    system_clock_config                      0x0800305d   Thumb Code     8  system_gd32f4xx.o(i.system_clock_config)
    i.systick_config                         0x08003064   Section        0  systick.o(i.systick_config)
    i.systick_get                            0x080030b4   Section        0  multitimer.o(i.systick_get)
    i.systick_run                            0x080030c0   Section        0  multitimer.o(i.systick_run)
    i.timer1_callback                        0x080030d8   Section        0  multitimer.o(i.timer1_callback)
    i.timer2_callback                        0x08003144   Section        0  multitimer.o(i.timer2_callback)
    i.timer_config                           0x08003180   Section        0  timer.o(i.timer_config)
    i.timer_deinit                           0x08003258   Section        0  gd32f4xx_timer.o(i.timer_deinit)
    i.timer_enable                           0x080033dc   Section        0  gd32f4xx_timer.o(i.timer_enable)
    i.timer_init                             0x080033e8   Section        0  gd32f4xx_timer.o(i.timer_init)
    i.timer_interrupt_enable                 0x08003480   Section        0  gd32f4xx_timer.o(i.timer_interrupt_enable)
    i.timer_interrupt_flag_clear             0x08003488   Section        0  gd32f4xx_timer.o(i.timer_interrupt_flag_clear)
    i.timer_interrupt_flag_get               0x0800348e   Section        0  gd32f4xx_timer.o(i.timer_interrupt_flag_get)
    i.timer_struct_para_init                 0x080034a6   Section        0  gd32f4xx_timer.o(i.timer_struct_para_init)
    i.usart_baudrate_set                     0x080034bc   Section        0  gd32f4xx_usart.o(i.usart_baudrate_set)
    i.usart_data_receive                     0x080035a4   Section        0  gd32f4xx_usart.o(i.usart_data_receive)
    i.usart_data_transmit                    0x080035ae   Section        0  gd32f4xx_usart.o(i.usart_data_transmit)
    i.usart_deinit                           0x080035b8   Section        0  gd32f4xx_usart.o(i.usart_deinit)
    i.usart_dma_receive_config               0x08003694   Section        0  gd32f4xx_usart.o(i.usart_dma_receive_config)
    i.usart_dma_transmit_config              0x080036a8   Section        0  gd32f4xx_usart.o(i.usart_dma_transmit_config)
    i.usart_enable                           0x080036bc   Section        0  gd32f4xx_usart.o(i.usart_enable)
    i.usart_flag_clear                       0x080036c6   Section        0  gd32f4xx_usart.o(i.usart_flag_clear)
    i.usart_flag_get                         0x080036e0   Section        0  gd32f4xx_usart.o(i.usart_flag_get)
    i.usart_interrupt_enable                 0x080036fe   Section        0  gd32f4xx_usart.o(i.usart_interrupt_enable)
    i.usart_interrupt_flag_clear             0x08003718   Section        0  gd32f4xx_usart.o(i.usart_interrupt_flag_clear)
    i.usart_interrupt_flag_get               0x08003732   Section        0  gd32f4xx_usart.o(i.usart_interrupt_flag_get)
    i.usart_parity_config                    0x0800376a   Section        0  gd32f4xx_usart.o(i.usart_parity_config)
    i.usart_receive_config                   0x0800377a   Section        0  gd32f4xx_usart.o(i.usart_receive_config)
    i.usart_stop_bit_set                     0x0800378a   Section        0  gd32f4xx_usart.o(i.usart_stop_bit_set)
    i.usart_transmit_config                  0x0800379a   Section        0  gd32f4xx_usart.o(i.usart_transmit_config)
    i.usart_word_length_set                  0x080037aa   Section        0  gd32f4xx_usart.o(i.usart_word_length_set)
    .constdata                               0x080037bc   Section      200  esp8266.o(.constdata)
    .constdata                               0x08003884   Section       64  ctype_c.o(.constdata)
    .data                                    0x20000000   Section        4  systick.o(.data)
    delay                                    0x20000000   Data           4  systick.o(.data)
    .data                                    0x20000004   Section      132  function.o(.data)
    .data                                    0x20000088   Section        4  system_gd32f4xx.o(.data)
    .data                                    0x2000008c   Section       20  led.o(.data)
    GPIO_PORT                                0x2000008c   Data           8  led.o(.data)
    GPIO_PIN                                 0x20000094   Data           8  led.o(.data)
    GPIO_CLK                                 0x2000009c   Data           4  led.o(.data)
    .data                                    0x200000a0   Section       76  key.o(.data)
    KEY_PORT                                 0x200000a0   Data          16  key.o(.data)
    KEY_PIN                                  0x200000b0   Data          16  key.o(.data)
    KEY_CLK                                  0x200000c0   Data           8  key.o(.data)
    KEY_EXTI_LINE                            0x200000c8   Data          16  key.o(.data)
    KEY_PORT_SOURCE                          0x200000d8   Data           4  key.o(.data)
    KEY_PIN_SOURCE                           0x200000dc   Data           4  key.o(.data)
    KEY_IRQn                                 0x200000e0   Data           4  key.o(.data)
    .data                                    0x200000ec   Section       13  usart0.o(.data)
    COM_CLK                                  0x200000ec   Data           2  usart0.o(.data)
    COM_TX_PIN                               0x200000f0   Data           4  usart0.o(.data)
    COM_RX_PIN                               0x200000f4   Data           4  usart0.o(.data)
    .data                                    0x200000fc   Section       22  zigbee_uart3.o(.data)
    COM_CLK                                  0x200000fc   Data           2  zigbee_uart3.o(.data)
    COM_TX_PIN                               0x20000100   Data           4  zigbee_uart3.o(.data)
    COM_RX_PIN                               0x20000104   Data           4  zigbee_uart3.o(.data)
    .data                                    0x20000118   Section       20  multitimer.o(.data)
    timerList                                0x20000118   Data           4  multitimer.o(.data)
    platformTicksFunction                    0x2000011c   Data           4  multitimer.o(.data)
    .data                                    0x2000012c   Section       12  uart4_lcd.o(.data)
    COM_CLK                                  0x2000012c   Data           2  uart4_lcd.o(.data)
    COM_TX_PIN                               0x20000130   Data           4  uart4_lcd.o(.data)
    COM_RX_PIN                               0x20000134   Data           4  uart4_lcd.o(.data)
    .data                                    0x20000138   Section       12  esp8266.o(.data)
    COM_CLK                                  0x20000138   Data           2  esp8266.o(.data)
    COM_TX_PIN                               0x2000013c   Data           4  esp8266.o(.data)
    COM_RX_PIN                               0x20000140   Data           4  esp8266.o(.data)
    .data                                    0x20000144   Section       16  irda.o(.data)
    COM_CLK                                  0x20000144   Data           2  irda.o(.data)
    COM_TX_PIN                               0x20000148   Data           4  irda.o(.data)
    COM_RX_PIN                               0x2000014c   Data           4  irda.o(.data)
    .data                                    0x20000154   Section       13  esp32_cam.o(.data)
    COM_CLK                                  0x20000154   Data           2  esp32_cam.o(.data)
    COM_TX_PIN                               0x20000158   Data           4  esp32_cam.o(.data)
    COM_RX_PIN                               0x2000015c   Data           4  esp32_cam.o(.data)
    .data                                    0x20000164   Section        4  stdout.o(.data)
    .bss                                     0x20000168   Section      312  function.o(.bss)
    .bss                                     0x200002a0   Section      512  usart0.o(.bss)
    .bss                                     0x200004a0   Section      768  zigbee_uart3.o(.bss)
    .bss                                     0x200007a0   Section       72  multitimer.o(.bss)
    .bss                                     0x200007e8   Section     1048  uart4_lcd.o(.bss)
    .bss                                     0x20000c00   Section      520  esp8266.o(.bss)
    .bss                                     0x20000e08   Section       20  irda.o(.bss)
    .bss                                     0x20000e1c   Section      512  esp32_cam.o(.bss)
    STACK                                    0x20001020   Section     1024  startup_gd32f450_470.o(STACK)

    Global Symbols

    Symbol Name                              Value     Ov Type        Size  Object(Section)

    BuildAttributes$$THM_ISAv4$E$P$D$K$B$S$7EM$VFPi3$EXTD16$VFPS$VFMA$PE$A:L22UL41UL21$X:L11$S22US41US21$IEEE1$IW$USESV6$~STKCKD$USESV7$~SHL$OSPACE$ROPI$EBA8$MICROLIB$REQ8$PRES8$EABIv2 0x00000000   Number         0  anon$$obj.o ABSOLUTE
    __ARM_use_no_argv                        0x00000000   Number         0  main.o ABSOLUTE
    _printf_a                                0x00000000   Number         0  stubs.o ABSOLUTE
    _printf_c                                0x00000000   Number         0  stubs.o ABSOLUTE
    _printf_charcount                        0x00000000   Number         0  stubs.o ABSOLUTE
    _printf_d                                0x00000000   Number         0  stubs.o ABSOLUTE
    _printf_e                                0x00000000   Number         0  stubs.o ABSOLUTE
    _printf_f                                0x00000000   Number         0  stubs.o ABSOLUTE
    _printf_flags                            0x00000000   Number         0  stubs.o ABSOLUTE
    _printf_fp_dec                           0x00000000   Number         0  stubs.o ABSOLUTE
    _printf_fp_hex                           0x00000000   Number         0  stubs.o ABSOLUTE
    _printf_g                                0x00000000   Number         0  stubs.o ABSOLUTE
    _printf_i                                0x00000000   Number         0  stubs.o ABSOLUTE
    _printf_int_dec                          0x00000000   Number         0  stubs.o ABSOLUTE
    _printf_l                                0x00000000   Number         0  stubs.o ABSOLUTE
    _printf_lc                               0x00000000   Number         0  stubs.o ABSOLUTE
    _printf_ll                               0x00000000   Number         0  stubs.o ABSOLUTE
    _printf_lld                              0x00000000   Number         0  stubs.o ABSOLUTE
    _printf_lli                              0x00000000   Number         0  stubs.o ABSOLUTE
    _printf_llo                              0x00000000   Number         0  stubs.o ABSOLUTE
    _printf_llu                              0x00000000   Number         0  stubs.o ABSOLUTE
    _printf_llx                              0x00000000   Number         0  stubs.o ABSOLUTE
    _printf_longlong_dec                     0x00000000   Number         0  stubs.o ABSOLUTE
    _printf_longlong_hex                     0x00000000   Number         0  stubs.o ABSOLUTE
    _printf_longlong_oct                     0x00000000   Number         0  stubs.o ABSOLUTE
    _printf_ls                               0x00000000   Number         0  stubs.o ABSOLUTE
    _printf_mbtowc                           0x00000000   Number         0  stubs.o ABSOLUTE
    _printf_n                                0x00000000   Number         0  stubs.o ABSOLUTE
    _printf_o                                0x00000000   Number         0  stubs.o ABSOLUTE
    _printf_p                                0x00000000   Number         0  stubs.o ABSOLUTE
    _printf_percent                          0x00000000   Number         0  stubs.o ABSOLUTE
    _printf_pre_padding                      0x00000000   Number         0  stubs.o ABSOLUTE
    _printf_return_value                     0x00000000   Number         0  stubs.o ABSOLUTE
    _printf_s                                0x00000000   Number         0  stubs.o ABSOLUTE
    _printf_sizespec                         0x00000000   Number         0  stubs.o ABSOLUTE
    _printf_str                              0x00000000   Number         0  stubs.o ABSOLUTE
    _printf_truncate_signed                  0x00000000   Number         0  stubs.o ABSOLUTE
    _printf_truncate_unsigned                0x00000000   Number         0  stubs.o ABSOLUTE
    _printf_u                                0x00000000   Number         0  stubs.o ABSOLUTE
    _printf_wc                               0x00000000   Number         0  stubs.o ABSOLUTE
    _printf_wctomb                           0x00000000   Number         0  stubs.o ABSOLUTE
    _printf_widthprec                        0x00000000   Number         0  stubs.o ABSOLUTE
    _printf_x                                0x00000000   Number         0  stubs.o ABSOLUTE
    __cpp_initialize__aeabi_                  - Undefined Weak Reference
    __cxa_finalize                            - Undefined Weak Reference
    _clock_init                               - Undefined Weak Reference
    _microlib_exit                            - Undefined Weak Reference
    _scanf_longlong                           - Undefined Weak Reference
    _scanf_real                               - Undefined Weak Reference
    _scanf_string                             - Undefined Weak Reference
    __Vectors_Size                           0x000001ac   Number         0  startup_gd32f450_470.o ABSOLUTE
    __Vectors                                0x08000000   Data           4  startup_gd32f450_470.o(RESET)
    __Vectors_End                            0x080001ac   Data           0  startup_gd32f450_470.o(RESET)
    __main                                   0x080001ad   Thumb Code     0  entry.o(.ARM.Collect$$$$00000000)
    _main_stk                                0x080001ad   Thumb Code     0  entry2.o(.ARM.Collect$$$$00000001)
    _main_scatterload                        0x080001b1   Thumb Code     0  entry5.o(.ARM.Collect$$$$00000004)
    __main_after_scatterload                 0x080001b5   Thumb Code     0  entry5.o(.ARM.Collect$$$$00000004)
    _main_clock                              0x080001b5   Thumb Code     0  entry7b.o(.ARM.Collect$$$$00000008)
    _main_cpp_init                           0x080001b5   Thumb Code     0  entry8b.o(.ARM.Collect$$$$0000000A)
    _main_init                               0x080001b5   Thumb Code     0  entry9a.o(.ARM.Collect$$$$0000000B)
    __rt_final_cpp                           0x080001bd   Thumb Code     0  entry10a.o(.ARM.Collect$$$$0000000D)
    __rt_final_exit                          0x080001bd   Thumb Code     0  entry11a.o(.ARM.Collect$$$$0000000F)
    Reset_Handler                            0x080001c1   Thumb Code     8  startup_gd32f450_470.o(.text)
    ADC_IRQHandler                           0x080001db   Thumb Code     0  startup_gd32f450_470.o(.text)
    CAN0_EWMC_IRQHandler                     0x080001db   Thumb Code     0  startup_gd32f450_470.o(.text)
    CAN0_RX0_IRQHandler                      0x080001db   Thumb Code     0  startup_gd32f450_470.o(.text)
    CAN0_RX1_IRQHandler                      0x080001db   Thumb Code     0  startup_gd32f450_470.o(.text)
    CAN0_TX_IRQHandler                       0x080001db   Thumb Code     0  startup_gd32f450_470.o(.text)
    CAN1_EWMC_IRQHandler                     0x080001db   Thumb Code     0  startup_gd32f450_470.o(.text)
    CAN1_RX0_IRQHandler                      0x080001db   Thumb Code     0  startup_gd32f450_470.o(.text)
    CAN1_RX1_IRQHandler                      0x080001db   Thumb Code     0  startup_gd32f450_470.o(.text)
    CAN1_TX_IRQHandler                       0x080001db   Thumb Code     0  startup_gd32f450_470.o(.text)
    DCI_IRQHandler                           0x080001db   Thumb Code     0  startup_gd32f450_470.o(.text)
    DMA0_Channel0_IRQHandler                 0x080001db   Thumb Code     0  startup_gd32f450_470.o(.text)
    DMA0_Channel1_IRQHandler                 0x080001db   Thumb Code     0  startup_gd32f450_470.o(.text)
    DMA0_Channel2_IRQHandler                 0x080001db   Thumb Code     0  startup_gd32f450_470.o(.text)
    DMA0_Channel3_IRQHandler                 0x080001db   Thumb Code     0  startup_gd32f450_470.o(.text)
    DMA0_Channel4_IRQHandler                 0x080001db   Thumb Code     0  startup_gd32f450_470.o(.text)
    DMA0_Channel5_IRQHandler                 0x080001db   Thumb Code     0  startup_gd32f450_470.o(.text)
    DMA0_Channel6_IRQHandler                 0x080001db   Thumb Code     0  startup_gd32f450_470.o(.text)
    DMA0_Channel7_IRQHandler                 0x080001db   Thumb Code     0  startup_gd32f450_470.o(.text)
    DMA1_Channel0_IRQHandler                 0x080001db   Thumb Code     0  startup_gd32f450_470.o(.text)
    DMA1_Channel1_IRQHandler                 0x080001db   Thumb Code     0  startup_gd32f450_470.o(.text)
    DMA1_Channel2_IRQHandler                 0x080001db   Thumb Code     0  startup_gd32f450_470.o(.text)
    DMA1_Channel3_IRQHandler                 0x080001db   Thumb Code     0  startup_gd32f450_470.o(.text)
    DMA1_Channel4_IRQHandler                 0x080001db   Thumb Code     0  startup_gd32f450_470.o(.text)
    DMA1_Channel5_IRQHandler                 0x080001db   Thumb Code     0  startup_gd32f450_470.o(.text)
    DMA1_Channel6_IRQHandler                 0x080001db   Thumb Code     0  startup_gd32f450_470.o(.text)
    DMA1_Channel7_IRQHandler                 0x080001db   Thumb Code     0  startup_gd32f450_470.o(.text)
    ENET_IRQHandler                          0x080001db   Thumb Code     0  startup_gd32f450_470.o(.text)
    ENET_WKUP_IRQHandler                     0x080001db   Thumb Code     0  startup_gd32f450_470.o(.text)
    EXMC_IRQHandler                          0x080001db   Thumb Code     0  startup_gd32f450_470.o(.text)
    EXTI10_15_IRQHandler                     0x080001db   Thumb Code     0  startup_gd32f450_470.o(.text)
    EXTI2_IRQHandler                         0x080001db   Thumb Code     0  startup_gd32f450_470.o(.text)
    EXTI3_IRQHandler                         0x080001db   Thumb Code     0  startup_gd32f450_470.o(.text)
    EXTI4_IRQHandler                         0x080001db   Thumb Code     0  startup_gd32f450_470.o(.text)
    EXTI5_9_IRQHandler                       0x080001db   Thumb Code     0  startup_gd32f450_470.o(.text)
    FMC_IRQHandler                           0x080001db   Thumb Code     0  startup_gd32f450_470.o(.text)
    FPU_IRQHandler                           0x080001db   Thumb Code     0  startup_gd32f450_470.o(.text)
    I2C0_ER_IRQHandler                       0x080001db   Thumb Code     0  startup_gd32f450_470.o(.text)
    I2C0_EV_IRQHandler                       0x080001db   Thumb Code     0  startup_gd32f450_470.o(.text)
    I2C1_ER_IRQHandler                       0x080001db   Thumb Code     0  startup_gd32f450_470.o(.text)
    I2C1_EV_IRQHandler                       0x080001db   Thumb Code     0  startup_gd32f450_470.o(.text)
    I2C2_ER_IRQHandler                       0x080001db   Thumb Code     0  startup_gd32f450_470.o(.text)
    I2C2_EV_IRQHandler                       0x080001db   Thumb Code     0  startup_gd32f450_470.o(.text)
    IPA_IRQHandler                           0x080001db   Thumb Code     0  startup_gd32f450_470.o(.text)
    LVD_IRQHandler                           0x080001db   Thumb Code     0  startup_gd32f450_470.o(.text)
    RCU_CTC_IRQHandler                       0x080001db   Thumb Code     0  startup_gd32f450_470.o(.text)
    RTC_Alarm_IRQHandler                     0x080001db   Thumb Code     0  startup_gd32f450_470.o(.text)
    RTC_WKUP_IRQHandler                      0x080001db   Thumb Code     0  startup_gd32f450_470.o(.text)
    SDIO_IRQHandler                          0x080001db   Thumb Code     0  startup_gd32f450_470.o(.text)
    SPI0_IRQHandler                          0x080001db   Thumb Code     0  startup_gd32f450_470.o(.text)
    SPI1_IRQHandler                          0x080001db   Thumb Code     0  startup_gd32f450_470.o(.text)
    SPI2_IRQHandler                          0x080001db   Thumb Code     0  startup_gd32f450_470.o(.text)
    SPI3_IRQHandler                          0x080001db   Thumb Code     0  startup_gd32f450_470.o(.text)
    SPI4_IRQHandler                          0x080001db   Thumb Code     0  startup_gd32f450_470.o(.text)
    SPI5_IRQHandler                          0x080001db   Thumb Code     0  startup_gd32f450_470.o(.text)
    TAMPER_STAMP_IRQHandler                  0x080001db   Thumb Code     0  startup_gd32f450_470.o(.text)
    TIMER0_BRK_TIMER8_IRQHandler             0x080001db   Thumb Code     0  startup_gd32f450_470.o(.text)
    TIMER0_Channel_IRQHandler                0x080001db   Thumb Code     0  startup_gd32f450_470.o(.text)
    TIMER0_TRG_CMT_TIMER10_IRQHandler        0x080001db   Thumb Code     0  startup_gd32f450_470.o(.text)
    TIMER0_UP_TIMER9_IRQHandler              0x080001db   Thumb Code     0  startup_gd32f450_470.o(.text)
    TIMER2_IRQHandler                        0x080001db   Thumb Code     0  startup_gd32f450_470.o(.text)
    TIMER3_IRQHandler                        0x080001db   Thumb Code     0  startup_gd32f450_470.o(.text)
    TIMER4_IRQHandler                        0x080001db   Thumb Code     0  startup_gd32f450_470.o(.text)
    TIMER5_DAC_IRQHandler                    0x080001db   Thumb Code     0  startup_gd32f450_470.o(.text)
    TIMER6_IRQHandler                        0x080001db   Thumb Code     0  startup_gd32f450_470.o(.text)
    TIMER7_BRK_TIMER11_IRQHandler            0x080001db   Thumb Code     0  startup_gd32f450_470.o(.text)
    TIMER7_Channel_IRQHandler                0x080001db   Thumb Code     0  startup_gd32f450_470.o(.text)
    TIMER7_TRG_CMT_TIMER13_IRQHandler        0x080001db   Thumb Code     0  startup_gd32f450_470.o(.text)
    TIMER7_UP_TIMER12_IRQHandler             0x080001db   Thumb Code     0  startup_gd32f450_470.o(.text)
    TLI_ER_IRQHandler                        0x080001db   Thumb Code     0  startup_gd32f450_470.o(.text)
    TLI_IRQHandler                           0x080001db   Thumb Code     0  startup_gd32f450_470.o(.text)
    TRNG_IRQHandler                          0x080001db   Thumb Code     0  startup_gd32f450_470.o(.text)
    UART7_IRQHandler                         0x080001db   Thumb Code     0  startup_gd32f450_470.o(.text)
    USART1_IRQHandler                        0x080001db   Thumb Code     0  startup_gd32f450_470.o(.text)
    USBFS_IRQHandler                         0x080001db   Thumb Code     0  startup_gd32f450_470.o(.text)
    USBFS_WKUP_IRQHandler                    0x080001db   Thumb Code     0  startup_gd32f450_470.o(.text)
    USBHS_EP1_In_IRQHandler                  0x080001db   Thumb Code     0  startup_gd32f450_470.o(.text)
    USBHS_EP1_Out_IRQHandler                 0x080001db   Thumb Code     0  startup_gd32f450_470.o(.text)
    USBHS_IRQHandler                         0x080001db   Thumb Code     0  startup_gd32f450_470.o(.text)
    USBHS_WKUP_IRQHandler                    0x080001db   Thumb Code     0  startup_gd32f450_470.o(.text)
    WWDGT_IRQHandler                         0x080001db   Thumb Code     0  startup_gd32f450_470.o(.text)
    __aeabi_memcpy                           0x080001e5   Thumb Code    36  memcpya.o(.text)
    __aeabi_memcpy4                          0x080001e5   Thumb Code     0  memcpya.o(.text)
    __aeabi_memcpy8                          0x080001e5   Thumb Code     0  memcpya.o(.text)
    __aeabi_memset                           0x08000209   Thumb Code    14  memseta.o(.text)
    __aeabi_memset4                          0x08000209   Thumb Code     0  memseta.o(.text)
    __aeabi_memset8                          0x08000209   Thumb Code     0  memseta.o(.text)
    __aeabi_memclr                           0x08000217   Thumb Code     4  memseta.o(.text)
    __aeabi_memclr4                          0x08000217   Thumb Code     0  memseta.o(.text)
    __aeabi_memclr8                          0x08000217   Thumb Code     0  memseta.o(.text)
    _memset$wrapper                          0x0800021b   Thumb Code    18  memseta.o(.text)
    strcat                                   0x0800022d   Thumb Code    24  strcat.o(.text)
    strstr                                   0x08000245   Thumb Code    36  strstr.o(.text)
    strcmp                                   0x08000269   Thumb Code    28  strcmp.o(.text)
    strcpy                                   0x08000285   Thumb Code    18  strcpy.o(.text)
    __0sscanf                                0x08000299   Thumb Code    48  __0sscanf.o(.text)
    _scanf_int                               0x080002d1   Thumb Code   332  _scanf_int.o(.text)
    __aeabi_uldivmod                         0x0800041d   Thumb Code    98  uldiv.o(.text)
    _chval                                   0x0800047f   Thumb Code    28  _chval.o(.text)
    __vfscanf_char                           0x080004a9   Thumb Code    20  scanf_char.o(.text)
    _sgetc                                   0x080004c5   Thumb Code    30  _sgetc.o(.text)
    _sbackspace                              0x080004e3   Thumb Code    34  _sgetc.o(.text)
    __scatterload                            0x08000505   Thumb Code    28  init.o(.text)
    __scatterload_rt2                        0x08000505   Thumb Code     0  init.o(.text)
    __aeabi_llsl                             0x08000529   Thumb Code    30  llshl.o(.text)
    _ll_shift_l                              0x08000529   Thumb Code     0  llshl.o(.text)
    __aeabi_llsr                             0x08000547   Thumb Code    32  llushr.o(.text)
    _ll_ushift_r                             0x08000547   Thumb Code     0  llushr.o(.text)
    isspace                                  0x08000567   Thumb Code    10  isspace_c.o(.text)
    __vfscanf                                0x08000571   Thumb Code   802  _scanf.o(.text)
    __ctype_lookup                           0x08000899   Thumb Code    34  ctype_c.o(.text)
    __decompress                             0x080008c1   Thumb Code     0  __dczerorl2.o(.text)
    __decompress1                            0x080008c1   Thumb Code    86  __dczerorl2.o(.text)
    AUTO_Threshod_Init                       0x08000919   Thumb Code    46  function.o(i.AUTO_Threshod_Init)
    BEEP_Init                                0x0800094d   Thumb Code    50  beep.o(i.BEEP_Init)
    BEEP_Install                             0x08000985   Thumb Code    36  beep.o(i.BEEP_Install)
    BusFault_Handler                         0x080009ad   Thumb Code     4  gd32f4xx_it.o(i.BusFault_Handler)
    Change_mode                              0x080009b1   Thumb Code    38  function.o(i.Change_mode)
    DebugMon_Handler                         0x08000a09   Thumb Code     2  gd32f4xx_it.o(i.DebugMon_Handler)
    ESP32ConnetServer                        0x08000a0d   Thumb Code   150  esp8266.o(i.ESP32ConnetServer)
    ESP32ConnetWIFI                          0x08000b11   Thumb Code   132  esp8266.o(i.ESP32ConnetWIFI)
    ESP32_CAM_USART2_Init                    0x08000bf5   Thumb Code   218  esp32_cam.o(i.ESP32_CAM_USART2_Init)
    ESP8266_Init                             0x08000ce5   Thumb Code    58  esp8266.o(i.ESP8266_Init)
    ESP8266_SendCmd                          0x08000d75   Thumb Code   148  esp8266.o(i.ESP8266_SendCmd)
    EXTI0_IRQHandler                         0x08000e59   Thumb Code    24  key.o(i.EXTI0_IRQHandler)
    EXTI1_IRQHandler                         0x08000e75   Thumb Code    24  key.o(i.EXTI1_IRQHandler)
    Get_Val                                  0x08000e91   Thumb Code   154  function.o(i.Get_Val)
    HardFault_Handler                        0x08000fad   Thumb Code     4  gd32f4xx_it.o(i.HardFault_Handler)
    IrDA_Send_Recevice                       0x08000fb1   Thumb Code   248  function.o(i.IrDA_Send_Recevice)
    Key_Control                              0x080010ad   Thumb Code    86  key.o(i.Key_Control)
    Lcd_Read                                 0x08001125   Thumb Code   126  uart4_lcd.o(i.Lcd_Read)
    MemManage_Handler                        0x080011d5   Thumb Code     4  gd32f4xx_it.o(i.MemManage_Handler)
    MultiTimerInstall                        0x080011d9   Thumb Code    10  multitimer.o(i.MultiTimerInstall)
    MultiTimerStart                          0x080011e9   Thumb Code   128  multitimer.o(i.MultiTimerStart)
    MultiTimerYield                          0x08001271   Thumb Code    64  multitimer.o(i.MultiTimerYield)
    NMI_Handler                              0x080012b9   Thumb Code     2  gd32f4xx_it.o(i.NMI_Handler)
    PendSV_Handler                           0x080012e5   Thumb Code     2  gd32f4xx_it.o(i.PendSV_Handler)
    SVC_Handler                              0x080012e7   Thumb Code     2  gd32f4xx_it.o(i.SVC_Handler)
    Send_ESP8266_String                      0x080012e9   Thumb Code    38  esp8266.o(i.Send_ESP8266_String)
    SysTick_Handler                          0x08001315   Thumb Code     8  gd32f4xx_it.o(i.SysTick_Handler)
    SystemInit                               0x0800131d   Thumb Code   194  system_gd32f4xx.o(i.SystemInit)
    TIMER1_IRQHandler                        0x080013f1   Thumb Code    28  timer.o(i.TIMER1_IRQHandler)
    UART3_DMA_Send                           0x0800140d   Thumb Code    88  zigbee_uart3.o(i.UART3_DMA_Send)
    UART3_IRQHandler                         0x08001471   Thumb Code   132  zigbee_uart3.o(i.UART3_IRQHandler)
    UART4_IRQHandler                         0x08001511   Thumb Code    76  uart4_lcd.o(i.UART4_IRQHandler)
    UART4_Lcd_Init                           0x08001569   Thumb Code   224  uart4_lcd.o(i.UART4_Lcd_Init)
    UART6_ESP8266_Init                       0x08001665   Thumb Code   226  esp8266.o(i.UART6_ESP8266_Init)
    UART6_IRQHandler                         0x08001761   Thumb Code   138  esp8266.o(i.UART6_IRQHandler)
    UART_Lcd_Task                            0x080017fd   Thumb Code   310  function.o(i.UART_Lcd_Task)
    USART0_IRQHandler                        0x08001a11   Thumb Code    60  usart0.o(i.USART0_IRQHandler)
    USART2_IRQHandler                        0x08001a5d   Thumb Code    60  esp32_cam.o(i.USART2_IRQHandler)
    USART5_IRQHandler                        0x08001aa9   Thumb Code    64  irda.o(i.USART5_IRQHandler)
    USART5_IrDA_Init                         0x08001af9   Thumb Code   226  irda.o(i.USART5_IrDA_Init)
    UsageFault_Handler                       0x08001bf5   Thumb Code     4  gd32f4xx_it.o(i.UsageFault_Handler)
    ZigBee_UART3_init                        0x08001bf9   Thumb Code   420  zigbee_uart3.o(i.ZigBee_UART3_init)
    __0printf$8                              0x08001dc1   Thumb Code    22  printf8.o(i.__0printf$8)
    __1printf$8                              0x08001dc1   Thumb Code     0  printf8.o(i.__0printf$8)
    __2printf                                0x08001dc1   Thumb Code     0  printf8.o(i.__0printf$8)
    __0sprintf$8                             0x08001de1   Thumb Code    34  printf8.o(i.__0sprintf$8)
    __1sprintf$8                             0x08001de1   Thumb Code     0  printf8.o(i.__0sprintf$8)
    __2sprintf                               0x08001de1   Thumb Code     0  printf8.o(i.__0sprintf$8)
    __scatterload_copy                       0x08001e09   Thumb Code    14  handlers.o(i.__scatterload_copy)
    __scatterload_null                       0x08001e17   Thumb Code     2  handlers.o(i.__scatterload_null)
    __scatterload_zeroinit                   0x08001e19   Thumb Code    14  handlers.o(i.__scatterload_zeroinit)
    delay_1ms                                0x0800228d   Thumb Code    16  systick.o(i.delay_1ms)
    delay_decrement                          0x080022a1   Thumb Code    18  systick.o(i.delay_decrement)
    dma_channel_disable                      0x080022b9   Thumb Code    32  gd32f4xx_dma.o(i.dma_channel_disable)
    dma_channel_enable                       0x080022d9   Thumb Code    32  gd32f4xx_dma.o(i.dma_channel_enable)
    dma_channel_subperipheral_select         0x080022f9   Thumb Code    38  gd32f4xx_dma.o(i.dma_channel_subperipheral_select)
    dma_circulation_disable                  0x0800231f   Thumb Code    32  gd32f4xx_dma.o(i.dma_circulation_disable)
    dma_circulation_enable                   0x0800233f   Thumb Code    32  gd32f4xx_dma.o(i.dma_circulation_enable)
    dma_deinit                               0x0800235f   Thumb Code   164  gd32f4xx_dma.o(i.dma_deinit)
    dma_flag_clear                           0x08002403   Thumb Code    62  gd32f4xx_dma.o(i.dma_flag_clear)
    dma_flag_get                             0x08002441   Thumb Code    76  gd32f4xx_dma.o(i.dma_flag_get)
    dma_interrupt_enable                     0x0800248d   Thumb Code    62  gd32f4xx_dma.o(i.dma_interrupt_enable)
    dma_interrupt_flag_clear                 0x080024cb   Thumb Code    62  gd32f4xx_dma.o(i.dma_interrupt_flag_clear)
    dma_memory_address_config                0x08002509   Thumb Code    32  gd32f4xx_dma.o(i.dma_memory_address_config)
    dma_single_data_mode_init                0x08002529   Thumb Code   340  gd32f4xx_dma.o(i.dma_single_data_mode_init)
    dma_single_data_para_struct_init         0x08002681   Thumb Code    34  gd32f4xx_dma.o(i.dma_single_data_para_struct_init)
    dma_transfer_number_config               0x080026a3   Thumb Code    16  gd32f4xx_dma.o(i.dma_transfer_number_config)
    dma_transfer_number_get                  0x080026b3   Thumb Code    16  gd32f4xx_dma.o(i.dma_transfer_number_get)
    exti_init                                0x080026c5   Thumb Code   184  gd32f4xx_exti.o(i.exti_init)
    exti_interrupt_flag_clear                0x08002781   Thumb Code     6  gd32f4xx_exti.o(i.exti_interrupt_flag_clear)
    exti_interrupt_flag_get                  0x0800278d   Thumb Code    18  gd32f4xx_exti.o(i.exti_interrupt_flag_get)
    fputc                                    0x080027a5   Thumb Code    40  usart0.o(i.fputc)
    gd_eval_com_init                         0x080027d1   Thumb Code   208  usart0.o(i.gd_eval_com_init)
    gd_eval_key_init                         0x080028b5   Thumb Code    98  key.o(i.gd_eval_key_init)
    gd_eval_led_init                         0x08002935   Thumb Code    70  led.o(i.gd_eval_led_init)
    gd_eval_led_off                          0x08002989   Thumb Code    16  led.o(i.gd_eval_led_off)
    gd_eval_led_on                           0x080029a1   Thumb Code    16  led.o(i.gd_eval_led_on)
    gpio_af_set                              0x080029b9   Thumb Code    94  gd32f4xx_gpio.o(i.gpio_af_set)
    gpio_mode_set                            0x08002a17   Thumb Code    78  gd32f4xx_gpio.o(i.gpio_mode_set)
    gpio_output_options_set                  0x08002a65   Thumb Code    66  gd32f4xx_gpio.o(i.gpio_output_options_set)
    main                                     0x08002aa9   Thumb Code   246  main.o(i.main)
    nvic_irq_enable                          0x08002c4d   Thumb Code   186  gd32f4xx_misc.o(i.nvic_irq_enable)
    nvic_priority_group_set                  0x08002d11   Thumb Code    10  gd32f4xx_misc.o(i.nvic_priority_group_set)
    rcu_clock_freq_get                       0x08002d25   Thumb Code   264  gd32f4xx_rcu.o(i.rcu_clock_freq_get)
    rcu_periph_clock_enable                  0x08002e49   Thumb Code    32  gd32f4xx_rcu.o(i.rcu_periph_clock_enable)
    rcu_periph_reset_disable                 0x08002e6d   Thumb Code    32  gd32f4xx_rcu.o(i.rcu_periph_reset_disable)
    rcu_periph_reset_enable                  0x08002e91   Thumb Code    32  gd32f4xx_rcu.o(i.rcu_periph_reset_enable)
    syscfg_exti_line_config                  0x08002eb5   Thumb Code   166  gd32f4xx_syscfg.o(i.syscfg_exti_line_config)
    systick_config                           0x08003065   Thumb Code    74  systick.o(i.systick_config)
    systick_get                              0x080030b5   Thumb Code     6  multitimer.o(i.systick_get)
    systick_run                              0x080030c1   Thumb Code    20  multitimer.o(i.systick_run)
    timer1_callback                          0x080030d9   Thumb Code    80  multitimer.o(i.timer1_callback)
    timer2_callback                          0x08003145   Thumb Code    36  multitimer.o(i.timer2_callback)
    timer_config                             0x08003181   Thumb Code   206  timer.o(i.timer_config)
    timer_deinit                             0x08003259   Thumb Code   374  gd32f4xx_timer.o(i.timer_deinit)
    timer_enable                             0x080033dd   Thumb Code    10  gd32f4xx_timer.o(i.timer_enable)
    timer_init                               0x080033e9   Thumb Code   122  gd32f4xx_timer.o(i.timer_init)
    timer_interrupt_enable                   0x08003481   Thumb Code     8  gd32f4xx_timer.o(i.timer_interrupt_enable)
    timer_interrupt_flag_clear               0x08003489   Thumb Code     6  gd32f4xx_timer.o(i.timer_interrupt_flag_clear)
    timer_interrupt_flag_get                 0x0800348f   Thumb Code    24  gd32f4xx_timer.o(i.timer_interrupt_flag_get)
    timer_struct_para_init                   0x080034a7   Thumb Code    22  gd32f4xx_timer.o(i.timer_struct_para_init)
    usart_baudrate_set                       0x080034bd   Thumb Code   224  gd32f4xx_usart.o(i.usart_baudrate_set)
    usart_data_receive                       0x080035a5   Thumb Code    10  gd32f4xx_usart.o(i.usart_data_receive)
    usart_data_transmit                      0x080035af   Thumb Code     8  gd32f4xx_usart.o(i.usart_data_transmit)
    usart_deinit                             0x080035b9   Thumb Code   210  gd32f4xx_usart.o(i.usart_deinit)
    usart_dma_receive_config                 0x08003695   Thumb Code    20  gd32f4xx_usart.o(i.usart_dma_receive_config)
    usart_dma_transmit_config                0x080036a9   Thumb Code    20  gd32f4xx_usart.o(i.usart_dma_transmit_config)
    usart_enable                             0x080036bd   Thumb Code    10  gd32f4xx_usart.o(i.usart_enable)
    usart_flag_clear                         0x080036c7   Thumb Code    26  gd32f4xx_usart.o(i.usart_flag_clear)
    usart_flag_get                           0x080036e1   Thumb Code    30  gd32f4xx_usart.o(i.usart_flag_get)
    usart_interrupt_enable                   0x080036ff   Thumb Code    26  gd32f4xx_usart.o(i.usart_interrupt_enable)
    usart_interrupt_flag_clear               0x08003719   Thumb Code    26  gd32f4xx_usart.o(i.usart_interrupt_flag_clear)
    usart_interrupt_flag_get                 0x08003733   Thumb Code    56  gd32f4xx_usart.o(i.usart_interrupt_flag_get)
    usart_parity_config                      0x0800376b   Thumb Code    16  gd32f4xx_usart.o(i.usart_parity_config)
    usart_receive_config                     0x0800377b   Thumb Code    16  gd32f4xx_usart.o(i.usart_receive_config)
    usart_stop_bit_set                       0x0800378b   Thumb Code    16  gd32f4xx_usart.o(i.usart_stop_bit_set)
    usart_transmit_config                    0x0800379b   Thumb Code    16  gd32f4xx_usart.o(i.usart_transmit_config)
    usart_word_length_set                    0x080037ab   Thumb Code    16  gd32f4xx_usart.o(i.usart_word_length_set)
    __ctype_categories                       0x08003884   Data          64  ctype_c.o(.constdata)
    Region$$Table$$Base                      0x080038c4   Number         0  anon$$obj.o(Region$$Table)
    Region$$Table$$Limit                     0x080038e4   Number         0  anon$$obj.o(Region$$Table)
    Lcd_reccompare                           0x20000004   Data         128  function.o(.data)
    Run_flag                                 0x20000084   Data           4  function.o(.data)
    SystemCoreClock                          0x20000088   Data           4  system_gd32f4xx.o(.data)
    KEY1_Flag                                0x200000e4   Data           4  key.o(.data)
    KEY2_Flag                                0x200000e8   Data           4  key.o(.data)
    USART0_RX_Counter                        0x200000f8   Data           1  usart0.o(.data)
    g_transfer_complete                      0x20000108   Data           1  zigbee_uart3.o(.data)
    Rx_DMA_BuffNum                           0x2000010c   Data           4  zigbee_uart3.o(.data)
    ZigBee_Send_Flag                         0x20000110   Data           1  zigbee_uart3.o(.data)
    ZigBee_Recvice_Flag                      0x20000111   Data           1  zigbee_uart3.o(.data)
    systick                                  0x20000120   Data           8  multitimer.o(.data)
    Zibgbee_sendtime                         0x20000128   Data           4  multitimer.o(.data)
    Confirm_Flag                             0x20000150   Data           4  irda.o(.data)
    USART2_RX_Counter                        0x20000160   Data           1  esp32_cam.o(.data)
    __stdout                                 0x20000164   Data           4  stdout.o(.data)
    Zigbee_Readstr                           0x20000168   Data         128  function.o(.bss)
    Zigbee_Sendstr                           0x200001e8   Data         128  function.o(.bss)
    Auto_Threshod                            0x20000268   Data          56  function.o(.bss)
    USART0_Tx_buffer                         0x200002a0   Data         256  usart0.o(.bss)
    USART0_Rx_buffer                         0x200003a0   Data         256  usart0.o(.bss)
    UART3_Tx_DMA_buffer                      0x200004a0   Data         256  zigbee_uart3.o(.bss)
    UART3_Rx_DMA_buffer                      0x200005a0   Data         256  zigbee_uart3.o(.bss)
    Subg_UART3_Rx_Data                       0x200006a0   Data         256  zigbee_uart3.o(.bss)
    tim1                                     0x200007a0   Data          24  multitimer.o(.bss)
    tim2                                     0x200007b8   Data          24  multitimer.o(.bss)
    tim3                                     0x200007d0   Data          24  multitimer.o(.bss)
    Lcd_Rec                                  0x200007e8   Data        1048  uart4_lcd.o(.bss)
    ESP8266_Buff                             0x20000c00   Data         520  esp8266.o(.bss)
    IrDA_Buff                                0x20000e08   Data          20  irda.o(.bss)
    USART2_Tx_buffer                         0x20000e1c   Data         256  esp32_cam.o(.bss)
    USART2_Rx_buffer                         0x20000f1c   Data         256  esp32_cam.o(.bss)
    __initial_sp                             0x20001420   Data           0  startup_gd32f450_470.o(STACK)



==============================================================================

Memory Map of the image

  Image Entry point : 0x080001ad

  Load Region LR_IROM1 (Base: 0x08000000, Size: 0x00003a4c, Max: 0x00100000, ABSOLUTE, COMPRESSED[0x00003980])

    Execution Region ER_IROM1 (Exec base: 0x08000000, Load base: 0x08000000, Size: 0x000038e4, Max: 0x00100000, ABSOLUTE)

    Exec Addr    Load Addr    Size         Type   Attr      Idx    E Section Name        Object

    0x08000000   0x08000000   0x000001ac   Data   RO         6003    RESET               startup_gd32f450_470.o
    0x080001ac   0x080001ac   0x00000000   Code   RO         6588  * .ARM.Collect$$$$00000000  mc_w.l(entry.o)
    0x080001ac   0x080001ac   0x00000004   Code   RO         6872    .ARM.Collect$$$$00000001  mc_w.l(entry2.o)
    0x080001b0   0x080001b0   0x00000004   Code   RO         6875    .ARM.Collect$$$$00000004  mc_w.l(entry5.o)
    0x080001b4   0x080001b4   0x00000000   Code   RO         6877    .ARM.Collect$$$$00000008  mc_w.l(entry7b.o)
    0x080001b4   0x080001b4   0x00000000   Code   RO         6879    .ARM.Collect$$$$0000000A  mc_w.l(entry8b.o)
    0x080001b4   0x080001b4   0x00000008   Code   RO         6880    .ARM.Collect$$$$0000000B  mc_w.l(entry9a.o)
    0x080001bc   0x080001bc   0x00000000   Code   RO         6882    .ARM.Collect$$$$0000000D  mc_w.l(entry10a.o)
    0x080001bc   0x080001bc   0x00000000   Code   RO         6884    .ARM.Collect$$$$0000000F  mc_w.l(entry11a.o)
    0x080001bc   0x080001bc   0x00000004   Code   RO         6873    .ARM.Collect$$$$00002712  mc_w.l(entry2.o)
    0x080001c0   0x080001c0   0x00000024   Code   RO         6004    .text               startup_gd32f450_470.o
    0x080001e4   0x080001e4   0x00000024   Code   RO         6591    .text               mc_w.l(memcpya.o)
    0x08000208   0x08000208   0x00000024   Code   RO         6593    .text               mc_w.l(memseta.o)
    0x0800022c   0x0800022c   0x00000018   Code   RO         6595    .text               mc_w.l(strcat.o)
    0x08000244   0x08000244   0x00000024   Code   RO         6597    .text               mc_w.l(strstr.o)
    0x08000268   0x08000268   0x0000001c   Code   RO         6601    .text               mc_w.l(strcmp.o)
    0x08000284   0x08000284   0x00000012   Code   RO         6603    .text               mc_w.l(strcpy.o)
    0x08000296   0x08000296   0x00000002   PAD
    0x08000298   0x08000298   0x00000038   Code   RO         6868    .text               mc_w.l(__0sscanf.o)
    0x080002d0   0x080002d0   0x0000014c   Code   RO         6870    .text               mc_w.l(_scanf_int.o)
    0x0800041c   0x0800041c   0x00000062   Code   RO         6889    .text               mc_w.l(uldiv.o)
    0x0800047e   0x0800047e   0x0000001c   Code   RO         6891    .text               mc_w.l(_chval.o)
    0x0800049a   0x0800049a   0x00000002   PAD
    0x0800049c   0x0800049c   0x00000028   Code   RO         6893    .text               mc_w.l(scanf_char.o)
    0x080004c4   0x080004c4   0x00000040   Code   RO         6895    .text               mc_w.l(_sgetc.o)
    0x08000504   0x08000504   0x00000024   Code   RO         6908    .text               mc_w.l(init.o)
    0x08000528   0x08000528   0x0000001e   Code   RO         6910    .text               mc_w.l(llshl.o)
    0x08000546   0x08000546   0x00000020   Code   RO         6912    .text               mc_w.l(llushr.o)
    0x08000566   0x08000566   0x0000000a   Code   RO         6916    .text               mc_w.l(isspace_c.o)
    0x08000570   0x08000570   0x00000328   Code   RO         6918    .text               mc_w.l(_scanf.o)
    0x08000898   0x08000898   0x00000028   Code   RO         6922    .text               mc_w.l(ctype_c.o)
    0x080008c0   0x080008c0   0x00000056   Code   RO         6933    .text               mc_w.l(__dczerorl2.o)
    0x08000916   0x08000916   0x00000002   PAD
    0x08000918   0x08000918   0x00000034   Code   RO          389    i.AUTO_Threshod_Init  function.o
    0x0800094c   0x0800094c   0x00000038   Code   RO         6050    i.BEEP_Init         beep.o
    0x08000984   0x08000984   0x00000028   Code   RO         6051    i.BEEP_Install      beep.o
    0x080009ac   0x080009ac   0x00000004   Code   RO            3    i.BusFault_Handler  gd32f4xx_it.o
    0x080009b0   0x080009b0   0x00000058   Code   RO          390    i.Change_mode       function.o
    0x08000a08   0x08000a08   0x00000002   Code   RO            4    i.DebugMon_Handler  gd32f4xx_it.o
    0x08000a0a   0x08000a0a   0x00000002   PAD
    0x08000a0c   0x08000a0c   0x00000104   Code   RO         6408    i.ESP32ConnetServer  esp8266.o
    0x08000b10   0x08000b10   0x000000e4   Code   RO         6409    i.ESP32ConnetWIFI   esp8266.o
    0x08000bf4   0x08000bf4   0x000000f0   Code   RO         6541    i.ESP32_CAM_USART2_Init  esp32_cam.o
    0x08000ce4   0x08000ce4   0x00000090   Code   RO         6412    i.ESP8266_Init      esp8266.o
    0x08000d74   0x08000d74   0x000000e4   Code   RO         6413    i.ESP8266_SendCmd   esp8266.o
    0x08000e58   0x08000e58   0x0000001c   Code   RO         6079    i.EXTI0_IRQHandler  key.o
    0x08000e74   0x08000e74   0x0000001c   Code   RO         6080    i.EXTI1_IRQHandler  key.o
    0x08000e90   0x08000e90   0x0000011c   Code   RO          392    i.Get_Val           function.o
    0x08000fac   0x08000fac   0x00000004   Code   RO            5    i.HardFault_Handler  gd32f4xx_it.o
    0x08000fb0   0x08000fb0   0x000000fc   Code   RO          393    i.IrDA_Send_Recevice  function.o
    0x080010ac   0x080010ac   0x00000078   Code   RO         6081    i.Key_Control       key.o
    0x08001124   0x08001124   0x000000b0   Code   RO         6350    i.Lcd_Read          uart4_lcd.o
    0x080011d4   0x080011d4   0x00000004   Code   RO            6    i.MemManage_Handler  gd32f4xx_it.o
    0x080011d8   0x080011d8   0x00000010   Code   RO         6237    i.MultiTimerInstall  multitimer.o
    0x080011e8   0x080011e8   0x00000088   Code   RO         6238    i.MultiTimerStart   multitimer.o
    0x08001270   0x08001270   0x00000048   Code   RO         6240    i.MultiTimerYield   multitimer.o
    0x080012b8   0x080012b8   0x00000002   Code   RO            7    i.NMI_Handler       gd32f4xx_it.o
    0x080012ba   0x080012ba   0x00000002   PAD
    0x080012bc   0x080012bc   0x00000028   Code   RO          346    i.NVIC_SetPriority  systick.o
    0x080012e4   0x080012e4   0x00000002   Code   RO            8    i.PendSV_Handler    gd32f4xx_it.o
    0x080012e6   0x080012e6   0x00000002   Code   RO            9    i.SVC_Handler       gd32f4xx_it.o
    0x080012e8   0x080012e8   0x0000002c   Code   RO         6415    i.Send_ESP8266_String  esp8266.o
    0x08001314   0x08001314   0x00000008   Code   RO           10    i.SysTick_Handler   gd32f4xx_it.o
    0x0800131c   0x0800131c   0x000000d4   Code   RO          458    i.SystemInit        system_gd32f4xx.o
    0x080013f0   0x080013f0   0x0000001c   Code   RO         6316    i.TIMER1_IRQHandler  timer.o
    0x0800140c   0x0800140c   0x00000064   Code   RO         6194    i.UART3_DMA_Send    zigbee_uart3.o
    0x08001470   0x08001470   0x000000a0   Code   RO         6195    i.UART3_IRQHandler  zigbee_uart3.o
    0x08001510   0x08001510   0x00000058   Code   RO         6351    i.UART4_IRQHandler  uart4_lcd.o
    0x08001568   0x08001568   0x000000fc   Code   RO         6352    i.UART4_Lcd_Init    uart4_lcd.o
    0x08001664   0x08001664   0x000000fc   Code   RO         6416    i.UART6_ESP8266_Init  esp8266.o
    0x08001760   0x08001760   0x0000009c   Code   RO         6417    i.UART6_IRQHandler  esp8266.o
    0x080017fc   0x080017fc   0x00000214   Code   RO          395    i.UART_Lcd_Task     function.o
    0x08001a10   0x08001a10   0x0000004c   Code   RO         6133    i.USART0_IRQHandler  usart0.o
    0x08001a5c   0x08001a5c   0x0000004c   Code   RO         6542    i.USART2_IRQHandler  esp32_cam.o
    0x08001aa8   0x08001aa8   0x00000050   Code   RO         6495    i.USART5_IRQHandler  irda.o
    0x08001af8   0x08001af8   0x000000fc   Code   RO         6496    i.USART5_IrDA_Init  irda.o
    0x08001bf4   0x08001bf4   0x00000004   Code   RO           11    i.UsageFault_Handler  gd32f4xx_it.o
    0x08001bf8   0x08001bf8   0x000001c8   Code   RO         6196    i.ZigBee_UART3_init  zigbee_uart3.o
    0x08001dc0   0x08001dc0   0x00000020   Code   RO         6814    i.__0printf$8       mc_w.l(printf8.o)
    0x08001de0   0x08001de0   0x00000028   Code   RO         6816    i.__0sprintf$8      mc_w.l(printf8.o)
    0x08001e08   0x08001e08   0x0000000e   Code   RO         6927    i.__scatterload_copy  mc_w.l(handlers.o)
    0x08001e16   0x08001e16   0x00000002   Code   RO         6928    i.__scatterload_null  mc_w.l(handlers.o)
    0x08001e18   0x08001e18   0x0000000e   Code   RO         6929    i.__scatterload_zeroinit  mc_w.l(handlers.o)
    0x08001e26   0x08001e26   0x00000002   PAD
    0x08001e28   0x08001e28   0x00000408   Code   RO         6821    i._printf_core      mc_w.l(printf8.o)
    0x08002230   0x08002230   0x00000024   Code   RO         6822    i._printf_post_padding  mc_w.l(printf8.o)
    0x08002254   0x08002254   0x0000002e   Code   RO         6823    i._printf_pre_padding  mc_w.l(printf8.o)
    0x08002282   0x08002282   0x0000000a   Code   RO         6825    i._sputc            mc_w.l(printf8.o)
    0x0800228c   0x0800228c   0x00000014   Code   RO          347    i.delay_1ms         systick.o
    0x080022a0   0x080022a0   0x00000018   Code   RO          348    i.delay_decrement   systick.o
    0x080022b8   0x080022b8   0x00000020   Code   RO         1071    i.dma_channel_disable  gd32f4xx_dma.o
    0x080022d8   0x080022d8   0x00000020   Code   RO         1072    i.dma_channel_enable  gd32f4xx_dma.o
    0x080022f8   0x080022f8   0x00000026   Code   RO         1073    i.dma_channel_subperipheral_select  gd32f4xx_dma.o
    0x0800231e   0x0800231e   0x00000020   Code   RO         1074    i.dma_circulation_disable  gd32f4xx_dma.o
    0x0800233e   0x0800233e   0x00000020   Code   RO         1075    i.dma_circulation_enable  gd32f4xx_dma.o
    0x0800235e   0x0800235e   0x000000a4   Code   RO         1076    i.dma_deinit        gd32f4xx_dma.o
    0x08002402   0x08002402   0x0000003e   Code   RO         1078    i.dma_flag_clear    gd32f4xx_dma.o
    0x08002440   0x08002440   0x0000004c   Code   RO         1079    i.dma_flag_get      gd32f4xx_dma.o
    0x0800248c   0x0800248c   0x0000003e   Code   RO         1082    i.dma_interrupt_enable  gd32f4xx_dma.o
    0x080024ca   0x080024ca   0x0000003e   Code   RO         1083    i.dma_interrupt_flag_clear  gd32f4xx_dma.o
    0x08002508   0x08002508   0x00000020   Code   RO         1085    i.dma_memory_address_config  gd32f4xx_dma.o
    0x08002528   0x08002528   0x00000158   Code   RO         1096    i.dma_single_data_mode_init  gd32f4xx_dma.o
    0x08002680   0x08002680   0x00000022   Code   RO         1097    i.dma_single_data_para_struct_init  gd32f4xx_dma.o
    0x080026a2   0x080026a2   0x00000010   Code   RO         1101    i.dma_transfer_number_config  gd32f4xx_dma.o
    0x080026b2   0x080026b2   0x00000010   Code   RO         1102    i.dma_transfer_number_get  gd32f4xx_dma.o
    0x080026c2   0x080026c2   0x00000002   PAD
    0x080026c4   0x080026c4   0x000000bc   Code   RO         1288    i.exti_init         gd32f4xx_exti.o
    0x08002780   0x08002780   0x0000000c   Code   RO         1291    i.exti_interrupt_flag_clear  gd32f4xx_exti.o
    0x0800278c   0x0800278c   0x00000018   Code   RO         1292    i.exti_interrupt_flag_get  gd32f4xx_exti.o
    0x080027a4   0x080027a4   0x0000002c   Code   RO         6137    i.fputc             usart0.o
    0x080027d0   0x080027d0   0x000000e4   Code   RO         6138    i.gd_eval_com_init  usart0.o
    0x080028b4   0x080028b4   0x00000080   Code   RO         6082    i.gd_eval_key_init  key.o
    0x08002934   0x08002934   0x00000054   Code   RO         6010    i.gd_eval_led_init  led.o
    0x08002988   0x08002988   0x00000018   Code   RO         6011    i.gd_eval_led_off   led.o
    0x080029a0   0x080029a0   0x00000018   Code   RO         6012    i.gd_eval_led_on    led.o
    0x080029b8   0x080029b8   0x0000005e   Code   RO          967    i.gpio_af_set       gd32f4xx_gpio.o
    0x08002a16   0x08002a16   0x0000004e   Code   RO          975    i.gpio_mode_set     gd32f4xx_gpio.o
    0x08002a64   0x08002a64   0x00000042   Code   RO          977    i.gpio_output_options_set  gd32f4xx_gpio.o
    0x08002aa6   0x08002aa6   0x00000002   PAD
    0x08002aa8   0x08002aa8   0x000001a4   Code   RO          248    i.main              main.o
    0x08002c4c   0x08002c4c   0x000000c4   Code   RO         4185    i.nvic_irq_enable   gd32f4xx_misc.o
    0x08002d10   0x08002d10   0x00000014   Code   RO         4186    i.nvic_priority_group_set  gd32f4xx_misc.o
    0x08002d24   0x08002d24   0x00000124   Code   RO         1378    i.rcu_clock_freq_get  gd32f4xx_rcu.o
    0x08002e48   0x08002e48   0x00000024   Code   RO         1397    i.rcu_periph_clock_enable  gd32f4xx_rcu.o
    0x08002e6c   0x08002e6c   0x00000024   Code   RO         1400    i.rcu_periph_reset_disable  gd32f4xx_rcu.o
    0x08002e90   0x08002e90   0x00000024   Code   RO         1401    i.rcu_periph_reset_enable  gd32f4xx_rcu.o
    0x08002eb4   0x08002eb4   0x000000ac   Code   RO         4930    i.syscfg_exti_line_config  gd32f4xx_syscfg.o
    0x08002f60   0x08002f60   0x000000fc   Code   RO          459    i.system_clock_200m_irc16m  system_gd32f4xx.o
    0x0800305c   0x0800305c   0x00000008   Code   RO          460    i.system_clock_config  system_gd32f4xx.o
    0x08003064   0x08003064   0x00000050   Code   RO          349    i.systick_config    systick.o
    0x080030b4   0x080030b4   0x0000000c   Code   RO         6241    i.systick_get       multitimer.o
    0x080030c0   0x080030c0   0x00000018   Code   RO         6242    i.systick_run       multitimer.o
    0x080030d8   0x080030d8   0x0000006c   Code   RO         6243    i.timer1_callback   multitimer.o
    0x08003144   0x08003144   0x0000003c   Code   RO         6244    i.timer2_callback   multitimer.o
    0x08003180   0x08003180   0x000000d8   Code   RO         6317    i.timer_config      timer.o
    0x08003258   0x08003258   0x00000184   Code   RO         5019    i.timer_deinit      gd32f4xx_timer.o
    0x080033dc   0x080033dc   0x0000000a   Code   RO         5024    i.timer_enable      gd32f4xx_timer.o
    0x080033e6   0x080033e6   0x00000002   PAD
    0x080033e8   0x080033e8   0x00000098   Code   RO         5034    i.timer_init        gd32f4xx_timer.o
    0x08003480   0x08003480   0x00000008   Code   RO         5041    i.timer_interrupt_enable  gd32f4xx_timer.o
    0x08003488   0x08003488   0x00000006   Code   RO         5042    i.timer_interrupt_flag_clear  gd32f4xx_timer.o
    0x0800348e   0x0800348e   0x00000018   Code   RO         5043    i.timer_interrupt_flag_get  gd32f4xx_timer.o
    0x080034a6   0x080034a6   0x00000016   Code   RO         5054    i.timer_struct_para_init  gd32f4xx_timer.o
    0x080034bc   0x080034bc   0x000000e8   Code   RO         5604    i.usart_baudrate_set  gd32f4xx_usart.o
    0x080035a4   0x080035a4   0x0000000a   Code   RO         5608    i.usart_data_receive  gd32f4xx_usart.o
    0x080035ae   0x080035ae   0x00000008   Code   RO         5609    i.usart_data_transmit  gd32f4xx_usart.o
    0x080035b6   0x080035b6   0x00000002   PAD
    0x080035b8   0x080035b8   0x000000dc   Code   RO         5610    i.usart_deinit      gd32f4xx_usart.o
    0x08003694   0x08003694   0x00000014   Code   RO         5612    i.usart_dma_receive_config  gd32f4xx_usart.o
    0x080036a8   0x080036a8   0x00000014   Code   RO         5613    i.usart_dma_transmit_config  gd32f4xx_usart.o
    0x080036bc   0x080036bc   0x0000000a   Code   RO         5614    i.usart_enable      gd32f4xx_usart.o
    0x080036c6   0x080036c6   0x0000001a   Code   RO         5615    i.usart_flag_clear  gd32f4xx_usart.o
    0x080036e0   0x080036e0   0x0000001e   Code   RO         5616    i.usart_flag_get    gd32f4xx_usart.o
    0x080036fe   0x080036fe   0x0000001a   Code   RO         5624    i.usart_interrupt_enable  gd32f4xx_usart.o
    0x08003718   0x08003718   0x0000001a   Code   RO         5625    i.usart_interrupt_flag_clear  gd32f4xx_usart.o
    0x08003732   0x08003732   0x00000038   Code   RO         5626    i.usart_interrupt_flag_get  gd32f4xx_usart.o
    0x0800376a   0x0800376a   0x00000010   Code   RO         5639    i.usart_parity_config  gd32f4xx_usart.o
    0x0800377a   0x0800377a   0x00000010   Code   RO         5641    i.usart_receive_config  gd32f4xx_usart.o
    0x0800378a   0x0800378a   0x00000010   Code   RO         5652    i.usart_stop_bit_set  gd32f4xx_usart.o
    0x0800379a   0x0800379a   0x00000010   Code   RO         5656    i.usart_transmit_config  gd32f4xx_usart.o
    0x080037aa   0x080037aa   0x00000010   Code   RO         5657    i.usart_word_length_set  gd32f4xx_usart.o
    0x080037ba   0x080037ba   0x00000002   PAD
    0x080037bc   0x080037bc   0x000000c8   Data   RO         6419    .constdata          esp8266.o
    0x08003884   0x08003884   0x00000040   Data   RO         6923    .constdata          mc_w.l(ctype_c.o)
    0x080038c4   0x080038c4   0x00000020   Data   RO         6925    Region$$Table       anon$$obj.o


    Execution Region RW_IRAM1 (Exec base: 0x20000000, Load base: 0x080038e4, Size: 0x00001420, Max: 0x00070000, ABSOLUTE, COMPRESSED[0x0000009c])

    Exec Addr    Load Addr    Size         Type   Attr      Idx    E Section Name        Object

    0x20000000   COMPRESSED   0x00000004   Data   RW          350    .data               systick.o
    0x20000004   COMPRESSED   0x00000084   Data   RW          397    .data               function.o
    0x20000088   COMPRESSED   0x00000004   Data   RW          461    .data               system_gd32f4xx.o
    0x2000008c   COMPRESSED   0x00000014   Data   RW         6014    .data               led.o
    0x200000a0   COMPRESSED   0x0000004c   Data   RW         6084    .data               key.o
    0x200000ec   COMPRESSED   0x0000000d   Data   RW         6140    .data               usart0.o
    0x200000f9   COMPRESSED   0x00000003   PAD
    0x200000fc   COMPRESSED   0x00000016   Data   RW         6198    .data               zigbee_uart3.o
    0x20000112   COMPRESSED   0x00000006   PAD
    0x20000118   COMPRESSED   0x00000014   Data   RW         6246    .data               multitimer.o
    0x2000012c   COMPRESSED   0x0000000c   Data   RW         6356    .data               uart4_lcd.o
    0x20000138   COMPRESSED   0x0000000c   Data   RW         6420    .data               esp8266.o
    0x20000144   COMPRESSED   0x00000010   Data   RW         6498    .data               irda.o
    0x20000154   COMPRESSED   0x0000000d   Data   RW         6546    .data               esp32_cam.o
    0x20000161   COMPRESSED   0x00000003   PAD
    0x20000164   COMPRESSED   0x00000004   Data   RW         6886    .data               mc_w.l(stdout.o)
    0x20000168        -       0x00000138   Zero   RW          396    .bss                function.o
    0x200002a0        -       0x00000200   Zero   RW         6139    .bss                usart0.o
    0x200004a0        -       0x00000300   Zero   RW         6197    .bss                zigbee_uart3.o
    0x200007a0        -       0x00000048   Zero   RW         6245    .bss                multitimer.o
    0x200007e8        -       0x00000418   Zero   RW         6355    .bss                uart4_lcd.o
    0x20000c00        -       0x00000208   Zero   RW         6418    .bss                esp8266.o
    0x20000e08        -       0x00000014   Zero   RW         6497    .bss                irda.o
    0x20000e1c        -       0x00000200   Zero   RW         6545    .bss                esp32_cam.o
    0x2000101c   COMPRESSED   0x00000004   PAD
    0x20001020        -       0x00000400   Zero   RW         6001    STACK               startup_gd32f450_470.o


==============================================================================

Image component sizes


      Code (inc. data)   RO Data    RW Data    ZI Data      Debug   Object Name

        96         10          0          0          0       1095   beep.o
       316         38          0         13        512       2386   esp32_cam.o
      1312        422        200         12        520       6608   esp8266.o
      1208        428          0        132        312       5340   function.o
      1034          4          0          0          0      11862   gd32f4xx_dma.o
       224         16          0          0          0       2146   gd32f4xx_exti.o
       238          0          0          0          0       2580   gd32f4xx_gpio.o
        32          0          0          0          0      77119   gd32f4xx_it.o
       216         20          0          0          0       1572   gd32f4xx_misc.o
       400         40          0          0          0       3964   gd32f4xx_rcu.o
       172          6          0          0          0        826   gd32f4xx_syscfg.o
       610         44          0          0          0       5633   gd32f4xx_timer.o
       764         18          0          0          0      12320   gd32f4xx_usart.o
       332         42          0         16         20       3077   irda.o
       304         72          0         76          0       4849   key.o
       132         30          0         20          0       2374   led.o
       420        174          0          0          0       5843   main.o
       428         84          0         20         72       6062   multitimer.o
        36          8        428          0       1024        940   startup_gd32f450_470.o
       472         32          0          4          0       3187   system_gd32f4xx.o
       164         24          0          4          0      29342   systick.o
       244         10          0          0          0       1279   timer.o
       516         90          0         12       1048       3525   uart4_lcd.o
       348         40          0         13        512       4205   usart0.o
       716         76          0         22        768       3453   zigbee_uart3.o

    ----------------------------------------------------------------------
     10748       1728        660        356       4792     201587   Object Totals
         0          0         32          0          0          0   (incl. Generated)
        14          0          0         12          4          0   (incl. Padding)

    ----------------------------------------------------------------------

      Code (inc. data)   RO Data    RW Data    ZI Data      Debug   Library Member Name

        56          8          0          0          0         84   __0sscanf.o
        86          0          0          0          0          0   __dczerorl2.o
        28          0          0          0          0         68   _chval.o
       808          6          0          0          0        112   _scanf.o
       332          0          0          0          0         96   _scanf_int.o
        64          0          0          0          0         84   _sgetc.o
        40          6         64          0          0         68   ctype_c.o
         0          0          0          0          0          0   entry.o
         0          0          0          0          0          0   entry10a.o
         0          0          0          0          0          0   entry11a.o
         8          4          0          0          0          0   entry2.o
         4          0          0          0          0          0   entry5.o
         0          0          0          0          0          0   entry7b.o
         0          0          0          0          0          0   entry8b.o
         8          4          0          0          0          0   entry9a.o
        30          0          0          0          0          0   handlers.o
        36          8          0          0          0         68   init.o
        10          0          0          0          0         68   isspace_c.o
        30          0          0          0          0         68   llshl.o
        32          0          0          0          0         68   llushr.o
        36          0          0          0          0         68   memcpya.o
        36          0          0          0          0        108   memseta.o
      1196         60          0          0          0        504   printf8.o
        40          8          0          0          0         84   scanf_char.o
         0          0          0          4          0          0   stdout.o
        24          0          0          0          0         68   strcat.o
        28          0          0          0          0         76   strcmp.o
        18          0          0          0          0         68   strcpy.o
        36          0          0          0          0         80   strstr.o
        98          0          0          0          0         92   uldiv.o

    ----------------------------------------------------------------------
      3092        104         64          4          0       1932   Library Totals
         8          0          0          0          0          0   (incl. Padding)

    ----------------------------------------------------------------------

      Code (inc. data)   RO Data    RW Data    ZI Data      Debug   Library Name

      3084        104         64          4          0       1932   mc_w.l

    ----------------------------------------------------------------------
      3092        104         64          4          0       1932   Library Totals

    ----------------------------------------------------------------------

==============================================================================


      Code (inc. data)   RO Data    RW Data    ZI Data      Debug   

     13840       1832        724        360       4792     192063   Grand Totals
     13840       1832        724        156       4792     192063   ELF Image Totals (compressed)
     13840       1832        724        156          0          0   ROM Totals

==============================================================================

    Total RO  Size (Code + RO Data)                14564 (  14.22kB)
    Total RW  Size (RW Data + ZI Data)              5152 (   5.03kB)
    Total ROM Size (Code + RO Data + RW Data)      14720 (  14.38kB)

==============================================================================

