Product: MDK Plus 5.37
Component: ARM Compiler 5.04 update 1 (build 49)
Tool: armlink [5040049]

==============================================================================

Section Cross References

    system_stm32f10x.o(i.SetSysClock) refers to system_stm32f10x.o(i.SetSysClockTo72) for SetSysClockTo72
    system_stm32f10x.o(i.SystemCoreClockUpdate) refers to system_stm32f10x.o(.data) for SystemCoreClock
    system_stm32f10x.o(i.SystemInit) refers to system_stm32f10x.o(i.SetSysClock) for SetSysClock
    startup_stm32f10x_md.o(RESET) refers to startup_stm32f10x_md.o(STACK) for __initial_sp
    startup_stm32f10x_md.o(RESET) refers to startup_stm32f10x_md.o(.text) for Reset_Handler
    startup_stm32f10x_md.o(RESET) refers to hw_config.o(i.USB_LP_CAN1_RX0_IRQHandler) for USB_LP_CAN1_RX0_IRQHandler
    startup_stm32f10x_md.o(RESET) refers to time3.o(i.TIM3_IRQHandler) for TIM3_IRQHandler
    startup_stm32f10x_md.o(RESET) refers to time4.o(i.TIM4_IRQHandler) for TIM4_IRQHandler
    startup_stm32f10x_md.o(RESET) refers to usart.o(i.USART1_IRQHandler) for USART1_IRQHandler
    startup_stm32f10x_md.o(RESET) refers to zigbee.o(i.USART2_IRQHandler) for USART2_IRQHandler
    startup_stm32f10x_md.o(RESET) refers to hw_config.o(i.USBWakeUp_IRQHandler) for USBWakeUp_IRQHandler
    startup_stm32f10x_md.o(.text) refers to system_stm32f10x.o(i.SystemInit) for SystemInit
    startup_stm32f10x_md.o(.text) refers to entry.o(.ARM.Collect$$$$00000000) for __main
    stm32f10x_adc.o(i.ADC_DeInit) refers to stm32f10x_rcc.o(i.RCC_APB2PeriphResetCmd) for RCC_APB2PeriphResetCmd
    stm32f10x_bkp.o(i.BKP_DeInit) refers to stm32f10x_rcc.o(i.RCC_BackupResetCmd) for RCC_BackupResetCmd
    stm32f10x_can.o(i.CAN_DeInit) refers to stm32f10x_rcc.o(i.RCC_APB1PeriphResetCmd) for RCC_APB1PeriphResetCmd
    stm32f10x_can.o(i.CAN_GetITStatus) refers to stm32f10x_can.o(i.CheckITStatus) for CheckITStatus
    stm32f10x_cec.o(i.CEC_DeInit) refers to stm32f10x_rcc.o(i.RCC_APB1PeriphResetCmd) for RCC_APB1PeriphResetCmd
    stm32f10x_dac.o(i.DAC_DeInit) refers to stm32f10x_rcc.o(i.RCC_APB1PeriphResetCmd) for RCC_APB1PeriphResetCmd
    stm32f10x_flash.o(i.FLASH_EnableWriteProtection) refers to stm32f10x_flash.o(i.FLASH_WaitForLastOperation) for FLASH_WaitForLastOperation
    stm32f10x_flash.o(i.FLASH_EraseAllBank1Pages) refers to stm32f10x_flash.o(i.FLASH_WaitForLastBank1Operation) for FLASH_WaitForLastBank1Operation
    stm32f10x_flash.o(i.FLASH_EraseAllPages) refers to stm32f10x_flash.o(i.FLASH_WaitForLastOperation) for FLASH_WaitForLastOperation
    stm32f10x_flash.o(i.FLASH_EraseOptionBytes) refers to stm32f10x_flash.o(i.FLASH_GetReadOutProtectionStatus) for FLASH_GetReadOutProtectionStatus
    stm32f10x_flash.o(i.FLASH_EraseOptionBytes) refers to stm32f10x_flash.o(i.FLASH_WaitForLastOperation) for FLASH_WaitForLastOperation
    stm32f10x_flash.o(i.FLASH_ErasePage) refers to stm32f10x_flash.o(i.FLASH_WaitForLastOperation) for FLASH_WaitForLastOperation
    stm32f10x_flash.o(i.FLASH_ProgramHalfWord) refers to stm32f10x_flash.o(i.FLASH_WaitForLastOperation) for FLASH_WaitForLastOperation
    stm32f10x_flash.o(i.FLASH_ProgramOptionByteData) refers to stm32f10x_flash.o(i.FLASH_WaitForLastOperation) for FLASH_WaitForLastOperation
    stm32f10x_flash.o(i.FLASH_ProgramWord) refers to stm32f10x_flash.o(i.FLASH_WaitForLastOperation) for FLASH_WaitForLastOperation
    stm32f10x_flash.o(i.FLASH_ReadOutProtection) refers to stm32f10x_flash.o(i.FLASH_WaitForLastOperation) for FLASH_WaitForLastOperation
    stm32f10x_flash.o(i.FLASH_UserOptionByteConfig) refers to stm32f10x_flash.o(i.FLASH_WaitForLastOperation) for FLASH_WaitForLastOperation
    stm32f10x_flash.o(i.FLASH_WaitForLastBank1Operation) refers to stm32f10x_flash.o(i.FLASH_GetBank1Status) for FLASH_GetBank1Status
    stm32f10x_flash.o(i.FLASH_WaitForLastOperation) refers to stm32f10x_flash.o(i.FLASH_GetBank1Status) for FLASH_GetBank1Status
    stm32f10x_gpio.o(i.GPIO_AFIODeInit) refers to stm32f10x_rcc.o(i.RCC_APB2PeriphResetCmd) for RCC_APB2PeriphResetCmd
    stm32f10x_gpio.o(i.GPIO_DeInit) refers to stm32f10x_rcc.o(i.RCC_APB2PeriphResetCmd) for RCC_APB2PeriphResetCmd
    stm32f10x_i2c.o(i.I2C_DeInit) refers to stm32f10x_rcc.o(i.RCC_APB1PeriphResetCmd) for RCC_APB1PeriphResetCmd
    stm32f10x_i2c.o(i.I2C_Init) refers to stm32f10x_rcc.o(i.RCC_GetClocksFreq) for RCC_GetClocksFreq
    stm32f10x_pwr.o(i.PWR_DeInit) refers to stm32f10x_rcc.o(i.RCC_APB1PeriphResetCmd) for RCC_APB1PeriphResetCmd
    stm32f10x_rcc.o(i.RCC_GetClocksFreq) refers to stm32f10x_rcc.o(.data) for APBAHBPrescTable
    stm32f10x_rcc.o(i.RCC_WaitForHSEStartUp) refers to stm32f10x_rcc.o(i.RCC_GetFlagStatus) for RCC_GetFlagStatus
    stm32f10x_rtc.o(i.RTC_SetAlarm) refers to stm32f10x_rtc.o(i.RTC_EnterConfigMode) for RTC_EnterConfigMode
    stm32f10x_rtc.o(i.RTC_SetAlarm) refers to stm32f10x_rtc.o(i.RTC_ExitConfigMode) for RTC_ExitConfigMode
[...]
    SYSTEM\\sys\\sys.c                       0x00000000   Number         0  sys.o ABSOLUTE
    SYSTEM\sys\sys.c                         0x00000000   Number         0  sys.o ABSOLUTE
    USB\CONFIG\hw_config.c                   0x00000000   Number         0  hw_config.o ABSOLUTE
    USB\CONFIG\usb_desc.c                    0x00000000   Number         0  usb_desc.o ABSOLUTE
    USB\CONFIG\usb_endp.c                    0x00000000   Number         0  usb_endp.o ABSOLUTE
    USB\CONFIG\usb_istr.c                    0x00000000   Number         0  usb_istr.o ABSOLUTE
    USB\CONFIG\usb_prop.c                    0x00000000   Number         0  usb_prop.o ABSOLUTE
    USB\CONFIG\usb_pwr.c                     0x00000000   Number         0  usb_pwr.o ABSOLUTE
    USB\STM32_USB-FS-Device_Driver\src\usb_core.c 0x00000000   Number         0  usb_core.o ABSOLUTE
    USB\STM32_USB-FS-Device_Driver\src\usb_init.c 0x00000000   Number         0  usb_init.o ABSOLUTE
    USB\STM32_USB-FS-Device_Driver\src\usb_int.c 0x00000000   Number         0  usb_int.o ABSOLUTE
    USB\STM32_USB-FS-Device_Driver\src\usb_mem.c 0x00000000   Number         0  usb_mem.o ABSOLUTE
    USB\STM32_USB-FS-Device_Driver\src\usb_regs.c 0x00000000   Number         0  usb_regs.o ABSOLUTE
    USB\STM32_USB-FS-Device_Driver\src\usb_sil.c 0x00000000   Number         0  usb_sil.o ABSOLUTE
    User\Src\KEY.c                           0x00000000   Number         0  key.o ABSOLUTE
    User\Src\LED.c                           0x00000000   Number         0  led.o ABSOLUTE
    User\Src\beep.c                          0x00000000   Number         0  beep.o ABSOLUTE
    User\Src\function.c                      0x00000000   Number         0  function.o ABSOLUTE
    User\Src\main.c                          0x00000000   Number         0  main.o ABSOLUTE
    cdcmple.s                                0x00000000   Number         0  cdcmple.o ABSOLUTE
    cdrcmple.s                               0x00000000   Number         0  cdrcmple.o ABSOLUTE
    dc.s                                     0x00000000   Number         0  dc.o ABSOLUTE
    handlers.s                               0x00000000   Number         0  handlers.o ABSOLUTE
    init.s                                   0x00000000   Number         0  init.o ABSOLUTE
    RESET                                    0x08000000   Section      236  startup_stm32f10x_md.o(RESET)
    .ARM.Collect$$$$00000000                 0x080000ec   Section        0  entry.o(.ARM.Collect$$$$00000000)
    .ARM.Collect$$$$00000001                 0x080000ec   Section        4  entry2.o(.ARM.Collect$$$$00000001)
    .ARM.Collect$$$$00000004                 0x080000f0   Section        4  entry5.o(.ARM.Collect$$$$00000004)
    .ARM.Collect$$$$00000008                 0x080000f4   Section        0  entry7b.o(.ARM.Collect$$$$00000008)
    .ARM.Collect$$$$0000000A                 0x080000f4   Section        0  entry8b.o(.ARM.Collect$$$$0000000A)
    .ARM.Collect$$$$0000000B                 0x080000f4   Section        8  entry9a.o(.ARM.Collect$$$$0000000B)
    .ARM.Collect$$$$0000000D                 0x080000fc   Section        0  entry10a.o(.ARM.Collect$$$$0000000D)
    .ARM.Collect$$$$0000000F                 0x080000fc   Section        0  entry11a.o(.ARM.Collect$$$$0000000F)
    .ARM.Collect$$$$00002712                 0x080000fc   Section        4  entry2.o(.ARM.Collect$$$$00002712)
    __lit__00000000                          0x080000fc   Data           4  entry2.o(.ARM.Collect$$$$00002712)
    .text                                    0x08000100   Section       36  startup_stm32f10x_md.o(.text)
    .text                                    0x08000124   Section        0  strstr.o(.text)
    .text                                    0x08000148   Section        0  strlen.o(.text)
    .text                                    0x08000156   Section        0  dadd.o(.text)
    .text                                    0x080002a4   Section        0  dmul.o(.text)
    .text                                    0x08000388   Section        0  ddiv.o(.text)
    .text                                    0x08000466   Section        0  uidiv.o(.text)
    .text                                    0x08000492   Section        0  uldiv.o(.text)
    .text                                    0x080004f4   Section        0  llshl.o(.text)
    .text                                    0x08000512   Section        0  llushr.o(.text)
    .text                                    0x08000532   Section        0  llsshr.o(.text)
    .text                                    0x08000556   Section        0  iusefp.o(.text)
    .text                                    0x08000556   Section        0  depilogue.o(.text)
    .text                                    0x0800060c   Section        0  dfixul.o(.text)
    .text                                    0x0800063c   Section       40  cdrcmple.o(.text)
    .text                                    0x08000664   Section       36  init.o(.text)
    .text                                    0x08000688   Section        0  __dczerorl2.o(.text)
    i.ADC_Cmd                                0x080006de   Section        0  stm32f10x_adc.o(i.ADC_Cmd)
    i.ADC_DeInit                             0x080006f4   Section        0  stm32f10x_adc.o(i.ADC_DeInit)
    i.ADC_GetCalibrationStatus               0x08000750   Section        0  stm32f10x_adc.o(i.ADC_GetCalibrationStatus)
    i.ADC_GetResetCalibrationStatus          0x08000764   Section        0  stm32f10x_adc.o(i.ADC_GetResetCalibrationStatus)
    i.ADC_Init                               0x08000778   Section        0  stm32f10x_adc.o(i.ADC_Init)
    i.ADC_MQ_2_Init                          0x080007c8   Section        0  mq-2.o(i.ADC_MQ_2_Init)
    i.ADC_ResetCalibration                   0x0800086c   Section        0  stm32f10x_adc.o(i.ADC_ResetCalibration)
    i.ADC_StartCalibration                   0x08000876   Section        0  stm32f10x_adc.o(i.ADC_StartCalibration)
    i.BH1750_Init                            0x08000880   Section        0  gy30.o(i.BH1750_Init)
    i.BH1750_Write_COM                       0x0800089a   Section        0  gy30.o(i.BH1750_Write_COM)
    i.ByteSwap                               0x080008c8   Section        0  usb_regs.o(i.ByteSwap)
    i.CTR_LP                                 0x080008d4   Section        0  usb_int.o(i.CTR_LP)
    i.ClearDTOG_RX                           0x08000b5c   Section        0  usb_regs.o(i.ClearDTOG_RX)
    i.ClearDTOG_TX                           0x08000b90   Section        0  usb_regs.o(i.ClearDTOG_TX)
    i.Clear_Status_Out                       0x08000bc4   Section        0  usb_regs.o(i.Clear_Status_Out)
    i.DHT11_Check                            0x08000bec   Section        0  dht11.o(i.DHT11_Check)
    i.DHT11_Init                             0x08000c38   Section        0  dht11.o(i.DHT11_Init)
    i.DHT11_Rst                              0x08000c78   Section        0  dht11.o(i.DHT11_Rst)
    i.DataStageIn                            0x08000ca0   Section        0  usb_core.o(i.DataStageIn)
    DataStageIn                              0x08000ca1   Thumb Code   166  usb_core.o(i.DataStageIn)
    i.DataStageOut                           0x08000d60   Section        0  usb_core.o(i.DataStageOut)
    DataStageOut                             0x08000d61   Thumb Code   166  usb_core.o(i.DataStageOut)
    i.Data_Setup0                            0x08000e1c   Section        0  usb_core.o(i.Data_Setup0)
    Data_Setup0                              0x08000e1d   Thumb Code   628  usb_core.o(i.Data_Setup0)
    i.Delay_us                               0x080010b4   Section        0  systic.o(i.Delay_us)
    i.EP1_IN_Callback                        0x08001100   Section        0  usb_endp.o(i.EP1_IN_Callback)
    i.EP3_OUT_Callback                       0x08001190   Section        0  usb_endp.o(i.EP3_OUT_Callback)
    i.EXTI_ClearITPendingBit                 0x080011b0   Section        0  stm32f10x_exti.o(i.EXTI_ClearITPendingBit)
    i.EXTI_Init                              0x080011bc   Section        0  stm32f10x_exti.o(i.EXTI_Init)
    i.Enter_LowPowerMode                     0x08001250   Section        0  hw_config.o(i.Enter_LowPowerMode)
    i.GPIO_Init                              0x0800125c   Section        0  stm32f10x_gpio.o(i.GPIO_Init)
    i.GPIO_PinRemapConfig                    0x08001374   Section        0  stm32f10x_gpio.o(i.GPIO_PinRemapConfig)
    i.GPIO_ReadInputDataBit                  0x08001404   Section        0  stm32f10x_gpio.o(i.GPIO_ReadInputDataBit)
    i.GPIO_ResetBits                         0x08001416   Section        0  stm32f10x_gpio.o(i.GPIO_ResetBits)
    i.GPIO_SetBits                           0x0800141a   Section        0  stm32f10x_gpio.o(i.GPIO_SetBits)
    i.GetEPRxAddr                            0x08001420   Section        0  usb_regs.o(i.GetEPRxAddr)
    i.GetEPRxCount                           0x08001440   Section        0  usb_regs.o(i.GetEPRxCount)
    i.GetEPTxAddr                            0x08001464   Section        0  usb_regs.o(i.GetEPTxAddr)
    i.Get_SerialNum                          0x08001484   Section        0  hw_config.o(i.Get_SerialNum)
    i.IIC_Get_ACK                            0x080014b8   Section        0  iic1.o(i.IIC_Get_ACK)
    i.IIC_Init                               0x08001508   Section        0  iic1.o(i.IIC_Init)
    i.IIC_Send_Data                          0x0800156c   Section        0  iic1.o(i.IIC_Send_Data)
    i.IIC_Start                              0x080015d8   Section        0  iic1.o(i.IIC_Start)
    i.IIC_Stop                               0x08001618   Section        0  iic1.o(i.IIC_Stop)
    i.In0_Process                            0x08001658   Section        0  usb_core.o(i.In0_Process)
    i.IntToUnicode                           0x080016c8   Section        0  hw_config.o(i.IntToUnicode)
    i.LED_Init                               0x08001708   Section        0  led.o(i.LED_Init)
    i.Leave_LowPowerMode                     0x08001760   Section        0  hw_config.o(i.Leave_LowPowerMode)
    i.NOP_Process                            0x08001780   Section        0  usb_core.o(i.NOP_Process)
    i.NVIC_Init                              0x08001784   Section        0  misc.o(i.NVIC_Init)
    i.NoData_Setup0                          0x080017f4   Section        0  usb_core.o(i.NoData_Setup0)
    NoData_Setup0                            0x080017f5   Thumb Code   290  usb_core.o(i.NoData_Setup0)
    i.OLED_Clear                             0x0800192c   Section        0  oled.o(i.OLED_Clear)
    i.OLED_Display_On                        0x0800196a   Section        0  oled.o(i.OLED_Display_On)
    i.OLED_IIC_Start                         0x08001988   Section        0  oled.o(i.OLED_IIC_Start)
    i.OLED_IIC_Stop                          0x080019b0   Section        0  oled.o(i.OLED_IIC_Stop)
    i.OLED_IIC_Wait_Ack                      0x080019d0   Section        0  oled.o(i.OLED_IIC_Wait_Ack)
    i.OLED_Init                              0x080019e8   Section        0  oled.o(i.OLED_Init)
    i.OLED_Set_Pos                           0x08001b04   Section        0  oled.o(i.OLED_Set_Pos)
    i.OLED_ShowCHinese                       0x08001b2c   Section        0  oled.o(i.OLED_ShowCHinese)
    i.OLED_ShowChar                          0x08001b94   Section        0  oled.o(i.OLED_ShowChar)
    i.OLED_ShowString                        0x08001c38   Section        0  oled.o(i.OLED_ShowString)
    i.OLED_WR_Byte                           0x08001c72   Section        0  oled.o(i.OLED_WR_Byte)
    i.Out0_Process                           0x08001c8c   Section        0  usb_core.o(i.Out0_Process)
    i.PMAToUserBufferCopy                    0x08001cdc   Section        0  usb_mem.o(i.PMAToUserBufferCopy)
    i.Post0_Process                          0x08001d04   Section        0  usb_core.o(i.Post0_Process)
    i.PowerOn                                0x08001d4c   Section        0  usb_pwr.o(i.PowerOn)
    i.RCC_ADCCLKConfig                       0x08001d8c   Section        0  stm32f10x_rcc.o(i.RCC_ADCCLKConfig)
    i.RCC_APB1PeriphClockCmd                 0x08001da4   Section        0  stm32f10x_rcc.o(i.RCC_APB1PeriphClockCmd)
    i.RCC_APB2PeriphClockCmd                 0x08001dc4   Section        0  stm32f10x_rcc.o(i.RCC_APB2PeriphClockCmd)
    i.RCC_APB2PeriphResetCmd                 0x08001de4   Section        0  stm32f10x_rcc.o(i.RCC_APB2PeriphResetCmd)
    i.RCC_GetClocksFreq                      0x08001e04   Section        0  stm32f10x_rcc.o(i.RCC_GetClocksFreq)
    i.RCC_USBCLKConfig                       0x08001ed8   Section        0  stm32f10x_rcc.o(i.RCC_USBCLKConfig)
    i.Relay_Init                             0x08001ee4   Section        0  relay.o(i.Relay_Init)
    i.Resume                                 0x08001f10   Section        0  usb_pwr.o(i.Resume)
    i.Resume_Init                            0x08001fe0   Section        0  usb_pwr.o(i.Resume_Init)
    i.SDA_IN                                 0x08002004   Section        0  iic1.o(i.SDA_IN)
    i.SDA_OUT                                0x08002028   Section        0  iic1.o(i.SDA_OUT)
    i.SOF_Callback                           0x0800204c   Section        0  usb_endp.o(i.SOF_Callback)
    i.SetBTABLE                              0x0800207c   Section        0  usb_regs.o(i.SetBTABLE)
    i.SetDeviceAddress                       0x0800208c   Section        0  usb_core.o(i.SetDeviceAddress)
    i.SetEPRxAddr                            0x080020dc   Section        0  usb_regs.o(i.SetEPRxAddr)
    i.SetEPRxCount                           0x08002100   Section        0  usb_regs.o(i.SetEPRxCount)
    i.SetEPRxStatus                          0x0800214c   Section        0  usb_regs.o(i.SetEPRxStatus)
    i.SetEPRxValid                           0x0800218c   Section        0  usb_regs.o(i.SetEPRxValid)
    i.SetEPTxAddr                            0x080021c0   Section        0  usb_regs.o(i.SetEPTxAddr)
    i.SetEPTxCount                           0x080021e0   Section        0  usb_regs.o(i.SetEPTxCount)
    i.SetEPTxStatus                          0x080021fc   Section        0  usb_regs.o(i.SetEPTxStatus)
    i.SetEPTxValid                           0x0800223c   Section        0  usb_regs.o(i.SetEPTxValid)
    i.SetEPType                              0x08002270   Section        0  usb_regs.o(i.SetEPType)
    i.SetSysClock                            0x08002294   Section        0  system_stm32f10x.o(i.SetSysClock)
    SetSysClock                              0x08002295   Thumb Code     8  system_stm32f10x.o(i.SetSysClock)
    i.SetSysClockTo72                        0x0800229c   Section        0  system_stm32f10x.o(i.SetSysClockTo72)
    SetSysClockTo72                          0x0800229d   Thumb Code   214  system_stm32f10x.o(i.SetSysClockTo72)
    i.Set_USBClock                           0x0800237c   Section        0  hw_config.o(i.Set_USBClock)
    i.Setup0_Process                         0x08002390   Section        0  usb_core.o(i.Setup0_Process)
    i.Standard_ClearFeature                  0x08002448   Section        0  usb_core.o(i.Standard_ClearFeature)
    i.Standard_GetConfiguration              0x080025b4   Section        0  usb_core.o(i.Standard_GetConfiguration)
    i.Standard_GetDescriptorData             0x080025e0   Section        0  usb_core.o(i.Standard_GetDescriptorData)
    i.Standard_GetInterface                  0x08002604   Section        0  usb_core.o(i.Standard_GetInterface)
    i.Standard_GetStatus                     0x08002630   Section        0  usb_core.o(i.Standard_GetStatus)
    i.Standard_SetConfiguration              0x08002730   Section        0  usb_core.o(i.Standard_SetConfiguration)
    i.Standard_SetDeviceFeature              0x08002778   Section        0  usb_core.o(i.Standard_SetDeviceFeature)
    i.Standard_SetEndPointFeature            0x080027a0   Section        0  usb_core.o(i.Standard_SetEndPointFeature)
    i.Standard_SetInterface                  0x08002870   Section        0  usb_core.o(i.Standard_SetInterface)
    i.Step_Motor_Init                        0x080028dc   Section        0  step_motor.o(i.Step_Motor_Init)
    i.Suspend                                0x08002954   Section        0  usb_pwr.o(i.Suspend)
    i.SystemInit                             0x080029f0   Section        0  system_stm32f10x.o(i.SystemInit)
    i.TIM3_IRQHandler                        0x08002a50   Section        0  time3.o(i.TIM3_IRQHandler)
    i.TIM3_Init                              0x08002a78   Section        0  time3.o(i.TIM3_Init)
    i.TIM4_IRQHandler                        0x08002af0   Section        0  time4.o(i.TIM4_IRQHandler)
    i.TIM4_Int_Init                          0x08002b7c   Section        0  time4.o(i.TIM4_Int_Init)
    i.TIM_ARRPreloadConfig                   0x08002c0c   Section        0  stm32f10x_tim.o(i.TIM_ARRPreloadConfig)
    i.TIM_ClearFlag                          0x08002c24   Section        0  stm32f10x_tim.o(i.TIM_ClearFlag)
    i.TIM_ClearITPendingBit                  0x08002c2a   Section        0  stm32f10x_tim.o(i.TIM_ClearITPendingBit)
    i.TIM_Cmd                                0x08002c30   Section        0  stm32f10x_tim.o(i.TIM_Cmd)
    i.TIM_GenerateEvent                      0x08002c48   Section        0  stm32f10x_tim.o(i.TIM_GenerateEvent)
    i.TIM_GetITStatus                        0x08002c4c   Section        0  stm32f10x_tim.o(i.TIM_GetITStatus)
    i.TIM_ITConfig                           0x08002c6e   Section        0  stm32f10x_tim.o(i.TIM_ITConfig)
    i.TIM_SelectOnePulseMode                 0x08002c80   Section        0  stm32f10x_tim.o(i.TIM_SelectOnePulseMode)
    i.TIM_TimeBaseInit                       0x08002c94   Section        0  stm32f10x_tim.o(i.TIM_TimeBaseInit)
    i.TIM_UpdateDisableConfig                0x08002d38   Section        0  stm32f10x_tim.o(i.TIM_UpdateDisableConfig)
    i.TIM_UpdateRequestConfig                0x08002d50   Section        0  stm32f10x_tim.o(i.TIM_UpdateRequestConfig)
    i.USART1_IRQHandler                      0x08002d68   Section        0  usart.o(i.USART1_IRQHandler)
    i.USART2_IRQHandler                      0x08002d88   Section        0  zigbee.o(i.USART2_IRQHandler)
    i.USART_ClearITPendingBit                0x08002e48   Section        0  stm32f10x_usart.o(i.USART_ClearITPendingBit)
    i.USART_Cmd                              0x08002e66   Section        0  stm32f10x_usart.o(i.USART_Cmd)
    i.USART_Config                           0x08002e80   Section        0  hw_config.o(i.USART_Config)
    i.USART_GetFlagStatus                    0x08002e9c   Section        0  stm32f10x_usart.o(i.USART_GetFlagStatus)
    i.USART_GetITStatus                      0x08002eb6   Section        0  stm32f10x_usart.o(i.USART_GetITStatus)
    i.USART_ITConfig                         0x08002f0a   Section        0  stm32f10x_usart.o(i.USART_ITConfig)
    i.USART_Init                             0x08002f54   Section        0  stm32f10x_usart.o(i.USART_Init)
    i.USART_ReceiveData                      0x0800302c   Section        0  stm32f10x_usart.o(i.USART_ReceiveData)
    i.USART_SendData                         0x08003036   Section        0  stm32f10x_usart.o(i.USART_SendData)
    i.USBWakeUp_IRQHandler                   0x0800303e   Section        0  hw_config.o(i.USBWakeUp_IRQHandler)
    i.USB_Cable_Config                       0x0800304a   Section        0  hw_config.o(i.USB_Cable_Config)
    i.USB_Init                               0x0800304c   Section        0  usb_init.o(i.USB_Init)
    i.USB_Interrupts_Config                  0x08003088   Section        0  hw_config.o(i.USB_Interrupts_Config)
    i.USB_Istr                               0x080030dc   Section        0  usb_istr.o(i.USB_Istr)
    i.USB_LP_CAN1_RX0_IRQHandler             0x080032ac   Section        0  hw_config.o(i.USB_LP_CAN1_RX0_IRQHandler)
    i.USB_Port_Set                           0x080032b4   Section        0  hw_config.o(i.USB_Port_Set)
    i.USB_SIL_Init                           0x0800330c   Section        0  usb_sil.o(i.USB_SIL_Init)
    i.USB_SIL_Read                           0x08003330   Section        0  usb_sil.o(i.USB_SIL_Read)
    i.USB_To_USART_Send_Data                 0x08003360   Section        0  hw_config.o(i.USB_To_USART_Send_Data)
    i.USB_USART_SendData                     0x080033e4   Section        0  hw_config.o(i.USB_USART_SendData)
    i.Usart1_Init                            0x08003414   Section        0  usart.o(i.Usart1_Init)
    i.UserToPMABufferCopy                    0x080034b4   Section        0  usb_mem.o(i.UserToPMABufferCopy)
    i.Virtual_Com_Port_Data_Setup            0x080034ec   Section        0  usb_prop.o(i.Virtual_Com_Port_Data_Setup)
    i.Virtual_Com_Port_GetConfigDescriptor   0x08003550   Section        0  usb_prop.o(i.Virtual_Com_Port_GetConfigDescriptor)
    i.Virtual_Com_Port_GetDeviceDescriptor   0x08003564   Section        0  usb_prop.o(i.Virtual_Com_Port_GetDeviceDescriptor)
    i.Virtual_Com_Port_GetLineCoding         0x08003578   Section        0  usb_prop.o(i.Virtual_Com_Port_GetLineCoding)
    i.Virtual_Com_Port_GetStringDescriptor   0x08003594   Section        0  usb_prop.o(i.Virtual_Com_Port_GetStringDescriptor)
    i.Virtual_Com_Port_Get_Interface_Setting 0x080035bc   Section        0  usb_prop.o(i.Virtual_Com_Port_Get_Interface_Setting)
    i.Virtual_Com_Port_NoData_Setup          0x080035d4   Section        0  usb_prop.o(i.Virtual_Com_Port_NoData_Setup)
    i.Virtual_Com_Port_Reset                 0x080035fc   Section        0  usb_prop.o(i.Virtual_Com_Port_Reset)
    i.Virtual_Com_Port_SetConfiguration      0x080036e4   Section        0  usb_prop.o(i.Virtual_Com_Port_SetConfiguration)
    i.Virtual_Com_Port_SetDeviceAddress      0x080036fc   Section        0  usb_prop.o(i.Virtual_Com_Port_SetDeviceAddress)
    i.Virtual_Com_Port_SetLineCoding         0x08003708   Section        0  usb_prop.o(i.Virtual_Com_Port_SetLineCoding)
    i.Virtual_Com_Port_Status_In             0x08003724   Section        0  usb_prop.o(i.Virtual_Com_Port_Status_In)
    i.Virtual_Com_Port_Status_Out            0x08003740   Section        0  usb_prop.o(i.Virtual_Com_Port_Status_Out)
    i.Virtual_Com_Port_init                  0x08003744   Section        0  usb_prop.o(i.Virtual_Com_Port_init)
    i.Write_IIC_Byte                         0x0800376c   Section        0  oled.o(i.Write_IIC_Byte)
    i.Write_IIC_Command                      0x080037c0   Section        0  oled.o(i.Write_IIC_Command)
    i.Write_IIC_Data                         0x080037ec   Section        0  oled.o(i.Write_IIC_Data)
    i.__0printf                              0x08003818   Section        0  printfa.o(i.__0printf)
    i.__0vsprintf                            0x08003838   Section        0  printfa.o(i.__0vsprintf)
    i.__scatterload_copy                     0x0800385c   Section       14  handlers.o(i.__scatterload_copy)
    i.__scatterload_null                     0x0800386a   Section        2  handlers.o(i.__scatterload_null)
    i.__scatterload_zeroinit                 0x0800386c   Section       14  handlers.o(i.__scatterload_zeroinit)
    i._fp_digits                             0x0800387c   Section        0  printfa.o(i._fp_digits)
    _fp_digits                               0x0800387d   Thumb Code   334  printfa.o(i._fp_digits)
    i._printf_core                           0x080039e0   Section        0  printfa.o(i._printf_core)
    _printf_core                             0x080039e1   Thumb Code  1744  printfa.o(i._printf_core)
    i._printf_post_padding                   0x080040bc   Section        0  printfa.o(i._printf_post_padding)
    _printf_post_padding                     0x080040bd   Thumb Code    36  printfa.o(i._printf_post_padding)
    i._printf_pre_padding                    0x080040e0   Section        0  printfa.o(i._printf_pre_padding)
    _printf_pre_padding                      0x080040e1   Thumb Code    46  printfa.o(i._printf_pre_padding)
    i._sputc                                 0x0800410e   Section        0  printfa.o(i._sputc)
    _sputc                                   0x0800410f   Thumb Code    10  printfa.o(i._sputc)
    i.delay_ms                               0x08004118   Section        0  systic.o(i.delay_ms)
    i.delay_us                               0x08004164   Section        0  systic.o(i.delay_us)
    i.fputc                                  0x080041b0   Section        0  usart.o(i.fputc)
    i.main                                   0x080041d4   Section        0  main.o(i.main)
    i.usb_printf                             0x08004268   Section        0  hw_config.o(i.usb_printf)
    .constdata                               0x080042a4   Section     2072  oled.o(.constdata)
    .constdata                               0x08004abc   Section      177  usb_desc.o(.constdata)
    .data                                    0x20000000   Section       20  stm32f10x_rcc.o(.data)
    APBAHBPrescTable                         0x20000000   Data          16  stm32f10x_rcc.o(.data)
    ADCPrescTable                            0x20000010   Data           4  stm32f10x_rcc.o(.data)
    .data                                    0x20000014   Section        1  time3.o(.data)
    .data                                    0x20000015   Section     1216  oled.o(.data)
    .data                                    0x200004d6   Section        2  hw_config.o(.data)
    .data                                    0x200004d8   Section       26  usb_desc.o(.data)
    .data                                    0x200004f4   Section        4  usb_endp.o(.data)
    FrameCount                               0x200004f4   Data           4  usb_endp.o(.data)
    .data                                    0x200004f8   Section       68  usb_istr.o(.data)
    .data                                    0x2000053c   Section      148  usb_prop.o(.data)
    .data                                    0x200005d0   Section       12  usb_pwr.o(.data)
    .data                                    0x200005dc   Section        3  usb_core.o(.data)
    .data                                    0x200005e0   Section       20  usb_init.o(.data)
    .data                                    0x200005f4   Section        4  usb_int.o(.data)
    .data                                    0x200005f8   Section        4  stdout.o(.data)
    .bss                                     0x200005fc   Section     1052  zigbee.o(.bss)
    .bss                                     0x20000a18   Section     2052  hw_config.o(.bss)
    .bss                                     0x2000121c   Section       64  usb_endp.o(.bss)
    .bss                                     0x2000125c   Section       32  usb_pwr.o(.bss)
    .bss                                     0x2000127c   Section       28  usb_init.o(.bss)
    STACK                                    0x20001298   Section     1024  startup_stm32f10x_md.o(STACK)

    Global Symbols

    Symbol Name                              Value     Ov Type        Size  Object(Section)

    BuildAttributes$$THM_ISAv4$P$D$K$B$S$PE$A:L22UL41UL21$X:L11$S22US41US21$IEEE1$IW$USESV6$~STKCKD$USESV7$~SHL$OTIME$ROPI$IEEEX$EBA8$MICROLIB$REQ8$PRES8$EABIv2 0x00000000   Number         0  anon$$obj.o ABSOLUTE
    __ARM_use_no_argv                        0x00000000   Number         0  main.o ABSOLUTE
    _printf_a                                0x00000000   Number         0  stubs.o ABSOLUTE
    _printf_c                                0x00000000   Number         0  stubs.o ABSOLUTE
    _printf_charcount                        0x00000000   Number         0  stubs.o ABSOLUTE
    _printf_d                                0x00000000   Number         0  stubs.o ABSOLUTE
    _printf_e                                0x00000000   Number         0  stubs.o ABSOLUTE
    _printf_f                                0x00000000   Number         0  stubs.o ABSOLUTE
    _printf_flags                            0x00000000   Number         0  stubs.o ABSOLUTE
    _printf_fp_dec                           0x00000000   Number         0  stubs.o ABSOLUTE
    _printf_fp_hex                           0x00000000   Number         0  stubs.o ABSOLUTE
    _printf_g                                0x00000000   Number         0  stubs.o ABSOLUTE
    _printf_i                                0x00000000   Number         0  stubs.o ABSOLUTE
    _printf_int_dec                          0x00000000   Number         0  stubs.o ABSOLUTE
    _printf_l                                0x00000000   Number         0  stubs.o ABSOLUTE
    _printf_lc                               0x00000000   Number         0  stubs.o ABSOLUTE
    _printf_ll                               0x00000000   Number         0  stubs.o ABSOLUTE
    _printf_lld                              0x00000000   Number         0  stubs.o ABSOLUTE
    _printf_lli                              0x00000000   Number         0  stubs.o ABSOLUTE
    _printf_llo                              0x00000000   Number         0  stubs.o ABSOLUTE
    _printf_llu                              0x00000000   Number         0  stubs.o ABSOLUTE
    _printf_llx                              0x00000000   Number         0  stubs.o ABSOLUTE
    _printf_longlong_dec                     0x00000000   Number         0  stubs.o ABSOLUTE
    _printf_longlong_hex                     0x00000000   Number         0  stubs.o ABSOLUTE
    _printf_longlong_oct                     0x00000000   Number         0  stubs.o ABSOLUTE
    _printf_ls                               0x00000000   Number         0  stubs.o ABSOLUTE
    _printf_mbtowc                           0x00000000   Number         0  stubs.o ABSOLUTE
    _printf_n                                0x00000000   Number         0  stubs.o ABSOLUTE
    _printf_o                                0x00000000   Number         0  stubs.o ABSOLUTE
    _printf_p                                0x00000000   Number         0  stubs.o ABSOLUTE
    _printf_percent                          0x00000000   Number         0  stubs.o ABSOLUTE
    _printf_pre_padding                      0x00000000   Number         0  stubs.o ABSOLUTE
    _printf_return_value                     0x00000000   Number         0  stubs.o ABSOLUTE
    _printf_s                                0x00000000   Number         0  stubs.o ABSOLUTE
    _printf_sizespec                         0x00000000   Number         0  stubs.o ABSOLUTE
    _printf_str                              0x00000000   Number         0  stubs.o ABSOLUTE
    _printf_truncate_signed                  0x00000000   Number         0  stubs.o ABSOLUTE
    _printf_truncate_unsigned                0x00000000   Number         0  stubs.o ABSOLUTE
    _printf_u                                0x00000000   Number         0  stubs.o ABSOLUTE
    _printf_wc                               0x00000000   Number         0  stubs.o ABSOLUTE
    _printf_wctomb                           0x00000000   Number         0  stubs.o ABSOLUTE
    _printf_widthprec                        0x00000000   Number         0  stubs.o ABSOLUTE
    _printf_x                                0x00000000   Number         0  stubs.o ABSOLUTE
    __cpp_initialize__aeabi_                  - Undefined Weak Reference
    __cxa_finalize                            - Undefined Weak Reference
    _clock_init                               - Undefined Weak Reference
    _microlib_exit                            - Undefined Weak Reference
    __Vectors_Size                           0x000000ec   Number         0  startup_stm32f10x_md.o ABSOLUTE
    __Vectors                                0x08000000   Data           4  startup_stm32f10x_md.o(RESET)
    __Vectors_End                            0x080000ec   Data           0  startup_stm32f10x_md.o(RESET)
    __main                                   0x080000ed   Thumb Code     0  entry.o(.ARM.Collect$$$$00000000)
    _main_stk                                0x080000ed   Thumb Code     0  entry2.o(.ARM.Collect$$$$00000001)
    _main_scatterload                        0x080000f1   Thumb Code     0  entry5.o(.ARM.Collect$$$$00000004)
    __main_after_scatterload                 0x080000f5   Thumb Code     0  entry5.o(.ARM.Collect$$$$00000004)
    _main_clock                              0x080000f5   Thumb Code     0  entry7b.o(.ARM.Collect$$$$00000008)
    _main_cpp_init                           0x080000f5   Thumb Code     0  entry8b.o(.ARM.Collect$$$$0000000A)
    _main_init                               0x080000f5   Thumb Code     0  entry9a.o(.ARM.Collect$$$$0000000B)
    __rt_final_cpp                           0x080000fd   Thumb Code     0  entry10a.o(.ARM.Collect$$$$0000000D)
    __rt_final_exit                          0x080000fd   Thumb Code     0  entry11a.o(.ARM.Collect$$$$0000000F)
    Reset_Handler                            0x08000101   Thumb Code     8  startup_stm32f10x_md.o(.text)
    NMI_Handler                              0x08000109   Thumb Code     2  startup_stm32f10x_md.o(.text)
    HardFault_Handler                        0x0800010b   Thumb Code     2  startup_stm32f10x_md.o(.text)
    MemManage_Handler                        0x0800010d   Thumb Code     2  startup_stm32f10x_md.o(.text)
    BusFault_Handler                         0x0800010f   Thumb Code     2  startup_stm32f10x_md.o(.text)
    UsageFault_Handler                       0x08000111   Thumb Code     2  startup_stm32f10x_md.o(.text)
    SVC_Handler                              0x08000113   Thumb Code     2  startup_stm32f10x_md.o(.text)
    DebugMon_Handler                         0x08000115   Thumb Code     2  startup_stm32f10x_md.o(.text)
    PendSV_Handler                           0x08000117   Thumb Code     2  startup_stm32f10x_md.o(.text)
    SysTick_Handler                          0x08000119   Thumb Code     2  startup_stm32f10x_md.o(.text)
    ADC1_2_IRQHandler                        0x0800011b   Thumb Code     0  startup_stm32f10x_md.o(.text)
    CAN1_RX1_IRQHandler                      0x0800011b   Thumb Code     0  startup_stm32f10x_md.o(.text)
    CAN1_SCE_IRQHandler                      0x0800011b   Thumb Code     0  startup_stm32f10x_md.o(.text)
    DMA1_Channel1_IRQHandler                 0x0800011b   Thumb Code     0  startup_stm32f10x_md.o(.text)
    DMA1_Channel2_IRQHandler                 0x0800011b   Thumb Code     0  startup_stm32f10x_md.o(.text)
    DMA1_Channel3_IRQHandler                 0x0800011b   Thumb Code     0  startup_stm32f10x_md.o(.text)
    DMA1_Channel4_IRQHandler                 0x0800011b   Thumb Code     0  startup_stm32f10x_md.o(.text)
    DMA1_Channel5_IRQHandler                 0x0800011b   Thumb Code     0  startup_stm32f10x_md.o(.text)
    DMA1_Channel6_IRQHandler                 0x0800011b   Thumb Code     0  startup_stm32f10x_md.o(.text)
    DMA1_Channel7_IRQHandler                 0x0800011b   Thumb Code     0  startup_stm32f10x_md.o(.text)
    EXTI0_IRQHandler                         0x0800011b   Thumb Code     0  startup_stm32f10x_md.o(.text)
    EXTI15_10_IRQHandler                     0x0800011b   Thumb Code     0  startup_stm32f10x_md.o(.text)
    EXTI1_IRQHandler                         0x0800011b   Thumb Code     0  startup_stm32f10x_md.o(.text)
    EXTI2_IRQHandler                         0x0800011b   Thumb Code     0  startup_stm32f10x_md.o(.text)
    EXTI3_IRQHandler                         0x0800011b   Thumb Code     0  startup_stm32f10x_md.o(.text)
    EXTI4_IRQHandler                         0x0800011b   Thumb Code     0  startup_stm32f10x_md.o(.text)
    EXTI9_5_IRQHandler                       0x0800011b   Thumb Code     0  startup_stm32f10x_md.o(.text)
    FLASH_IRQHandler                         0x0800011b   Thumb Code     0  startup_stm32f10x_md.o(.text)
    I2C1_ER_IRQHandler                       0x0800011b   Thumb Code     0  startup_stm32f10x_md.o(.text)
    I2C1_EV_IRQHandler                       0x0800011b   Thumb Code     0  startup_stm32f10x_md.o(.text)
    I2C2_ER_IRQHandler                       0x0800011b   Thumb Code     0  startup_stm32f10x_md.o(.text)
    I2C2_EV_IRQHandler                       0x0800011b   Thumb Code     0  startup_stm32f10x_md.o(.text)
    PVD_IRQHandler                           0x0800011b   Thumb Code     0  startup_stm32f10x_md.o(.text)
    RCC_IRQHandler                           0x0800011b   Thumb Code     0  startup_stm32f10x_md.o(.text)
    RTCAlarm_IRQHandler                      0x0800011b   Thumb Code     0  startup_stm32f10x_md.o(.text)
    RTC_IRQHandler                           0x0800011b   Thumb Code     0  startup_stm32f10x_md.o(.text)
    SPI1_IRQHandler                          0x0800011b   Thumb Code     0  startup_stm32f10x_md.o(.text)
    SPI2_IRQHandler                          0x0800011b   Thumb Code     0  startup_stm32f10x_md.o(.text)
    TAMPER_IRQHandler                        0x0800011b   Thumb Code     0  startup_stm32f10x_md.o(.text)
    TIM1_BRK_IRQHandler                      0x0800011b   Thumb Code     0  startup_stm32f10x_md.o(.text)
    TIM1_CC_IRQHandler                       0x0800011b   Thumb Code     0  startup_stm32f10x_md.o(.text)
    TIM1_TRG_COM_IRQHandler                  0x0800011b   Thumb Code     0  startup_stm32f10x_md.o(.text)
    TIM1_UP_IRQHandler                       0x0800011b   Thumb Code     0  startup_stm32f10x_md.o(.text)
    TIM2_IRQHandler                          0x0800011b   Thumb Code     0  startup_stm32f10x_md.o(.text)
    USART3_IRQHandler                        0x0800011b   Thumb Code     0  startup_stm32f10x_md.o(.text)
    USB_HP_CAN1_TX_IRQHandler                0x0800011b   Thumb Code     0  startup_stm32f10x_md.o(.text)
    WWDG_IRQHandler                          0x0800011b   Thumb Code     0  startup_stm32f10x_md.o(.text)
    strstr                                   0x08000125   Thumb Code    36  strstr.o(.text)
    strlen                                   0x08000149   Thumb Code    14  strlen.o(.text)
    __aeabi_dadd                             0x08000157   Thumb Code   322  dadd.o(.text)
    __aeabi_dsub                             0x08000299   Thumb Code     6  dadd.o(.text)
    __aeabi_drsub                            0x0800029f   Thumb Code     6  dadd.o(.text)
    __aeabi_dmul                             0x080002a5   Thumb Code   228  dmul.o(.text)
    __aeabi_ddiv                             0x08000389   Thumb Code   222  ddiv.o(.text)
    __aeabi_uidiv                            0x08000467   Thumb Code     0  uidiv.o(.text)
    __aeabi_uidivmod                         0x08000467   Thumb Code    44  uidiv.o(.text)
    __aeabi_uldivmod                         0x08000493   Thumb Code    98  uldiv.o(.text)
    __aeabi_llsl                             0x080004f5   Thumb Code    30  llshl.o(.text)
    _ll_shift_l                              0x080004f5   Thumb Code     0  llshl.o(.text)
    __aeabi_llsr                             0x08000513   Thumb Code    32  llushr.o(.text)
    _ll_ushift_r                             0x08000513   Thumb Code     0  llushr.o(.text)
    __aeabi_lasr                             0x08000533   Thumb Code    36  llsshr.o(.text)
    _ll_sshift_r                             0x08000533   Thumb Code     0  llsshr.o(.text)
    __I$use$fp                               0x08000557   Thumb Code     0  iusefp.o(.text)
    _double_round                            0x08000557   Thumb Code    26  depilogue.o(.text)
    _double_epilogue                         0x08000571   Thumb Code   156  depilogue.o(.text)
    __aeabi_d2ulz                            0x0800060d   Thumb Code    48  dfixul.o(.text)
    __aeabi_cdrcmple                         0x0800063d   Thumb Code    38  cdrcmple.o(.text)
    __scatterload                            0x08000665   Thumb Code    28  init.o(.text)
    __scatterload_rt2                        0x08000665   Thumb Code     0  init.o(.text)
    __decompress                             0x08000689   Thumb Code     0  __dczerorl2.o(.text)
    __decompress1                            0x08000689   Thumb Code    86  __dczerorl2.o(.text)
    ADC_Cmd                                  0x080006df   Thumb Code    22  stm32f10x_adc.o(i.ADC_Cmd)
    ADC_DeInit                               0x080006f5   Thumb Code    78  stm32f10x_adc.o(i.ADC_DeInit)
    ADC_GetCalibrationStatus                 0x08000751   Thumb Code    20  stm32f10x_adc.o(i.ADC_GetCalibrationStatus)
    ADC_GetResetCalibrationStatus            0x08000765   Thumb Code    20  stm32f10x_adc.o(i.ADC_GetResetCalibrationStatus)
    ADC_Init                                 0x08000779   Thumb Code    70  stm32f10x_adc.o(i.ADC_Init)
    ADC_MQ_2_Init                            0x080007c9   Thumb Code   156  mq-2.o(i.ADC_MQ_2_Init)
    ADC_ResetCalibration                     0x0800086d   Thumb Code    10  stm32f10x_adc.o(i.ADC_ResetCalibration)
    ADC_StartCalibration                     0x08000877   Thumb Code    10  stm32f10x_adc.o(i.ADC_StartCalibration)
    BH1750_Init                              0x08000881   Thumb Code    26  gy30.o(i.BH1750_Init)
    BH1750_Write_COM                         0x0800089b   Thumb Code    46  gy30.o(i.BH1750_Write_COM)
    ByteSwap                                 0x080008c9   Thumb Code    12  usb_regs.o(i.ByteSwap)
    CTR_LP                                   0x080008d5   Thumb Code   616  usb_int.o(i.CTR_LP)
    ClearDTOG_RX                             0x08000b5d   Thumb Code    48  usb_regs.o(i.ClearDTOG_RX)
    ClearDTOG_TX                             0x08000b91   Thumb Code    48  usb_regs.o(i.ClearDTOG_TX)
    Clear_Status_Out                         0x08000bc5   Thumb Code    34  usb_regs.o(i.Clear_Status_Out)
    DHT11_Check                              0x08000bed   Thumb Code    70  dht11.o(i.DHT11_Check)
    DHT11_Init                               0x08000c39   Thumb Code    58  dht11.o(i.DHT11_Init)
    DHT11_Rst                                0x08000c79   Thumb Code    30  dht11.o(i.DHT11_Rst)
    Delay_us                                 0x080010b5   Thumb Code    74  systic.o(i.Delay_us)
    EP1_IN_Callback                          0x08001101   Thumb Code   138  usb_endp.o(i.EP1_IN_Callback)
    EP3_OUT_Callback                         0x08001191   Thumb Code    28  usb_endp.o(i.EP3_OUT_Callback)
    EXTI_ClearITPendingBit                   0x080011b1   Thumb Code     6  stm32f10x_exti.o(i.EXTI_ClearITPendingBit)
    EXTI_Init                                0x080011bd   Thumb Code   142  stm32f10x_exti.o(i.EXTI_Init)
    Enter_LowPowerMode                       0x08001251   Thumb Code     8  hw_config.o(i.Enter_LowPowerMode)
    GPIO_Init                                0x0800125d   Thumb Code   278  stm32f10x_gpio.o(i.GPIO_Init)
    GPIO_PinRemapConfig                      0x08001375   Thumb Code   138  stm32f10x_gpio.o(i.GPIO_PinRemapConfig)
    GPIO_ReadInputDataBit                    0x08001405   Thumb Code    18  stm32f10x_gpio.o(i.GPIO_ReadInputDataBit)
    GPIO_ResetBits                           0x08001417   Thumb Code     4  stm32f10x_gpio.o(i.GPIO_ResetBits)
    GPIO_SetBits                             0x0800141b   Thumb Code     4  stm32f10x_gpio.o(i.GPIO_SetBits)
    GetEPRxAddr                              0x08001421   Thumb Code    24  usb_regs.o(i.GetEPRxAddr)
    GetEPRxCount                             0x08001441   Thumb Code    26  usb_regs.o(i.GetEPRxCount)
    GetEPTxAddr                              0x08001465   Thumb Code    22  usb_regs.o(i.GetEPTxAddr)
    Get_SerialNum                            0x08001485   Thumb Code    42  hw_config.o(i.Get_SerialNum)
    IIC_Get_ACK                              0x080014b9   Thumb Code    76  iic1.o(i.IIC_Get_ACK)
    IIC_Init                                 0x08001509   Thumb Code    92  iic1.o(i.IIC_Init)
    IIC_Send_Data                            0x0800156d   Thumb Code   102  iic1.o(i.IIC_Send_Data)
    IIC_Start                                0x080015d9   Thumb Code    60  iic1.o(i.IIC_Start)
    IIC_Stop                                 0x08001619   Thumb Code    60  iic1.o(i.IIC_Stop)
    In0_Process                              0x08001659   Thumb Code    98  usb_core.o(i.In0_Process)
    IntToUnicode                             0x080016c9   Thumb Code    62  hw_config.o(i.IntToUnicode)
    LED_Init                                 0x08001709   Thumb Code    80  led.o(i.LED_Init)
    Leave_LowPowerMode                       0x08001761   Thumb Code    22  hw_config.o(i.Leave_LowPowerMode)
    NOP_Process                              0x08001781   Thumb Code     2  usb_core.o(i.NOP_Process)
    NVIC_Init                                0x08001785   Thumb Code   100  misc.o(i.NVIC_Init)
    OLED_Clear                               0x0800192d   Thumb Code    62  oled.o(i.OLED_Clear)
    OLED_Display_On                          0x0800196b   Thumb Code    28  oled.o(i.OLED_Display_On)
    OLED_IIC_Start                           0x08001989   Thumb Code    36  oled.o(i.OLED_IIC_Start)
    OLED_IIC_Stop                            0x080019b1   Thumb Code    28  oled.o(i.OLED_IIC_Stop)
    OLED_IIC_Wait_Ack                        0x080019d1   Thumb Code    20  oled.o(i.OLED_IIC_Wait_Ack)
    OLED_Init                                0x080019e9   Thumb Code   278  oled.o(i.OLED_Init)
    OLED_Set_Pos                             0x08001b05   Thumb Code    40  oled.o(i.OLED_Set_Pos)
    OLED_ShowCHinese                         0x08001b2d   Thumb Code    98  oled.o(i.OLED_ShowCHinese)
    OLED_ShowChar                            0x08001b95   Thumb Code   154  oled.o(i.OLED_ShowChar)
    OLED_ShowString                          0x08001c39   Thumb Code    58  oled.o(i.OLED_ShowString)
    OLED_WR_Byte                             0x08001c73   Thumb Code    24  oled.o(i.OLED_WR_Byte)
    Out0_Process                             0x08001c8d   Thumb Code    70  usb_core.o(i.Out0_Process)
    PMAToUserBufferCopy                      0x08001cdd   Thumb Code    34  usb_mem.o(i.PMAToUserBufferCopy)
    Post0_Process                            0x08001d05   Thumb Code    54  usb_core.o(i.Post0_Process)
    PowerOn                                  0x08001d4d   Thumb Code    54  usb_pwr.o(i.PowerOn)
    RCC_ADCCLKConfig                         0x08001d8d   Thumb Code    18  stm32f10x_rcc.o(i.RCC_ADCCLKConfig)
    RCC_APB1PeriphClockCmd                   0x08001da5   Thumb Code    26  stm32f10x_rcc.o(i.RCC_APB1PeriphClockCmd)
    RCC_APB2PeriphClockCmd                   0x08001dc5   Thumb Code    26  stm32f10x_rcc.o(i.RCC_APB2PeriphClockCmd)
    RCC_APB2PeriphResetCmd                   0x08001de5   Thumb Code    26  stm32f10x_rcc.o(i.RCC_APB2PeriphResetCmd)
    RCC_GetClocksFreq                        0x08001e05   Thumb Code   192  stm32f10x_rcc.o(i.RCC_GetClocksFreq)
    RCC_USBCLKConfig                         0x08001ed9   Thumb Code     6  stm32f10x_rcc.o(i.RCC_USBCLKConfig)
    Relay_Init                               0x08001ee5   Thumb Code    40  relay.o(i.Relay_Init)
    Resume                                   0x08001f11   Thumb Code   194  usb_pwr.o(i.Resume)
    Resume_Init                              0x08001fe1   Thumb Code    30  usb_pwr.o(i.Resume_Init)
    SDA_IN                                   0x08002005   Thumb Code    32  iic1.o(i.SDA_IN)
    SDA_OUT                                  0x08002029   Thumb Code    32  iic1.o(i.SDA_OUT)
    SOF_Callback                             0x0800204d   Thumb Code    38  usb_endp.o(i.SOF_Callback)
    SetBTABLE                                0x0800207d   Thumb Code    12  usb_regs.o(i.SetBTABLE)
    SetDeviceAddress                         0x0800208d   Thumb Code    68  usb_core.o(i.SetDeviceAddress)
    SetEPRxAddr                              0x080020dd   Thumb Code    26  usb_regs.o(i.SetEPRxAddr)
    SetEPRxCount                             0x08002101   Thumb Code    68  usb_regs.o(i.SetEPRxCount)
    SetEPRxStatus                            0x0800214d   Thumb Code    60  usb_regs.o(i.SetEPRxStatus)
    SetEPRxValid                             0x0800218d   Thumb Code    48  usb_regs.o(i.SetEPRxValid)
    SetEPTxAddr                              0x080021c1   Thumb Code    24  usb_regs.o(i.SetEPTxAddr)
    SetEPTxCount                             0x080021e1   Thumb Code    20  usb_regs.o(i.SetEPTxCount)
    SetEPTxStatus                            0x080021fd   Thumb Code    60  usb_regs.o(i.SetEPTxStatus)
    SetEPTxValid                             0x0800223d   Thumb Code    48  usb_regs.o(i.SetEPTxValid)
    SetEPType                                0x08002271   Thumb Code    32  usb_regs.o(i.SetEPType)
    Set_USBClock                             0x0800237d   Thumb Code    18  hw_config.o(i.Set_USBClock)
    Setup0_Process                           0x08002391   Thumb Code   170  usb_core.o(i.Setup0_Process)
    Standard_ClearFeature                    0x08002449   Thumb Code   342  usb_core.o(i.Standard_ClearFeature)
    Standard_GetConfiguration                0x080025b5   Thumb Code    34  usb_core.o(i.Standard_GetConfiguration)
    Standard_GetDescriptorData               0x080025e1   Thumb Code    32  usb_core.o(i.Standard_GetDescriptorData)
    Standard_GetInterface                    0x08002605   Thumb Code    34  usb_core.o(i.Standard_GetInterface)
    Standard_GetStatus                       0x08002631   Thumb Code   238  usb_core.o(i.Standard_GetStatus)
    Standard_SetConfiguration                0x08002731   Thumb Code    60  usb_core.o(i.Standard_SetConfiguration)
    Standard_SetDeviceFeature                0x08002779   Thumb Code    30  usb_core.o(i.Standard_SetDeviceFeature)
    Standard_SetEndPointFeature              0x080027a1   Thumb Code   192  usb_core.o(i.Standard_SetEndPointFeature)
    Standard_SetInterface                    0x08002871   Thumb Code    96  usb_core.o(i.Standard_SetInterface)
    Step_Motor_Init                          0x080028dd   Thumb Code   116  step_motor.o(i.Step_Motor_Init)
    Suspend                                  0x08002955   Thumb Code   142  usb_pwr.o(i.Suspend)
    SystemInit                               0x080029f1   Thumb Code    78  system_stm32f10x.o(i.SystemInit)
    TIM3_IRQHandler                          0x08002a51   Thumb Code    32  time3.o(i.TIM3_IRQHandler)
    TIM3_Init                                0x08002a79   Thumb Code   106  time3.o(i.TIM3_Init)
    TIM4_IRQHandler                          0x08002af1   Thumb Code   108  time4.o(i.TIM4_IRQHandler)
    TIM4_Int_Init                            0x08002b7d   Thumb Code   140  time4.o(i.TIM4_Int_Init)
    TIM_ARRPreloadConfig                     0x08002c0d   Thumb Code    24  stm32f10x_tim.o(i.TIM_ARRPreloadConfig)
    TIM_ClearFlag                            0x08002c25   Thumb Code     6  stm32f10x_tim.o(i.TIM_ClearFlag)
    TIM_ClearITPendingBit                    0x08002c2b   Thumb Code     6  stm32f10x_tim.o(i.TIM_ClearITPendingBit)
    TIM_Cmd                                  0x08002c31   Thumb Code    24  stm32f10x_tim.o(i.TIM_Cmd)
    TIM_GenerateEvent                        0x08002c49   Thumb Code     4  stm32f10x_tim.o(i.TIM_GenerateEvent)
    TIM_GetITStatus                          0x08002c4d   Thumb Code    34  stm32f10x_tim.o(i.TIM_GetITStatus)
    TIM_ITConfig                             0x08002c6f   Thumb Code    18  stm32f10x_tim.o(i.TIM_ITConfig)
    TIM_SelectOnePulseMode                   0x08002c81   Thumb Code    18  stm32f10x_tim.o(i.TIM_SelectOnePulseMode)
    TIM_TimeBaseInit                         0x08002c95   Thumb Code   122  stm32f10x_tim.o(i.TIM_TimeBaseInit)
    TIM_UpdateDisableConfig                  0x08002d39   Thumb Code    24  stm32f10x_tim.o(i.TIM_UpdateDisableConfig)
    TIM_UpdateRequestConfig                  0x08002d51   Thumb Code    24  stm32f10x_tim.o(i.TIM_UpdateRequestConfig)
    USART1_IRQHandler                        0x08002d69   Thumb Code    28  usart.o(i.USART1_IRQHandler)
    USART2_IRQHandler                        0x08002d89   Thumb Code   146  zigbee.o(i.USART2_IRQHandler)
    USART_ClearITPendingBit                  0x08002e49   Thumb Code    30  stm32f10x_usart.o(i.USART_ClearITPendingBit)
    USART_Cmd                                0x08002e67   Thumb Code    24  stm32f10x_usart.o(i.USART_Cmd)
    USART_Config                             0x08002e81   Thumb Code    20  hw_config.o(i.USART_Config)
    USART_GetFlagStatus                      0x08002e9d   Thumb Code    26  stm32f10x_usart.o(i.USART_GetFlagStatus)
    USART_GetITStatus                        0x08002eb7   Thumb Code    84  stm32f10x_usart.o(i.USART_GetITStatus)
    USART_ITConfig                           0x08002f0b   Thumb Code    74  stm32f10x_usart.o(i.USART_ITConfig)
    USART_Init                               0x08002f55   Thumb Code   210  stm32f10x_usart.o(i.USART_Init)
    USART_ReceiveData                        0x0800302d   Thumb Code    10  stm32f10x_usart.o(i.USART_ReceiveData)
    USART_SendData                           0x08003037   Thumb Code     8  stm32f10x_usart.o(i.USART_SendData)
    USBWakeUp_IRQHandler                     0x0800303f   Thumb Code    12  hw_config.o(i.USBWakeUp_IRQHandler)
    USB_Cable_Config                         0x0800304b   Thumb Code     2  hw_config.o(i.USB_Cable_Config)
    USB_Init                                 0x0800304d   Thumb Code    36  usb_init.o(i.USB_Init)
    USB_Interrupts_Config                    0x08003089   Thumb Code    84  hw_config.o(i.USB_Interrupts_Config)
    USB_Istr                                 0x080030dd   Thumb Code   426  usb_istr.o(i.USB_Istr)
    USB_LP_CAN1_RX0_IRQHandler               0x080032ad   Thumb Code     8  hw_config.o(i.USB_LP_CAN1_RX0_IRQHandler)
    USB_Port_Set                             0x080032b5   Thumb Code    74  hw_config.o(i.USB_Port_Set)
    USB_SIL_Init                             0x0800330d   Thumb Code    28  usb_sil.o(i.USB_SIL_Init)
    USB_SIL_Read                             0x08003331   Thumb Code    46  usb_sil.o(i.USB_SIL_Read)
    USB_To_USART_Send_Data                   0x08003361   Thumb Code   122  hw_config.o(i.USB_To_USART_Send_Data)
    USB_USART_SendData                       0x080033e5   Thumb Code    42  hw_config.o(i.USB_USART_SendData)
    Usart1_Init                              0x08003415   Thumb Code   152  usart.o(i.Usart1_Init)
    UserToPMABufferCopy                      0x080034b5   Thumb Code    52  usb_mem.o(i.UserToPMABufferCopy)
    Virtual_Com_Port_Data_Setup              0x080034ed   Thumb Code    82  usb_prop.o(i.Virtual_Com_Port_Data_Setup)
    Virtual_Com_Port_GetConfigDescriptor     0x08003551   Thumb Code    14  usb_prop.o(i.Virtual_Com_Port_GetConfigDescriptor)
    Virtual_Com_Port_GetDeviceDescriptor     0x08003565   Thumb Code    14  usb_prop.o(i.Virtual_Com_Port_GetDeviceDescriptor)
    Virtual_Com_Port_GetLineCoding           0x08003579   Thumb Code    20  usb_prop.o(i.Virtual_Com_Port_GetLineCoding)
    Virtual_Com_Port_GetStringDescriptor     0x08003595   Thumb Code    32  usb_prop.o(i.Virtual_Com_Port_GetStringDescriptor)
    Virtual_Com_Port_Get_Interface_Setting   0x080035bd   Thumb Code    22  usb_prop.o(i.Virtual_Com_Port_Get_Interface_Setting)
    Virtual_Com_Port_NoData_Setup            0x080035d5   Thumb Code    36  usb_prop.o(i.Virtual_Com_Port_NoData_Setup)
    Virtual_Com_Port_Reset                   0x080035fd   Thumb Code   216  usb_prop.o(i.Virtual_Com_Port_Reset)
    Virtual_Com_Port_SetConfiguration        0x080036e5   Thumb Code    14  usb_prop.o(i.Virtual_Com_Port_SetConfiguration)
    Virtual_Com_Port_SetDeviceAddress        0x080036fd   Thumb Code     8  usb_prop.o(i.Virtual_Com_Port_SetDeviceAddress)
    Virtual_Com_Port_SetLineCoding           0x08003709   Thumb Code    20  usb_prop.o(i.Virtual_Com_Port_SetLineCoding)
    Virtual_Com_Port_Status_In               0x08003725   Thumb Code    22  usb_prop.o(i.Virtual_Com_Port_Status_In)
    Virtual_Com_Port_Status_Out              0x08003741   Thumb Code     2  usb_prop.o(i.Virtual_Com_Port_Status_Out)
    Virtual_Com_Port_init                    0x08003745   Thumb Code    30  usb_prop.o(i.Virtual_Com_Port_init)
    Write_IIC_Byte                           0x0800376d   Thumb Code    80  oled.o(i.Write_IIC_Byte)
    Write_IIC_Command                        0x080037c1   Thumb Code    44  oled.o(i.Write_IIC_Command)
    Write_IIC_Data                           0x080037ed   Thumb Code    44  oled.o(i.Write_IIC_Data)
    __0printf                                0x08003819   Thumb Code    22  printfa.o(i.__0printf)
    __1printf                                0x08003819   Thumb Code     0  printfa.o(i.__0printf)
    __2printf                                0x08003819   Thumb Code     0  printfa.o(i.__0printf)
    __c89printf                              0x08003819   Thumb Code     0  printfa.o(i.__0printf)
    printf                                   0x08003819   Thumb Code     0  printfa.o(i.__0printf)
    __0vsprintf                              0x08003839   Thumb Code    30  printfa.o(i.__0vsprintf)
    __1vsprintf                              0x08003839   Thumb Code     0  printfa.o(i.__0vsprintf)
    __2vsprintf                              0x08003839   Thumb Code     0  printfa.o(i.__0vsprintf)
    __c89vsprintf                            0x08003839   Thumb Code     0  printfa.o(i.__0vsprintf)
    vsprintf                                 0x08003839   Thumb Code     0  printfa.o(i.__0vsprintf)
    __scatterload_copy                       0x0800385d   Thumb Code    14  handlers.o(i.__scatterload_copy)
    __scatterload_null                       0x0800386b   Thumb Code     2  handlers.o(i.__scatterload_null)
    __scatterload_zeroinit                   0x0800386d   Thumb Code    14  handlers.o(i.__scatterload_zeroinit)
    delay_ms                                 0x08004119   Thumb Code    72  systic.o(i.delay_ms)
    delay_us                                 0x08004165   Thumb Code    74  systic.o(i.delay_us)
    fputc                                    0x080041b1   Thumb Code    32  usart.o(i.fputc)
    main                                     0x080041d5   Thumb Code   134  main.o(i.main)
    usb_printf                               0x08004269   Thumb Code    56  hw_config.o(i.usb_printf)
    F6x8                                     0x080042a4   Data         552  oled.o(.constdata)
    F8X16                                    0x080044cc   Data        1520  oled.o(.constdata)
    Virtual_Com_Port_DeviceDescriptor        0x08004abc   Data          18  usb_desc.o(.constdata)
    Virtual_Com_Port_ConfigDescriptor        0x08004ace   Data          67  usb_desc.o(.constdata)
    Virtual_Com_Port_StringLangID            0x08004b11   Data           4  usb_desc.o(.constdata)
    Virtual_Com_Port_StringVendor            0x08004b15   Data          38  usb_desc.o(.constdata)
    Virtual_Com_Port_StringProduct           0x08004b3b   Data          50  usb_desc.o(.constdata)
    Region$$Table$$Base                      0x08004b70   Number         0  anon$$obj.o(Region$$Table)
    Region$$Table$$Limit                     0x08004b90   Number         0  anon$$obj.o(Region$$Table)
    times                                    0x20000014   Data           1  time3.o(.data)
    Hzk                                      0x20000015   Data         192  oled.o(.data)
    BMP1                                     0x200000d5   Data        1024  oled.o(.data)
    USB_USART_RX_STA                         0x200004d6   Data           2  hw_config.o(.data)
    Virtual_Com_Port_StringSerial            0x200004d8   Data          26  usb_desc.o(.data)
    wIstr                                    0x200004f8   Data           2  usb_istr.o(.data)
    bIntPackSOF                              0x200004fa   Data           1  usb_istr.o(.data)
    esof_counter                             0x200004fc   Data           4  usb_istr.o(.data)
    wCNTR                                    0x20000500   Data           4  usb_istr.o(.data)
    pEpInt_IN                                0x20000504   Data          28  usb_istr.o(.data)
    pEpInt_OUT                               0x20000520   Data          28  usb_istr.o(.data)
    Request                                  0x2000053c   Data           1  usb_prop.o(.data)
    linecoding                               0x20000540   Data           8  usb_prop.o(.data)
    Device_Table                             0x20000548   Data           2  usb_prop.o(.data)
    Device_Property                          0x2000054c   Data          48  usb_prop.o(.data)
    User_Standard_Requests                   0x2000057c   Data          36  usb_prop.o(.data)
    Device_Descriptor                        0x200005a0   Data           8  usb_prop.o(.data)
    Config_Descriptor                        0x200005a8   Data           8  usb_prop.o(.data)
    String_Descriptor                        0x200005b0   Data          32  usb_prop.o(.data)
    bDeviceState                             0x200005d0   Data           4  usb_pwr.o(.data)
    fSuspendEnabled                          0x200005d4   Data           1  usb_pwr.o(.data)
    ResumeS                                  0x200005d5   Data           2  usb_pwr.o(.data)
    remotewakeupon                           0x200005d8   Data           4  usb_pwr.o(.data)
    StatusInfo                               0x200005dc   Data           2  usb_core.o(.data)
    Data_Mul_MaxPacketSize                   0x200005de   Data           1  usb_core.o(.data)
    EPindex                                  0x200005e0   Data           1  usb_init.o(.data)
    pInformation                             0x200005e4   Data           4  usb_init.o(.data)
    pProperty                                0x200005e8   Data           4  usb_init.o(.data)
    SaveState                                0x200005ec   Data           2  usb_init.o(.data)
    wInterrupt_Mask                          0x200005ee   Data           2  usb_init.o(.data)
    pUser_Standard_Requests                  0x200005f0   Data           4  usb_init.o(.data)
    SaveRState                               0x200005f4   Data           2  usb_int.o(.data)
    SaveTState                               0x200005f6   Data           2  usb_int.o(.data)
    __stdout                                 0x200005f8   Data           4  stdout.o(.data)
    Zigbee_Rec                               0x200005fc   Data        1052  zigbee.o(.bss)
    uu_txfifo                                0x20000a18   Data        1028  hw_config.o(.bss)
    USART_PRINTF_Buffer                      0x20000e1c   Data         512  hw_config.o(.bss)
    USB_USART_RX_BUF                         0x2000101c   Data         512  hw_config.o(.bss)
    USB_Rx_Buffer                            0x2000121c   Data          64  usb_endp.o(.bss)
    EP                                       0x2000125c   Data          32  usb_pwr.o(.bss)
    Device_Info                              0x2000127c   Data          28  usb_init.o(.bss)
    __initial_sp                             0x20001698   Data           0  startup_stm32f10x_md.o(STACK)



==============================================================================

Memory Map of the image

  Image Entry point : 0x080000ed

  Load Region LR_IROM1 (Base: 0x08000000, Size: 0x0000518c, Max: 0x00010000, ABSOLUTE, COMPRESSED[0x00004d54])

    Execution Region ER_IROM1 (Exec base: 0x08000000, Load base: 0x08000000, Size: 0x00004b90, Max: 0x00010000, ABSOLUTE)

    Exec Addr    Load Addr    Size         Type   Attr      Idx    E Section Name        Object

    0x08000000   0x08000000   0x000000ec   Data   RO          132    RESET               startup_stm32f10x_md.o
    0x080000ec   0x080000ec   0x00000000   Code   RO         4919  * .ARM.Collect$$$$00000000  mc_w.l(entry.o)
    0x080000ec   0x080000ec   0x00000004   Code   RO         5230    .ARM.Collect$$$$00000001  mc_w.l(entry2.o)
    0x080000f0   0x080000f0   0x00000004   Code   RO         5233    .ARM.Collect$$$$00000004  mc_w.l(entry5.o)
    0x080000f4   0x080000f4   0x00000000   Code   RO         5235    .ARM.Collect$$$$00000008  mc_w.l(entry7b.o)
    0x080000f4   0x080000f4   0x00000000   Code   RO         5237    .ARM.Collect$$$$0000000A  mc_w.l(entry8b.o)
    0x080000f4   0x080000f4   0x00000008   Code   RO         5238    .ARM.Collect$$$$0000000B  mc_w.l(entry9a.o)
    0x080000fc   0x080000fc   0x00000000   Code   RO         5240    .ARM.Collect$$$$0000000D  mc_w.l(entry10a.o)
    0x080000fc   0x080000fc   0x00000000   Code   RO         5242    .ARM.Collect$$$$0000000F  mc_w.l(entry11a.o)
    0x080000fc   0x080000fc   0x00000004   Code   RO         5231    .ARM.Collect$$$$00002712  mc_w.l(entry2.o)
    0x08000100   0x08000100   0x00000024   Code   RO          133    .text               startup_stm32f10x_md.o
    0x08000124   0x08000124   0x00000024   Code   RO         4926    .text               mc_w.l(strstr.o)
    0x08000148   0x08000148   0x0000000e   Code   RO         4928    .text               mc_w.l(strlen.o)
    0x08000156   0x08000156   0x0000014e   Code   RO         5199    .text               mf_w.l(dadd.o)
    0x080002a4   0x080002a4   0x000000e4   Code   RO         5201    .text               mf_w.l(dmul.o)
    0x08000388   0x08000388   0x000000de   Code   RO         5203    .text               mf_w.l(ddiv.o)
    0x08000466   0x08000466   0x0000002c   Code   RO         5245    .text               mc_w.l(uidiv.o)
    0x08000492   0x08000492   0x00000062   Code   RO         5247    .text               mc_w.l(uldiv.o)
    0x080004f4   0x080004f4   0x0000001e   Code   RO         5249    .text               mc_w.l(llshl.o)
    0x08000512   0x08000512   0x00000020   Code   RO         5251    .text               mc_w.l(llushr.o)
    0x08000532   0x08000532   0x00000024   Code   RO         5253    .text               mc_w.l(llsshr.o)
    0x08000556   0x08000556   0x00000000   Code   RO         5262    .text               mc_w.l(iusefp.o)
    0x08000556   0x08000556   0x000000b6   Code   RO         5265    .text               mf_w.l(depilogue.o)
    0x0800060c   0x0800060c   0x00000030   Code   RO         5271    .text               mf_w.l(dfixul.o)
    0x0800063c   0x0800063c   0x00000028   Code   RO         5273    .text               mf_w.l(cdrcmple.o)
    0x08000664   0x08000664   0x00000024   Code   RO         5275    .text               mc_w.l(init.o)
    0x08000688   0x08000688   0x00000056   Code   RO         5289    .text               mc_w.l(__dczerorl2.o)
    0x080006de   0x080006de   0x00000016   Code   RO          202    i.ADC_Cmd           stm32f10x_adc.o
    0x080006f4   0x080006f4   0x0000005c   Code   RO          204    i.ADC_DeInit        stm32f10x_adc.o
    0x08000750   0x08000750   0x00000014   Code   RO          210    i.ADC_GetCalibrationStatus  stm32f10x_adc.o
    0x08000764   0x08000764   0x00000014   Code   RO          216    i.ADC_GetResetCalibrationStatus  stm32f10x_adc.o
    0x08000778   0x08000778   0x00000050   Code   RO          220    i.ADC_Init          stm32f10x_adc.o
    0x080007c8   0x080007c8   0x000000a4   Code   RO         3560    i.ADC_MQ_2_Init     mq-2.o
    0x0800086c   0x0800086c   0x0000000a   Code   RO          225    i.ADC_ResetCalibration  stm32f10x_adc.o
    0x08000876   0x08000876   0x0000000a   Code   RO          229    i.ADC_StartCalibration  stm32f10x_adc.o
    0x08000880   0x08000880   0x0000001a   Code   RO         3533    i.BH1750_Init       gy30.o
    0x0800089a   0x0800089a   0x0000002e   Code   RO         3535    i.BH1750_Write_COM  gy30.o
    0x080008c8   0x080008c8   0x0000000c   Code   RO         4525    i.ByteSwap          usb_regs.o
    0x080008d4   0x080008d4   0x00000288   Code   RO         4478    i.CTR_LP            usb_int.o
    0x08000b5c   0x08000b5c   0x00000034   Code   RO         4526    i.ClearDTOG_RX      usb_regs.o
    0x08000b90   0x08000b90   0x00000034   Code   RO         4527    i.ClearDTOG_TX      usb_regs.o
    0x08000bc4   0x08000bc4   0x00000028   Code   RO         4532    i.Clear_Status_Out  usb_regs.o
    0x08000bec   0x08000bec   0x0000004c   Code   RO         3416    i.DHT11_Check       dht11.o
    0x08000c38   0x08000c38   0x00000040   Code   RO         3417    i.DHT11_Init        dht11.o
    0x08000c78   0x08000c78   0x00000028   Code   RO         3421    i.DHT11_Rst         dht11.o
    0x08000ca0   0x08000ca0   0x000000c0   Code   RO         4335    i.DataStageIn       usb_core.o
    0x08000d60   0x08000d60   0x000000bc   Code   RO         4336    i.DataStageOut      usb_core.o
    0x08000e1c   0x08000e1c   0x00000298   Code   RO         4337    i.Data_Setup0       usb_core.o
    0x080010b4   0x080010b4   0x0000004a   Code   RO         3345    i.Delay_us          systic.o
    0x080010fe   0x080010fe   0x00000002   PAD
    0x08001100   0x08001100   0x00000090   Code   RO         4145    i.EP1_IN_Callback   usb_endp.o
    0x08001190   0x08001190   0x00000020   Code   RO         4146    i.EP3_OUT_Callback  usb_endp.o
    0x080011b0   0x080011b0   0x0000000c   Code   RO          958    i.EXTI_ClearITPendingBit  stm32f10x_exti.o
    0x080011bc   0x080011bc   0x00000094   Code   RO          963    i.EXTI_Init         stm32f10x_exti.o
    0x08001250   0x08001250   0x0000000c   Code   RO         4010    i.Enter_LowPowerMode  hw_config.o
    0x0800125c   0x0800125c   0x00000116   Code   RO         1311    i.GPIO_Init         stm32f10x_gpio.o
    0x08001372   0x08001372   0x00000002   PAD
    0x08001374   0x08001374   0x00000090   Code   RO         1313    i.GPIO_PinRemapConfig  stm32f10x_gpio.o
    0x08001404   0x08001404   0x00000012   Code   RO         1315    i.GPIO_ReadInputDataBit  stm32f10x_gpio.o
    0x08001416   0x08001416   0x00000004   Code   RO         1318    i.GPIO_ResetBits    stm32f10x_gpio.o
    0x0800141a   0x0800141a   0x00000004   Code   RO         1319    i.GPIO_SetBits      stm32f10x_gpio.o
    0x0800141e   0x0800141e   0x00000002   PAD
    0x08001420   0x08001420   0x00000020   Code   RO         4544    i.GetEPRxAddr       usb_regs.o
    0x08001440   0x08001440   0x00000024   Code   RO         4545    i.GetEPRxCount      usb_regs.o
    0x08001464   0x08001464   0x00000020   Code   RO         4547    i.GetEPTxAddr       usb_regs.o
    0x08001484   0x08001484   0x00000034   Code   RO         4011    i.Get_SerialNum     hw_config.o
    0x080014b8   0x080014b8   0x00000050   Code   RO         3464    i.IIC_Get_ACK       iic1.o
    0x08001508   0x08001508   0x00000064   Code   RO         3465    i.IIC_Init          iic1.o
    0x0800156c   0x0800156c   0x0000006c   Code   RO         3468    i.IIC_Send_Data     iic1.o
    0x080015d8   0x080015d8   0x00000040   Code   RO         3470    i.IIC_Start         iic1.o
    0x08001618   0x08001618   0x00000040   Code   RO         3471    i.IIC_Stop          iic1.o
    0x08001658   0x08001658   0x00000070   Code   RO         4338    i.In0_Process       usb_core.o
    0x080016c8   0x080016c8   0x0000003e   Code   RO         4012    i.IntToUnicode      hw_config.o
    0x08001706   0x08001706   0x00000002   PAD
    0x08001708   0x08001708   0x00000058   Code   RO         3302    i.LED_Init          led.o
    0x08001760   0x08001760   0x00000020   Code   RO         4013    i.Leave_LowPowerMode  hw_config.o
    0x08001780   0x08001780   0x00000002   Code   RO         4339    i.NOP_Process       usb_core.o
    0x08001782   0x08001782   0x00000002   PAD
    0x08001784   0x08001784   0x00000070   Code   RO          137    i.NVIC_Init         misc.o
    0x080017f4   0x080017f4   0x00000138   Code   RO         4340    i.NoData_Setup0     usb_core.o
    0x0800192c   0x0800192c   0x0000003e   Code   RO         3837    i.OLED_Clear        oled.o
    0x0800196a   0x0800196a   0x0000001c   Code   RO         3839    i.OLED_Display_On   oled.o
    0x08001986   0x08001986   0x00000002   PAD
    0x08001988   0x08001988   0x00000028   Code   RO         3841    i.OLED_IIC_Start    oled.o
    0x080019b0   0x080019b0   0x00000020   Code   RO         3842    i.OLED_IIC_Stop     oled.o
    0x080019d0   0x080019d0   0x00000018   Code   RO         3843    i.OLED_IIC_Wait_Ack  oled.o
    0x080019e8   0x080019e8   0x0000011c   Code   RO         3844    i.OLED_Init         oled.o
    0x08001b04   0x08001b04   0x00000028   Code   RO         3846    i.OLED_Set_Pos      oled.o
    0x08001b2c   0x08001b2c   0x00000068   Code   RO         3847    i.OLED_ShowCHinese  oled.o
    0x08001b94   0x08001b94   0x000000a4   Code   RO         3848    i.OLED_ShowChar     oled.o
    0x08001c38   0x08001c38   0x0000003a   Code   RO         3850    i.OLED_ShowString   oled.o
    0x08001c72   0x08001c72   0x00000018   Code   RO         3851    i.OLED_WR_Byte      oled.o
    0x08001c8a   0x08001c8a   0x00000002   PAD
    0x08001c8c   0x08001c8c   0x00000050   Code   RO         4341    i.Out0_Process      usb_core.o
    0x08001cdc   0x08001cdc   0x00000028   Code   RO         4507    i.PMAToUserBufferCopy  usb_mem.o
    0x08001d04   0x08001d04   0x00000048   Code   RO         4342    i.Post0_Process     usb_core.o
    0x08001d4c   0x08001d4c   0x00000040   Code   RO         4293    i.PowerOn           usb_pwr.o
    0x08001d8c   0x08001d8c   0x00000018   Code   RO         1725    i.RCC_ADCCLKConfig  stm32f10x_rcc.o
    0x08001da4   0x08001da4   0x00000020   Code   RO         1727    i.RCC_APB1PeriphClockCmd  stm32f10x_rcc.o
    0x08001dc4   0x08001dc4   0x00000020   Code   RO         1729    i.RCC_APB2PeriphClockCmd  stm32f10x_rcc.o
    0x08001de4   0x08001de4   0x00000020   Code   RO         1730    i.RCC_APB2PeriphResetCmd  stm32f10x_rcc.o
    0x08001e04   0x08001e04   0x000000d4   Code   RO         1737    i.RCC_GetClocksFreq  stm32f10x_rcc.o
    0x08001ed8   0x08001ed8   0x0000000c   Code   RO         1755    i.RCC_USBCLKConfig  stm32f10x_rcc.o
    0x08001ee4   0x08001ee4   0x0000002c   Code   RO         3677    i.Relay_Init        relay.o
    0x08001f10   0x08001f10   0x000000d0   Code   RO         4294    i.Resume            usb_pwr.o
    0x08001fe0   0x08001fe0   0x00000024   Code   RO         4295    i.Resume_Init       usb_pwr.o
    0x08002004   0x08002004   0x00000024   Code   RO         3472    i.SDA_IN            iic1.o
    0x08002028   0x08002028   0x00000024   Code   RO         3473    i.SDA_OUT           iic1.o
    0x0800204c   0x0800204c   0x00000030   Code   RO         4147    i.SOF_Callback      usb_endp.o
    0x0800207c   0x0800207c   0x00000010   Code   RO         4555    i.SetBTABLE         usb_regs.o
    0x0800208c   0x0800208c   0x00000050   Code   RO         4343    i.SetDeviceAddress  usb_core.o
    0x080020dc   0x080020dc   0x00000024   Code   RO         4569    i.SetEPRxAddr       usb_regs.o
    0x08002100   0x08002100   0x0000004c   Code   RO         4570    i.SetEPRxCount      usb_regs.o
    0x0800214c   0x0800214c   0x00000040   Code   RO         4571    i.SetEPRxStatus     usb_regs.o
    0x0800218c   0x0800218c   0x00000034   Code   RO         4572    i.SetEPRxValid      usb_regs.o
    0x080021c0   0x080021c0   0x00000020   Code   RO         4573    i.SetEPTxAddr       usb_regs.o
    0x080021e0   0x080021e0   0x0000001c   Code   RO         4574    i.SetEPTxCount      usb_regs.o
    0x080021fc   0x080021fc   0x00000040   Code   RO         4575    i.SetEPTxStatus     usb_regs.o
    0x0800223c   0x0800223c   0x00000034   Code   RO         4576    i.SetEPTxValid      usb_regs.o
    0x08002270   0x08002270   0x00000024   Code   RO         4577    i.SetEPType         usb_regs.o
    0x08002294   0x08002294   0x00000008   Code   RO           17    i.SetSysClock       system_stm32f10x.o
    0x0800229c   0x0800229c   0x000000e0   Code   RO           18    i.SetSysClockTo72   system_stm32f10x.o
    0x0800237c   0x0800237c   0x00000012   Code   RO         4014    i.Set_USBClock      hw_config.o
    0x0800238e   0x0800238e   0x00000002   PAD
    0x08002390   0x08002390   0x000000b8   Code   RO         4344    i.Setup0_Process    usb_core.o
    0x08002448   0x08002448   0x0000016c   Code   RO         4345    i.Standard_ClearFeature  usb_core.o
    0x080025b4   0x080025b4   0x0000002c   Code   RO         4346    i.Standard_GetConfiguration  usb_core.o
    0x080025e0   0x080025e0   0x00000024   Code   RO         4347    i.Standard_GetDescriptorData  usb_core.o
    0x08002604   0x08002604   0x0000002c   Code   RO         4348    i.Standard_GetInterface  usb_core.o
    0x08002630   0x08002630   0x00000100   Code   RO         4349    i.Standard_GetStatus  usb_core.o
    0x08002730   0x08002730   0x00000048   Code   RO         4350    i.Standard_SetConfiguration  usb_core.o
    0x08002778   0x08002778   0x00000028   Code   RO         4351    i.Standard_SetDeviceFeature  usb_core.o
    0x080027a0   0x080027a0   0x000000d0   Code   RO         4352    i.Standard_SetEndPointFeature  usb_core.o
    0x08002870   0x08002870   0x0000006c   Code   RO         4353    i.Standard_SetInterface  usb_core.o
    0x080028dc   0x080028dc   0x00000078   Code   RO         3636    i.Step_Motor_Init   step_motor.o
    0x08002954   0x08002954   0x0000009c   Code   RO         4296    i.Suspend           usb_pwr.o
    0x080029f0   0x080029f0   0x00000060   Code   RO           20    i.SystemInit        system_stm32f10x.o
    0x08002a50   0x08002a50   0x00000028   Code   RO         3611    i.TIM3_IRQHandler   time3.o
    0x08002a78   0x08002a78   0x00000078   Code   RO         3612    i.TIM3_Init         time3.o
    0x08002af0   0x08002af0   0x0000008c   Code   RO         3811    i.TIM4_IRQHandler   time4.o
    0x08002b7c   0x08002b7c   0x00000090   Code   RO         3812    i.TIM4_Int_Init     time4.o
    0x08002c0c   0x08002c0c   0x00000018   Code   RO         2349    i.TIM_ARRPreloadConfig  stm32f10x_tim.o
    0x08002c24   0x08002c24   0x00000006   Code   RO         2355    i.TIM_ClearFlag     stm32f10x_tim.o
    0x08002c2a   0x08002c2a   0x00000006   Code   RO         2356    i.TIM_ClearITPendingBit  stm32f10x_tim.o
    0x08002c30   0x08002c30   0x00000018   Code   RO         2361    i.TIM_Cmd           stm32f10x_tim.o
    0x08002c48   0x08002c48   0x00000004   Code   RO         2375    i.TIM_GenerateEvent  stm32f10x_tim.o
    0x08002c4c   0x08002c4c   0x00000022   Code   RO         2382    i.TIM_GetITStatus   stm32f10x_tim.o
    0x08002c6e   0x08002c6e   0x00000012   Code   RO         2386    i.TIM_ITConfig      stm32f10x_tim.o
    0x08002c80   0x08002c80   0x00000012   Code   RO         2417    i.TIM_SelectOnePulseMode  stm32f10x_tim.o
    0x08002c92   0x08002c92   0x00000002   PAD
    0x08002c94   0x08002c94   0x000000a4   Code   RO         2432    i.TIM_TimeBaseInit  stm32f10x_tim.o
    0x08002d38   0x08002d38   0x00000018   Code   RO         2434    i.TIM_UpdateDisableConfig  stm32f10x_tim.o
    0x08002d50   0x08002d50   0x00000018   Code   RO         2435    i.TIM_UpdateRequestConfig  stm32f10x_tim.o
    0x08002d68   0x08002d68   0x00000020   Code   RO         3378    i.USART1_IRQHandler  usart.o
    0x08002d88   0x08002d88   0x000000c0   Code   RO         3709    i.USART2_IRQHandler  zigbee.o
    0x08002e48   0x08002e48   0x0000001e   Code   RO         2894    i.USART_ClearITPendingBit  stm32f10x_usart.o
    0x08002e66   0x08002e66   0x00000018   Code   RO         2897    i.USART_Cmd         stm32f10x_usart.o
    0x08002e7e   0x08002e7e   0x00000002   PAD
    0x08002e80   0x08002e80   0x0000001c   Code   RO         4015    i.USART_Config      hw_config.o
    0x08002e9c   0x08002e9c   0x0000001a   Code   RO         2900    i.USART_GetFlagStatus  stm32f10x_usart.o
    0x08002eb6   0x08002eb6   0x00000054   Code   RO         2901    i.USART_GetITStatus  stm32f10x_usart.o
    0x08002f0a   0x08002f0a   0x0000004a   Code   RO         2903    i.USART_ITConfig    stm32f10x_usart.o
    0x08002f54   0x08002f54   0x000000d8   Code   RO         2904    i.USART_Init        stm32f10x_usart.o
    0x0800302c   0x0800302c   0x0000000a   Code   RO         2911    i.USART_ReceiveData  stm32f10x_usart.o
    0x08003036   0x08003036   0x00000008   Code   RO         2914    i.USART_SendData    stm32f10x_usart.o
    0x0800303e   0x0800303e   0x0000000c   Code   RO         4016    i.USBWakeUp_IRQHandler  hw_config.o
    0x0800304a   0x0800304a   0x00000002   Code   RO         4017    i.USB_Cable_Config  hw_config.o
    0x0800304c   0x0800304c   0x0000003c   Code   RO         4454    i.USB_Init          usb_init.o
    0x08003088   0x08003088   0x00000054   Code   RO         4018    i.USB_Interrupts_Config  hw_config.o
    0x080030dc   0x080030dc   0x000001d0   Code   RO         4173    i.USB_Istr          usb_istr.o
    0x080032ac   0x080032ac   0x00000008   Code   RO         4019    i.USB_LP_CAN1_RX0_IRQHandler  hw_config.o
    0x080032b4   0x080032b4   0x00000058   Code   RO         4020    i.USB_Port_Set      hw_config.o
    0x0800330c   0x0800330c   0x00000024   Code   RO         4885    i.USB_SIL_Init      usb_sil.o
    0x08003330   0x08003330   0x0000002e   Code   RO         4886    i.USB_SIL_Read      usb_sil.o
    0x0800335e   0x0800335e   0x00000002   PAD
    0x08003360   0x08003360   0x00000084   Code   RO         4021    i.USB_To_USART_Send_Data  hw_config.o
    0x080033e4   0x080033e4   0x00000030   Code   RO         4022    i.USB_USART_SendData  hw_config.o
    0x08003414   0x08003414   0x000000a0   Code   RO         3379    i.Usart1_Init       usart.o
    0x080034b4   0x080034b4   0x00000038   Code   RO         4508    i.UserToPMABufferCopy  usb_mem.o
    0x080034ec   0x080034ec   0x00000064   Code   RO         4191    i.Virtual_Com_Port_Data_Setup  usb_prop.o
    0x08003550   0x08003550   0x00000014   Code   RO         4192    i.Virtual_Com_Port_GetConfigDescriptor  usb_prop.o
    0x08003564   0x08003564   0x00000014   Code   RO         4193    i.Virtual_Com_Port_GetDeviceDescriptor  usb_prop.o
    0x08003578   0x08003578   0x0000001c   Code   RO         4194    i.Virtual_Com_Port_GetLineCoding  usb_prop.o
    0x08003594   0x08003594   0x00000028   Code   RO         4195    i.Virtual_Com_Port_GetStringDescriptor  usb_prop.o
    0x080035bc   0x080035bc   0x00000016   Code   RO         4196    i.Virtual_Com_Port_Get_Interface_Setting  usb_prop.o
    0x080035d2   0x080035d2   0x00000002   PAD
    0x080035d4   0x080035d4   0x00000028   Code   RO         4197    i.Virtual_Com_Port_NoData_Setup  usb_prop.o
    0x080035fc   0x080035fc   0x000000e8   Code   RO         4198    i.Virtual_Com_Port_Reset  usb_prop.o
    0x080036e4   0x080036e4   0x00000018   Code   RO         4199    i.Virtual_Com_Port_SetConfiguration  usb_prop.o
    0x080036fc   0x080036fc   0x0000000c   Code   RO         4200    i.Virtual_Com_Port_SetDeviceAddress  usb_prop.o
    0x08003708   0x08003708   0x0000001c   Code   RO         4201    i.Virtual_Com_Port_SetLineCoding  usb_prop.o
    0x08003724   0x08003724   0x0000001c   Code   RO         4202    i.Virtual_Com_Port_Status_In  usb_prop.o
    0x08003740   0x08003740   0x00000002   Code   RO         4203    i.Virtual_Com_Port_Status_Out  usb_prop.o
    0x08003742   0x08003742   0x00000002   PAD
    0x08003744   0x08003744   0x00000028   Code   RO         4204    i.Virtual_Com_Port_init  usb_prop.o
    0x0800376c   0x0800376c   0x00000054   Code   RO         3852    i.Write_IIC_Byte    oled.o
    0x080037c0   0x080037c0   0x0000002c   Code   RO         3853    i.Write_IIC_Command  oled.o
    0x080037ec   0x080037ec   0x0000002c   Code   RO         3854    i.Write_IIC_Data    oled.o
    0x08003818   0x08003818   0x00000020   Code   RO         5165    i.__0printf         mc_w.l(printfa.o)
    0x08003838   0x08003838   0x00000024   Code   RO         5171    i.__0vsprintf       mc_w.l(printfa.o)
    0x0800385c   0x0800385c   0x0000000e   Code   RO         5283    i.__scatterload_copy  mc_w.l(handlers.o)
    0x0800386a   0x0800386a   0x00000002   Code   RO         5284    i.__scatterload_null  mc_w.l(handlers.o)
    0x0800386c   0x0800386c   0x0000000e   Code   RO         5285    i.__scatterload_zeroinit  mc_w.l(handlers.o)
    0x0800387a   0x0800387a   0x00000002   PAD
    0x0800387c   0x0800387c   0x00000164   Code   RO         5172    i._fp_digits        mc_w.l(printfa.o)
    0x080039e0   0x080039e0   0x000006dc   Code   RO         5173    i._printf_core      mc_w.l(printfa.o)
    0x080040bc   0x080040bc   0x00000024   Code   RO         5174    i._printf_post_padding  mc_w.l(printfa.o)
    0x080040e0   0x080040e0   0x0000002e   Code   RO         5175    i._printf_pre_padding  mc_w.l(printfa.o)
    0x0800410e   0x0800410e   0x0000000a   Code   RO         5177    i._sputc            mc_w.l(printfa.o)
    0x08004118   0x08004118   0x0000004c   Code   RO         3347    i.delay_ms          systic.o
    0x08004164   0x08004164   0x0000004a   Code   RO         3348    i.delay_us          systic.o
    0x080041ae   0x080041ae   0x00000002   PAD
    0x080041b0   0x080041b0   0x00000024   Code   RO         3381    i.fputc             usart.o
    0x080041d4   0x080041d4   0x00000094   Code   RO         3127    i.main              main.o
    0x08004268   0x08004268   0x0000003c   Code   RO         4023    i.usb_printf        hw_config.o
    0x080042a4   0x080042a4   0x00000818   Data   RO         3857    .constdata          oled.o
    0x08004abc   0x08004abc   0x000000b1   Data   RO         4132    .constdata          usb_desc.o
    0x08004b6d   0x08004b6d   0x00000003   PAD
    0x08004b70   0x08004b70   0x00000020   Data   RO         5281    Region$$Table       anon$$obj.o


    Execution Region RW_IRAM1 (Exec base: 0x20000000, Load base: 0x08004b90, Size: 0x00001698, Max: 0x00005000, ABSOLUTE, COMPRESSED[0x000001c4])

    Exec Addr    Load Addr    Size         Type   Attr      Idx    E Section Name        Object

    0x20000000   COMPRESSED   0x00000014   Data   RW         1757    .data               stm32f10x_rcc.o
    0x20000014   COMPRESSED   0x00000001   Data   RW         3613    .data               time3.o
    0x20000015   COMPRESSED   0x000004c0   Data   RW         3858    .data               oled.o
    0x200004d5   COMPRESSED   0x00000001   PAD
    0x200004d6   COMPRESSED   0x00000002   Data   RW         4025    .data               hw_config.o
    0x200004d8   COMPRESSED   0x0000001a   Data   RW         4133    .data               usb_desc.o
    0x200004f2   COMPRESSED   0x00000002   PAD
    0x200004f4   COMPRESSED   0x00000004   Data   RW         4149    .data               usb_endp.o
    0x200004f8   COMPRESSED   0x00000044   Data   RW         4174    .data               usb_istr.o
    0x2000053c   COMPRESSED   0x00000094   Data   RW         4205    .data               usb_prop.o
    0x200005d0   COMPRESSED   0x0000000c   Data   RW         4298    .data               usb_pwr.o
    0x200005dc   COMPRESSED   0x00000003   Data   RW         4354    .data               usb_core.o
    0x200005df   COMPRESSED   0x00000001   PAD
    0x200005e0   COMPRESSED   0x00000014   Data   RW         4456    .data               usb_init.o
    0x200005f4   COMPRESSED   0x00000004   Data   RW         4479    .data               usb_int.o
    0x200005f8   COMPRESSED   0x00000004   Data   RW         5244    .data               mc_w.l(stdout.o)
    0x200005fc        -       0x0000041c   Zero   RW         3715    .bss                zigbee.o
    0x20000a18        -       0x00000804   Zero   RW         4024    .bss                hw_config.o
    0x2000121c        -       0x00000040   Zero   RW         4148    .bss                usb_endp.o
    0x2000125c        -       0x00000020   Zero   RW         4297    .bss                usb_pwr.o
    0x2000127c        -       0x0000001c   Zero   RW         4455    .bss                usb_init.o
    0x20001298        -       0x00000400   Zero   RW          130    STACK               startup_stm32f10x_md.o


==============================================================================

Image component sizes


      Code (inc. data)   RO Data    RW Data    ZI Data      Debug   Object Name

         0          0          0          0          0       4304   core_cm3.o
       180         22          0          0          0       1463   dht11.o
        72          0          0          0          0        949   gy30.o
       638         66          0          2       2052      10203   hw_config.o
       488         34          0          0          0       3223   iic1.o
        88          8          0          0          0        455   led.o
       148         14          0          0          0       3263   main.o
       112         12          0          0          0     216012   misc.o
       164          8          0          0          0        572   mq-2.o
      1032         38       2072       1216          0       8515   oled.o
        44          4          0          0          0        445   relay.o
        36          8        236          0       1024        868   startup_stm32f10x_md.o
       120          4          0          0          0        502   step_motor.o
       254         24          0          0          0       6127   stm32f10x_adc.o
       160         12          0          0          0       1649   stm32f10x_exti.o
       448          6          0          0          0       4614   stm32f10x_gpio.o
       344         50          0         20          0       6217   stm32f10x_rcc.o
       346         42          0          0          0       7066   stm32f10x_tim.o
       472          6          0          0          0       6907   stm32f10x_usart.o
       328         28          0          0          0      45929   system_stm32f10x.o
       224          4          0          0          0       1389   systic.o
       160         22          0          1          0       1194   time3.o
       284         36          0          0          0       1074   time4.o
       228         16          0          0          0       3158   usart.o
      3058        288          0          3          0      14183   usb_core.o
         0          0        177         26          0       1131   usb_desc.o
       224         20          0          4         64       2224   usb_endp.o
        60         24          0         20         28       4162   usb_init.o
       648         32          0          4          0       1816   usb_int.o
       464         38          0         68          0       1635   usb_istr.o
        96         10          0          0          0       1840   usb_mem.o
       636        104          0        148          0      11017   usb_prop.o
       464         52          0         12         32       3488   usb_pwr.o
       712        100          0          0          0       9551   usb_regs.o
        82          8          0          0          0       1526   usb_sil.o
       192         46          0          0       1052       1613   zigbee.o

    ----------------------------------------------------------------------
     13034       1186       2520       1528       4252     390284   Object Totals
         0          0         32          0          0          0   (incl. Generated)
        28          0          3          4          0          0   (incl. Padding)

    ----------------------------------------------------------------------

      Code (inc. data)   RO Data    RW Data    ZI Data      Debug   Library Member Name

        86          0          0          0          0          0   __dczerorl2.o
         0          0          0          0          0          0   entry.o
         0          0          0          0          0          0   entry10a.o
         0          0          0          0          0          0   entry11a.o
         8          4          0          0          0          0   entry2.o
         4          0          0          0          0          0   entry5.o
         0          0          0          0          0          0   entry7b.o
         0          0          0          0          0          0   entry8b.o
         8          4          0          0          0          0   entry9a.o
        30          0          0          0          0          0   handlers.o
        36          8          0          0          0         68   init.o
         0          0          0          0          0          0   iusefp.o
        30          0          0          0          0         68   llshl.o
        36          0          0          0          0         68   llsshr.o
        32          0          0          0          0         68   llushr.o
      2272         96          0          0          0        592   printfa.o
         0          0          0          4          0          0   stdout.o
        14          0          0          0          0         68   strlen.o
        36          0          0          0          0         80   strstr.o
        44          0          0          0          0         80   uidiv.o
        98          0          0          0          0         92   uldiv.o
        40          2          0          0          0         68   cdrcmple.o
       334          0          0          0          0        148   dadd.o
       222          0          0          0          0        100   ddiv.o
       182          0          0          0          0        176   depilogue.o
        48          0          0          0          0         68   dfixul.o
       228          0          0          0          0         96   dmul.o

    ----------------------------------------------------------------------
      3790        114          0          4          0       1840   Library Totals
         2          0          0          0          0          0   (incl. Padding)

    ----------------------------------------------------------------------

      Code (inc. data)   RO Data    RW Data    ZI Data      Debug   Library Name

      2734        112          0          4          0       1184   mc_w.l
      1054          2          0          0          0        656   mf_w.l

    ----------------------------------------------------------------------
      3790        114          0          4          0       1840   Library Totals

    ----------------------------------------------------------------------

==============================================================================


      Code (inc. data)   RO Data    RW Data    ZI Data      Debug   

     16824       1300       2520       1532       4252     383152   Grand Totals
     16824       1300       2520        452       4252     383152   ELF Image Totals (compressed)
     16824       1300       2520        452          0          0   ROM Totals

==============================================================================

    Total RO  Size (Code + RO Data)                19344 (  18.89kB)
    Total RW  Size (RW Data + ZI Data)              5784 (   5.65kB)
    Total ROM Size (Code + RO Data + RW Data)      19796 (  19.33kB)

==============================================================================

